Component: ARM Compiler 5.06 update 7 (build 960) Tool: armlink [4d3601]

==============================================================================

Section Cross References

    stm32f4xx_hal.o(i.HAL_DeInit) refers to stm32f4xx_hal_msp.o(i.HAL_MspDeInit) for HAL_MspDeInit
    stm32f4xx_hal.o(i.HAL_Delay) refers to stm32f4xx_hal.o(i.HAL_GetTick) for HAL_GetTick
    stm32f4xx_hal.o(i.HAL_GetTick) refers to stm32f4xx_hal.o(.data) for .data
    stm32f4xx_hal.o(i.HAL_IncTick) refers to stm32f4xx_hal.o(.data) for .data
    stm32f4xx_hal.o(i.HAL_Init) refers to stm32f4xx_hal_cortex.o(i.HAL_NVIC_SetPriorityGrouping) for HAL_NVIC_SetPriorityGrouping
    stm32f4xx_hal.o(i.HAL_Init) refers to stm32f4xx_hal.o(i.HAL_InitTick) for HAL_InitTick
    stm32f4xx_hal.o(i.HAL_Init) refers to stm32f4xx_hal_msp.o(i.HAL_MspInit) for HAL_MspInit
    stm32f4xx_hal.o(i.HAL_InitTick) refers to stm32f4xx_hal_cortex.o(i.HAL_SYSTICK_Config) for HAL_SYSTICK_Config
    stm32f4xx_hal.o(i.HAL_InitTick) refers to stm32f4xx_hal_cortex.o(i.HAL_NVIC_SetPriority) for HAL_NVIC_SetPriority
    stm32f4xx_hal.o(i.HAL_InitTick) refers to system_stm32f4xx.o(.data) for SystemCoreClock
    stm32f4xx_hal_adc.o(i.ADC_DMAConvCplt) refers to stm32f4xx_hal_adc.o(i.HAL_ADC_ConvCpltCallback) for HAL_ADC_ConvCpltCallback
    stm32f4xx_hal_adc.o(i.ADC_DMAError) refers to stm32f4xx_hal_adc.o(i.HAL_ADC_ErrorCallback) for HAL_ADC_ErrorCallback
    stm32f4xx_hal_adc.o(i.ADC_DMAHalfConvCplt) refers to stm32f4xx_hal_adc.o(i.HAL_ADC_ConvHalfCpltCallback) for HAL_ADC_ConvHalfCpltCallback
    stm32f4xx_hal_adc.o(i.HAL_ADC_ConfigChannel) refers to system_stm32f4xx.o(.data) for SystemCoreClock
    stm32f4xx_hal_adc.o(i.HAL_ADC_DeInit) refers to stm32f4xx_hal_adc.o(i.HAL_ADC_MspDeInit) for HAL_ADC_MspDeInit
    stm32f4xx_hal_adc.o(i.HAL_ADC_IRQHandler) refers to stm32f4xx_hal_adc.o(i.HAL_ADC_ConvCpltCallback) for HAL_ADC_ConvCpltCallback
    stm32f4xx_hal_adc.o(i.HAL_ADC_IRQHandler) refers to stm32f4xx_hal_adc_ex.o(i.HAL_ADCEx_InjectedConvCpltCallback) for HAL_ADCEx_InjectedConvCpltCallback
    stm32f4xx_hal_adc.o(i.HAL_ADC_IRQHandler) refers to stm32f4xx_hal_adc.o(i.HAL_ADC_LevelOutOfWindowCallback) for HAL_ADC_LevelOutOfWindowCallback
    stm32f4xx_hal_adc.o(i.HAL_ADC_IRQHandler) refers to stm32f4xx_hal_adc.o(i.HAL_ADC_ErrorCallback) for HAL_ADC_ErrorCallback
    stm32f4xx_hal_adc.o(i.HAL_ADC_Init) refers to stm32f4xx_hal_adc.o(i.HAL_ADC_MspInit) for HAL_ADC_MspInit
    stm32f4xx_hal_adc.o(i.HAL_ADC_PollForConversion) refers to stm32f4xx_hal.o(i.HAL_GetTick) for HAL_GetTick
    stm32f4xx_hal_adc.o(i.HAL_ADC_PollForEvent) refers to stm32f4xx_hal.o(i.HAL_GetTick) for HAL_GetTick
    stm32f4xx_hal_adc.o(i.HAL_ADC_Start) refers to system_stm32f4xx.o(.data) for SystemCoreClock
    stm32f4xx_hal_adc.o(i.HAL_ADC_Start_DMA) refers to stm32f4xx_hal_dma.o(i.HAL_DMA_Start_IT) for HAL_DMA_Start_IT
    stm32f4xx_hal_adc.o(i.HAL_ADC_Start_DMA) refers to system_stm32f4xx.o(.data) for SystemCoreClock
    stm32f4xx_hal_adc.o(i.HAL_ADC_Start_DMA) refers to stm32f4xx_hal_adc.o(i.ADC_DMAConvCplt) for ADC_DMAConvCplt
    stm32f4xx_hal_adc.o(i.HAL_ADC_Start_DMA) refers to stm32f4xx_hal_adc.o(i.ADC_DMAHalfConvCplt) for ADC_DMAHalfConvCplt
    stm32f4xx_hal_adc.o(i.HAL_ADC_Start_DMA) refers to stm32f4xx_hal_adc.o(i.ADC_DMAError) for ADC_DMAError
    stm32f4xx_hal_adc.o(i.HAL_ADC_Start_IT) refers to system_stm32f4xx.o(.data) for SystemCoreClock
    stm32f4xx_hal_adc.o(i.HAL_ADC_Stop_DMA) refers to stm32f4xx_hal_dma.o(i.HAL_DMA_Abort) for HAL_DMA_Abort
    stm32f4xx_hal_adc_ex.o(i.ADC_MultiModeDMAConvCplt) refers to stm32f4xx_hal_adc.o(i.HAL_ADC_ConvCpltCallback) for HAL_ADC_ConvCpltCallback
    stm32f4xx_hal_adc_ex.o(i.ADC_MultiModeDMAError) refers to stm32f4xx_hal_adc.o(i.HAL_ADC_ErrorCallback) for HAL_ADC_ErrorCallback
    stm32f4xx_hal_adc_ex.o(i.ADC_MultiModeDMAHalfConvCplt) refers to stm32f4xx_hal_adc.o(i.HAL_ADC_ConvHalfCpltCallback) for HAL_ADC_ConvHalfCpltCallback
    stm32f4xx_hal_adc_ex.o(i.HAL_ADCEx_InjectedPollForConversion) refers to stm32f4xx_hal.o(i.HAL_GetTick) for HAL_GetTick
    stm32f4xx_hal_adc_ex.o(i.HAL_ADCEx_InjectedStart) refers to system_stm32f4xx.o(.data) for SystemCoreClock
    stm32f4xx_hal_adc_ex.o(i.HAL_ADCEx_InjectedStart_IT) refers to system_stm32f4xx.o(.data) for SystemCoreClock
    stm32f4xx_hal_adc_ex.o(i.HAL_ADCEx_MultiModeStart_DMA) refers to stm32f4xx_hal_dma.o(i.HAL_DMA_Start_IT) for HAL_DMA_Start_IT
    stm32f4xx_hal_adc_ex.o(i.HAL_ADCEx_MultiModeStart_DMA) refers to system_stm32f4xx.o(.data) for SystemCoreClock
    stm32f4xx_hal_adc_ex.o(i.HAL_ADCEx_MultiModeStart_DMA) refers to stm32f4xx_hal_adc_ex.o(i.ADC_MultiModeDMAConvCplt) for ADC_MultiModeDMAConvCplt
    stm32f4xx_hal_adc_ex.o(i.HAL_ADCEx_MultiModeStart_DMA) refers to stm32f4xx_hal_adc_ex.o(i.ADC_MultiModeDMAHalfConvCplt) for ADC_MultiModeDMAHalfConvCplt
[...]
    0x08003660   0x08003660   0x00000028   Code   RO         9973    i.EXTI2_IRQHandler  stm32f4xx_it.o
    0x08003688   0x08003688   0x00000028   Code   RO        10270    i.Error_Handler     main.o
    0x080036b0   0x080036b0   0x0000001c   Code   RO        10530    i.FATFS_Init        user_task.o
    0x080036cc   0x080036cc   0x00000050   Code   RO        11914    i.FATFS_LinkDriver  ff_gen_drv.o
    0x0800371c   0x0800371c   0x0000005c   Code   RO         8175    i.FMC_SDRAM_Init    stm32f4xx_ll_fmc.o
    0x08003778   0x08003778   0x0000000c   Code   RO         8176    i.FMC_SDRAM_ProgramRefreshRate  stm32f4xx_ll_fmc.o
    0x08003784   0x08003784   0x00000052   Code   RO         8177    i.FMC_SDRAM_SendCommand  stm32f4xx_ll_fmc.o
    0x080037d6   0x080037d6   0x00000090   Code   RO         8179    i.FMC_SDRAM_Timing_Init  stm32f4xx_ll_fmc.o
    0x08003866   0x08003866   0x000000d4   Code   RO         9282    i.FillTriangle      stm32469i_discovery_lcd.o
    0x0800393a   0x0800393a   0x00000156   Code   RO        12270    i.FreqInvertRescale  imdct.o
    0x08003a90   0x08003a90   0x0000008c   Code   RO        10531    i.GBK2Unicode       user_task.o
    0x08003b1c   0x08003b1c   0x0000001e   Code   RO        10532    i.GetFontAddress    user_task.o
    0x08003b3a   0x08003b3a   0x00000002   PAD
    0x08003b3c   0x08003b3c   0x00000378   Code   RO        10836    i.Get_MusicCoverJpeg  user_jpeg.o
    0x08003eb4   0x08003eb4   0x0000000c   Code   RO        10760    i.Get_MusicFilePos  user_musicplayer.o
    0x08003ec0   0x08003ec0   0x000000d0   Code   RO         1563    i.HAL_DMA2D_ConfigLayer  stm32f4xx_hal_dma2d.o
    0x08003f90   0x08003f90   0x0000005a   Code   RO         1571    i.HAL_DMA2D_Init    stm32f4xx_hal_dma2d.o
    0x08003fea   0x08003fea   0x00000002   Code   RO         1574    i.HAL_DMA2D_MspInit  stm32f4xx_hal_dma2d.o
    0x08003fec   0x08003fec   0x0000014a   Code   RO         1575    i.HAL_DMA2D_PollForTransfer  stm32f4xx_hal_dma2d.o
    0x08004136   0x08004136   0x0000003a   Code   RO         1578    i.HAL_DMA2D_Start   stm32f4xx_hal_dma2d.o
    0x08004170   0x08004170   0x000000a6   Code   RO         1424    i.HAL_DMA_Abort     stm32f4xx_hal_dma.o
    0x08004216   0x08004216   0x00000002   PAD
    0x08004218   0x08004218   0x00000080   Code   RO         1426    i.HAL_DMA_DeInit    stm32f4xx_hal_dma.o
    0x08004298   0x08004298   0x000001e8   Code   RO         1429    i.HAL_DMA_IRQHandler  stm32f4xx_hal_dma.o
    0x08004480   0x08004480   0x00000170   Code   RO         1430    i.HAL_DMA_Init      stm32f4xx_hal_dma.o
    0x080045f0   0x080045f0   0x0000009c   Code   RO         1434    i.HAL_DMA_Start_IT  stm32f4xx_hal_dma.o
    0x0800468c   0x0800468c   0x00000094   Code   RO         1753    i.HAL_DSI_ConfigPhyTimer  stm32f4xx_hal_dsi.o
    0x08004720   0x08004720   0x000002b8   Code   RO         1754    i.HAL_DSI_ConfigVideoMode  stm32f4xx_hal_dsi.o
    0x080049d8   0x080049d8   0x00000062   Code   RO         1755    i.HAL_DSI_DeInit    stm32f4xx_hal_dsi.o
    0x08004a3a   0x08004a3a   0x00000002   PAD
    0x08004a3c   0x08004a3c   0x00000178   Code   RO         1768    i.HAL_DSI_Init      stm32f4xx_hal_dsi.o
    0x08004bb4   0x08004bb4   0x000000c2   Code   RO         1769    i.HAL_DSI_LongWrite  stm32f4xx_hal_dsi.o
    0x08004c76   0x08004c76   0x00000002   Code   RO         1770    i.HAL_DSI_MspDeInit  stm32f4xx_hal_dsi.o
    0x08004c78   0x08004c78   0x00000002   Code   RO         1771    i.HAL_DSI_MspInit   stm32f4xx_hal_dsi.o
    0x08004c7a   0x08004c7a   0x0000006e   Code   RO         1784    i.HAL_DSI_ShortWrite  stm32f4xx_hal_dsi.o
    0x08004ce8   0x08004ce8   0x0000002e   Code   RO         1786    i.HAL_DSI_Start     stm32f4xx_hal_dsi.o
    0x08004d16   0x08004d16   0x00000016   Code   RO           11    i.HAL_Delay         stm32f4xx_hal.o
    0x08004d2c   0x08004d2c   0x0000000e   Code   RO        10271    i.HAL_GPIO_EXTI_Callback  main.o
    0x08004d3a   0x08004d3a   0x00000002   PAD
    0x08004d3c   0x08004d3c   0x00000018   Code   RO         2396    i.HAL_GPIO_EXTI_IRQHandler  stm32f4xx_hal_gpio.o
    0x08004d54   0x08004d54   0x0000025c   Code   RO         2397    i.HAL_GPIO_Init     stm32f4xx_hal_gpio.o
    0x08004fb0   0x08004fb0   0x0000000a   Code   RO         2399    i.HAL_GPIO_ReadPin  stm32f4xx_hal_gpio.o
    0x08004fba   0x08004fba   0x00000008   Code   RO         2400    i.HAL_GPIO_TogglePin  stm32f4xx_hal_gpio.o
    0x08004fc2   0x08004fc2   0x0000000a   Code   RO         2401    i.HAL_GPIO_WritePin  stm32f4xx_hal_gpio.o
    0x08004fcc   0x08004fcc   0x0000000c   Code   RO           19    i.HAL_GetTick       stm32f4xx_hal.o
    0x08004fd8   0x08004fd8   0x00000036   Code   RO         2642    i.HAL_I2C_DeInit    stm32f4xx_hal_i2c.o
    0x0800500e   0x0800500e   0x00000006   Code   RO         2650    i.HAL_I2C_GetState  stm32f4xx_hal_i2c.o
    0x08005014   0x08005014   0x00000108   Code   RO         2651    i.HAL_I2C_Init      stm32f4xx_hal_i2c.o
    0x0800511c   0x0800511c   0x000002c4   Code   RO         2667    i.HAL_I2C_Mem_Read  stm32f4xx_hal_i2c.o
    0x080053e0   0x080053e0   0x000001ac   Code   RO         2670    i.HAL_I2C_Mem_Write  stm32f4xx_hal_i2c.o
    0x0800558c   0x0800558c   0x00000002   Code   RO         2673    i.HAL_I2C_MspDeInit  stm32f4xx_hal_i2c.o
    0x0800558e   0x0800558e   0x00000002   Code   RO         2674    i.HAL_I2C_MspInit   stm32f4xx_hal_i2c.o
    0x08005590   0x08005590   0x00000010   Code   RO           20    i.HAL_IncTick       stm32f4xx_hal.o
    0x080055a0   0x080055a0   0x00000034   Code   RO           21    i.HAL_Init          stm32f4xx_hal.o
    0x080055d4   0x080055d4   0x00000028   Code   RO           22    i.HAL_InitTick      stm32f4xx_hal.o
    0x080055fc   0x080055fc   0x00000058   Code   RO         3575    i.HAL_LTDC_ConfigLayer  stm32f4xx_hal_ltdc.o
    0x08005654   0x08005654   0x0000010c   Code   RO         3592    i.HAL_LTDC_Init     stm32f4xx_hal_ltdc.o
    0x08005760   0x08005760   0x00000002   Code   RO         3595    i.HAL_LTDC_MspInit  stm32f4xx_hal_ltdc.o
    0x08005762   0x08005762   0x0000005c   Code   RO         3830    i.HAL_LTDC_StructInitFromVideoConfig  stm32f4xx_hal_ltdc_ex.o
    0x080057be   0x080057be   0x00000058   Code   RO        10217    i.HAL_MspInit       stm32f4xx_hal_msp.o
    0x08005816   0x08005816   0x0000001e   Code   RO          810    i.HAL_NVIC_EnableIRQ  stm32f4xx_hal_cortex.o
    0x08005834   0x08005834   0x00000064   Code   RO          816    i.HAL_NVIC_SetPriority  stm32f4xx_hal_cortex.o
    0x08005898   0x08005898   0x00000024   Code   RO          817    i.HAL_NVIC_SetPriorityGrouping  stm32f4xx_hal_cortex.o
    0x080058bc   0x080058bc   0x00000026   Code   RO         4346    i.HAL_PCDEx_ActivateLPM  stm32f4xx_hal_pcd_ex.o
    0x080058e2   0x080058e2   0x00000002   Code   RO         4348    i.HAL_PCDEx_LPM_Callback  stm32f4xx_hal_pcd_ex.o
    0x080058e4   0x080058e4   0x00000008   Code   RO         4349    i.HAL_PCDEx_SetRxFiFo  stm32f4xx_hal_pcd_ex.o
    0x080058ec   0x080058ec   0x0000004e   Code   RO         4350    i.HAL_PCDEx_SetTxFiFo  stm32f4xx_hal_pcd_ex.o
    0x0800593a   0x0800593a   0x00000008   Code   RO        10944    i.HAL_PCD_ConnectCallback  usbd_conf.o
    0x08005942   0x08005942   0x00000012   Code   RO        10945    i.HAL_PCD_DataInStageCallback  usbd_conf.o
    0x08005954   0x08005954   0x00000014   Code   RO        10946    i.HAL_PCD_DataOutStageCallback  usbd_conf.o
    0x08005968   0x08005968   0x00000008   Code   RO        10947    i.HAL_PCD_DisconnectCallback  usbd_conf.o
    0x08005970   0x08005970   0x00000046   Code   RO         4145    i.HAL_PCD_EP_Close  stm32f4xx_hal_pcd.o
    0x080059b6   0x080059b6   0x0000004e   Code   RO         4146    i.HAL_PCD_EP_ClrStall  stm32f4xx_hal_pcd.o
    0x08005a04   0x08005a04   0x00000036   Code   RO         4147    i.HAL_PCD_EP_Flush  stm32f4xx_hal_pcd.o
    0x08005a3a   0x08005a3a   0x00000014   Code   RO         4148    i.HAL_PCD_EP_GetRxCount  stm32f4xx_hal_pcd.o
    0x08005a4e   0x08005a4e   0x00000058   Code   RO         4149    i.HAL_PCD_EP_Open   stm32f4xx_hal_pcd.o
    0x08005aa6   0x08005aa6   0x0000005e   Code   RO         4150    i.HAL_PCD_EP_Receive  stm32f4xx_hal_pcd.o
    0x08005b04   0x08005b04   0x0000005e   Code   RO         4151    i.HAL_PCD_EP_SetStall  stm32f4xx_hal_pcd.o
    0x08005b62   0x08005b62   0x00000002   PAD
    0x08005b64   0x08005b64   0x0000005a   Code   RO         4152    i.HAL_PCD_EP_Transmit  stm32f4xx_hal_pcd.o
    0x08005bbe   0x08005bbe   0x00000002   PAD
    0x08005bc0   0x08005bc0   0x00000574   Code   RO         4154    i.HAL_PCD_IRQHandler  stm32f4xx_hal_pcd.o
    0x08006134   0x08006134   0x00000008   Code   RO        10948    i.HAL_PCD_ISOINIncompleteCallback  usbd_conf.o
    0x0800613c   0x0800613c   0x00000008   Code   RO        10949    i.HAL_PCD_ISOOUTIncompleteCallback  usbd_conf.o
    0x08006144   0x08006144   0x000000e0   Code   RO         4157    i.HAL_PCD_Init      stm32f4xx_hal_pcd.o
    0x08006224   0x08006224   0x0000009c   Code   RO        10951    i.HAL_PCD_MspInit   usbd_conf.o
    0x080062c0   0x080062c0   0x00000024   Code   RO        10952    i.HAL_PCD_ResetCallback  usbd_conf.o
    0x080062e4   0x080062e4   0x00000008   Code   RO        10953    i.HAL_PCD_ResumeCallback  usbd_conf.o
    0x080062ec   0x080062ec   0x00000008   Code   RO        10954    i.HAL_PCD_SOFCallback  usbd_conf.o
    0x080062f4   0x080062f4   0x00000024   Code   RO         4163    i.HAL_PCD_SetAddress  stm32f4xx_hal_pcd.o
    0x08006318   0x08006318   0x0000000e   Code   RO        10955    i.HAL_PCD_SetupStageCallback  usbd_conf.o
    0x08006326   0x08006326   0x0000002a   Code   RO         4165    i.HAL_PCD_Start     stm32f4xx_hal_pcd.o
    0x08006350   0x08006350   0x00000008   Code   RO        10956    i.HAL_PCD_SuspendCallback  usbd_conf.o
    0x08006358   0x08006358   0x0000009c   Code   RO         4520    i.HAL_PWREx_EnableOverDrive  stm32f4xx_hal_pwr_ex.o
    0x080063f4   0x080063f4   0x0000001a   Code   RO         4401    i.HAL_PWR_EnableBkUpAccess  stm32f4xx_hal_pwr.o
    0x0800640e   0x0800640e   0x00000080   Code   RO         4598    i.HAL_QSPI_Abort    stm32f4xx_hal_qspi.o
    0x0800648e   0x0800648e   0x00000002   PAD
    0x08006490   0x08006490   0x000000b0   Code   RO         4601    i.HAL_QSPI_AutoPolling  stm32f4xx_hal_qspi.o
    0x08006540   0x08006540   0x00000092   Code   RO         4604    i.HAL_QSPI_Command  stm32f4xx_hal_qspi.o
    0x080065d2   0x080065d2   0x0000003c   Code   RO         4606    i.HAL_QSPI_DeInit   stm32f4xx_hal_qspi.o
    0x0800660e   0x0800660e   0x00000002   PAD
    0x08006610   0x08006610   0x000000bc   Code   RO         4613    i.HAL_QSPI_Init     stm32f4xx_hal_qspi.o
    0x080066cc   0x080066cc   0x00000002   Code   RO         4615    i.HAL_QSPI_MspDeInit  stm32f4xx_hal_qspi.o
    0x080066ce   0x080066ce   0x00000002   Code   RO         4616    i.HAL_QSPI_MspInit  stm32f4xx_hal_qspi.o
    0x080066d0   0x080066d0   0x000000cc   Code   RO         4617    i.HAL_QSPI_Receive  stm32f4xx_hal_qspi.o
    0x0800679c   0x0800679c   0x000000c4   Code   RO         4626    i.HAL_QSPI_Transmit  stm32f4xx_hal_qspi.o
    0x08006860   0x08006860   0x00000108   Code   RO         4957    i.HAL_RCCEx_GetPeriphCLKConfig  stm32f4xx_hal_rcc_ex.o
    0x08006968   0x08006968   0x0000043e   Code   RO         4958    i.HAL_RCCEx_PeriphCLKConfig  stm32f4xx_hal_rcc_ex.o
    0x08006da6   0x08006da6   0x00000002   PAD
    0x08006da8   0x08006da8   0x00000198   Code   RO         4853    i.HAL_RCC_ClockConfig  stm32f4xx_hal_rcc.o
    0x08006f40   0x08006f40   0x00000030   Code   RO         4860    i.HAL_RCC_GetPCLK1Freq  stm32f4xx_hal_rcc.o
    0x08006f70   0x08006f70   0x00000030   Code   RO         4861    i.HAL_RCC_GetPCLK2Freq  stm32f4xx_hal_rcc.o
    0x08006fa0   0x08006fa0   0x00000094   Code   RO         4862    i.HAL_RCC_GetSysClockFreq  stm32f4xx_hal_rcc.o
    0x08007034   0x08007034   0x000003cc   Code   RO         4962    i.HAL_RCC_OscConfig  stm32f4xx_hal_rcc_ex.o
    0x08007400   0x08007400   0x000000cc   Code   RO         5115    i.HAL_RTC_Init      stm32f4xx_hal_rtc.o
    0x080074cc   0x080074cc   0x0000006c   Code   RO        10219    i.HAL_RTC_MspInit   stm32f4xx_hal_msp.o
    0x08007538   0x08007538   0x0000012a   Code   RO         5121    i.HAL_RTC_SetDate   stm32f4xx_hal_rtc.o
    0x08007662   0x08007662   0x00000002   PAD
    0x08007664   0x08007664   0x00000148   Code   RO         5122    i.HAL_RTC_SetTime   stm32f4xx_hal_rtc.o
    0x080077ac   0x080077ac   0x00000026   Code   RO         5472    i.HAL_SAI_DMAPause  stm32f4xx_hal_sai.o
    0x080077d2   0x080077d2   0x00000038   Code   RO         5473    i.HAL_SAI_DMAResume  stm32f4xx_hal_sai.o
    0x0800780a   0x0800780a   0x0000004a   Code   RO         5474    i.HAL_SAI_DMAStop   stm32f4xx_hal_sai.o
    0x08007854   0x08007854   0x00000044   Code   RO         5475    i.HAL_SAI_DeInit    stm32f4xx_hal_sai.o
    0x08007898   0x08007898   0x00000008   Code   RO         8929    i.HAL_SAI_ErrorCallback  stm32469i_discovery_audio.o
    0x080078a0   0x080078a0   0x00000006   Code   RO         5482    i.HAL_SAI_GetState  stm32f4xx_hal_sai.o
    0x080078a6   0x080078a6   0x00000002   PAD
    0x080078a8   0x080078a8   0x0000019c   Code   RO         5484    i.HAL_SAI_Init      stm32f4xx_hal_sai.o
    0x08007a44   0x08007a44   0x00000002   Code   RO         5486    i.HAL_SAI_MspDeInit  stm32f4xx_hal_sai.o
    0x08007a46   0x08007a46   0x00000002   Code   RO         5487    i.HAL_SAI_MspInit   stm32f4xx_hal_sai.o
    0x08007a48   0x08007a48   0x000000b4   Code   RO         5494    i.HAL_SAI_Transmit_DMA  stm32f4xx_hal_sai.o
    0x08007afc   0x08007afc   0x00000008   Code   RO         8930    i.HAL_SAI_TxCpltCallback  stm32469i_discovery_audio.o
    0x08007b04   0x08007b04   0x00000008   Code   RO         8931    i.HAL_SAI_TxHalfCpltCallback  stm32469i_discovery_audio.o
    0x08007b0c   0x08007b0c   0x00000042   Code   RO         5958    i.HAL_SDRAM_Init    stm32f4xx_hal_sdram.o
    0x08007b4e   0x08007b4e   0x00000002   Code   RO         5960    i.HAL_SDRAM_MspInit  stm32f4xx_hal_sdram.o
    0x08007b50   0x08007b50   0x00000024   Code   RO         5961    i.HAL_SDRAM_ProgramRefreshRate  stm32f4xx_hal_sdram.o
    0x08007b74   0x08007b74   0x0000002e   Code   RO         5967    i.HAL_SDRAM_SendCommand  stm32f4xx_hal_sdram.o
    0x08007ba2   0x08007ba2   0x00000088   Code   RO         5751    i.HAL_SD_CheckReadOperation  stm32f4xx_hal_sd.o
    0x08007c2a   0x08007c2a   0x000000d0   Code   RO         5752    i.HAL_SD_CheckWriteOperation  stm32f4xx_hal_sd.o
    0x08007cfa   0x08007cfa   0x00000002   Code   RO         5753    i.HAL_SD_DMA_RxCpltCallback  stm32f4xx_hal_sd.o
    0x08007cfc   0x08007cfc   0x00000002   Code   RO         5754    i.HAL_SD_DMA_RxErrorCallback  stm32f4xx_hal_sd.o
    0x08007cfe   0x08007cfe   0x00000002   Code   RO         5755    i.HAL_SD_DMA_TxCpltCallback  stm32f4xx_hal_sd.o
    0x08007d00   0x08007d00   0x00000002   Code   RO         5756    i.HAL_SD_DMA_TxErrorCallback  stm32f4xx_hal_sd.o
    0x08007d02   0x08007d02   0x00000052   Code   RO         5760    i.HAL_SD_GetStatus  stm32f4xx_hal_sd.o
    0x08007d54   0x08007d54   0x000002c0   Code   RO         5761    i.HAL_SD_Get_CardInfo  stm32f4xx_hal_sd.o
    0x08008014   0x08008014   0x00000090   Code   RO         5763    i.HAL_SD_IRQHandler  stm32f4xx_hal_sd.o
    0x080080a4   0x080080a4   0x000003d4   Code   RO         5764    i.HAL_SD_Init       stm32f4xx_hal_sd.o
    0x08008478   0x08008478   0x00000002   Code   RO         5766    i.HAL_SD_MspInit    stm32f4xx_hal_sd.o
    0x0800847a   0x0800847a   0x000001dc   Code   RO         5767    i.HAL_SD_ReadBlocks  stm32f4xx_hal_sd.o
    0x08008656   0x08008656   0x00000002   PAD
    0x08008658   0x08008658   0x000000f4   Code   RO         5768    i.HAL_SD_ReadBlocks_DMA  stm32f4xx_hal_sd.o
    0x0800874c   0x0800874c   0x00000138   Code   RO         5771    i.HAL_SD_WideBusOperation_Config  stm32f4xx_hal_sd.o
    0x08008884   0x08008884   0x00000242   Code   RO         5772    i.HAL_SD_WriteBlocks  stm32f4xx_hal_sd.o
    0x08008ac6   0x08008ac6   0x00000002   PAD
    0x08008ac8   0x08008ac8   0x000000fc   Code   RO         5773    i.HAL_SD_WriteBlocks_DMA  stm32f4xx_hal_sd.o
    0x08008bc4   0x08008bc4   0x00000002   Code   RO         5774    i.HAL_SD_XferCpltCallback  stm32f4xx_hal_sd.o
    0x08008bc6   0x08008bc6   0x00000002   Code   RO         5775    i.HAL_SD_XferErrorCallback  stm32f4xx_hal_sd.o
    0x08008bc8   0x08008bc8   0x0000002c   Code   RO          821    i.HAL_SYSTICK_Config  stm32f4xx_hal_cortex.o
    0x08008bf4   0x08008bf4   0x00000062   Code   RO         7590    i.HAL_UART_Init     stm32f4xx_hal_uart.o
    0x08008c56   0x08008c56   0x00000002   PAD
    0x08008c58   0x08008c58   0x00000078   Code   RO        10221    i.HAL_UART_MspInit  stm32f4xx_hal_msp.o
    0x08008cd0   0x08008cd0   0x0000012a   Code   RO         7598    i.HAL_UART_Transmit  stm32f4xx_hal_uart.o
    0x08008dfa   0x08008dfa   0x00000002   PAD
    0x08008dfc   0x08008dfc   0x0000002c   Code   RO         9974    i.HardFault_Handler  stm32f4xx_it.o
    0x08008e28   0x08008e28   0x00000814   Code   RO        12271    i.HybridTransform   imdct.o
    0x0800963c   0x0800963c   0x000000d8   Code   RO         8726    i.I2C1_Init         stm32469i_discovery.o
    0x08009714   0x08009714   0x000000d8   Code   RO         8727    i.I2C2_Init         stm32469i_discovery.o
    0x080097ec   0x080097ec   0x00000114   Code   RO         2689    i.I2C_RequestMemoryRead  stm32f4xx_hal_i2c.o
    0x08009900   0x08009900   0x000000b4   Code   RO         2690    i.I2C_RequestMemoryWrite  stm32f4xx_hal_i2c.o
    0x080099b4   0x080099b4   0x0000009e   Code   RO         2691    i.I2C_WaitOnFlagUntilTimeout  stm32f4xx_hal_i2c.o
    0x08009a52   0x08009a52   0x000000b4   Code   RO         2692    i.I2C_WaitOnMasterAddressFlagUntilTimeout  stm32f4xx_hal_i2c.o
    0x08009b06   0x08009b06   0x0000007c   Code   RO         2693    i.I2C_WaitOnTXEFlagUntilTimeout  stm32f4xx_hal_i2c.o
    0x08009b82   0x08009b82   0x00000002   PAD
    0x08009b84   0x08009b84   0x0000002c   Code   RO        10689    i.InitMp3           user_mp3player.o
    0x08009bb0   0x08009bb0   0x0000005c   Code   RO        10838    i.Jpeg_CallbackFunction  user_jpeg.o
    0x08009c0c   0x08009c0c   0x00000022   Code   RO        10335    i.LCD_ClearZone     user_display.o
    0x08009c2e   0x08009c2e   0x00000002   PAD
    0x08009c30   0x08009c30   0x0000007c   Code   RO        10337    i.LCD_DisplayMusicInfo  user_display.o
    0x08009cac   0x08009cac   0x00000134   Code   RO        10338    i.LCD_DisplayMusicName  user_display.o
    0x08009de0   0x08009de0   0x00000168   Code   RO        10339    i.LCD_DisplayMusicTimeRate  user_display.o
    0x08009f48   0x08009f48   0x0000004c   Code   RO        10340    i.LCD_DisplayPlayButton  user_display.o
    0x08009f94   0x08009f94   0x000000a0   Code   RO        10341    i.LCD_DisplayPlayerStatus  user_display.o
    0x0800a034   0x0800a034   0x00000002   Code   RO        10342    i.LCD_DisplayRTCTime  user_display.o
    0x0800a036   0x0800a036   0x00000002   PAD
    0x0800a038   0x0800a038   0x0000010c   Code   RO        10343    i.LCD_DisplayStringAt  user_display.o
    0x0800a144   0x0800a144   0x0000005c   Code   RO        10345    i.LCD_DisplayUSB    user_display.o
    0x0800a1a0   0x0800a1a0   0x00000096   Code   RO        10347    i.LCD_DrawChar      user_display.o
    0x0800a236   0x0800a236   0x000001ae   Code   RO         3611    i.LTDC_SetConfig    stm32f4xx_hal_ltdc.o
    0x0800a3e4   0x0800a3e4   0x00000420   Code   RO        11352    i.Lrc_Parse         user_lrc.o
    0x0800a804   0x0800a804   0x00000382   Code   RO        12326    i.MP3Decode         mp3dec.o
    0x0800ab86   0x0800ab86   0x00000086   Code   RO        12327    i.MP3FindSyncWord   mp3dec.o
    0x0800ac0c   0x0800ac0c   0x00000064   Code   RO        12329    i.MP3GetLastFrameInfo  mp3dec.o
    0x0800ac70   0x0800ac70   0x00000004   Code   RO        12331    i.MP3InitDecoder    mp3dec.o
    0x0800ac74   0x0800ac74   0x0000005c   Code   RO        15206    i.MSC_BOT_CplClrFeature  usbd_msc_bot.o
    0x0800acd0   0x0800acd0   0x0000009c   Code   RO        15207    i.MSC_BOT_DataIn    usbd_msc_bot.o
    0x0800ad6c   0x0800ad6c   0x000001ac   Code   RO        15208    i.MSC_BOT_DataOut   usbd_msc_bot.o
    0x0800af18   0x0800af18   0x0000000a   Code   RO        15209    i.MSC_BOT_DeInit    usbd_msc_bot.o
    0x0800af22   0x0800af22   0x00000042   Code   RO        15210    i.MSC_BOT_Init      usbd_msc_bot.o
    0x0800af64   0x0800af64   0x00000018   Code   RO        15211    i.MSC_BOT_Reset     usbd_msc_bot.o
    0x0800af7c   0x0800af7c   0x0000003c   Code   RO        15212    i.MSC_BOT_SendCSW   usbd_msc_bot.o
    0x0800afb8   0x0800afb8   0x00000018   Code   RO         9975    i.MemManage_Handler  stm32f4xx_it.o
    0x0800afd0   0x0800afd0   0x0000025c   Code   RO        10442    i.Menu_prase        user_menu.o
    0x0800b22c   0x0800b22c   0x00000070   Code   RO        10533    i.MonitorUSBOperation  user_task.o
    0x0800b29c   0x0800b29c   0x00000050   Code   RO        10534    i.MountFat32FileSystem  user_task.o
    0x0800b2ec   0x0800b2ec   0x000000e4   Code   RO        10691    i.Mp3Play_init      user_mp3player.o
    0x0800b3d0   0x0800b3d0   0x00000098   Code   RO        10692    i.Mp3_GetID3V2      user_mp3player.o
    0x0800b468   0x0800b468   0x00000040   Code   RO        10693    i.Mp3_PlayStart     user_mp3player.o
    0x0800b4a8   0x0800b4a8   0x000000e8   Code   RO        10694    i.Mp3_SubDecode     user_mp3player.o
    0x0800b590   0x0800b590   0x00000014   Code   RO         9976    i.NMI_Handler       stm32f4xx_it.o
    0x0800b5a4   0x0800b5a4   0x0000000c   Code   RO         9977    i.OTG_FS_IRQHandler  stm32f4xx_it.o
    0x0800b5b0   0x0800b5b0   0x00000004   Code   RO         8728    i.OTM8009A_IO_Delay  stm32469i_discovery.o
    0x0800b5b4   0x0800b5b4   0x00000478   Code   RO        11504    i.OTM8009A_Init     otm8009a.o
    0x0800ba2c   0x0800ba2c   0x00000018   Code   RO         9978    i.PendSV_Handler    stm32f4xx_it.o
    0x0800ba44   0x0800ba44   0x0000004a   Code   RO         9595    i.QSPI_AutoPollingMemReady  stm32469i_discovery_qspi.o
    0x0800ba8e   0x0800ba8e   0x00000246   Code   RO         4631    i.QSPI_Config       stm32f4xx_hal_qspi.o
    0x0800bcd4   0x0800bcd4   0x00000058   Code   RO         4638    i.QSPI_WaitFlagStateUntilTimeout  stm32f4xx_hal_qspi.o
    0x0800bd2c   0x0800bd2c   0x00000068   Code   RO         9596    i.QSPI_WriteEnable  stm32469i_discovery_qspi.o
    0x0800bd94   0x0800bd94   0x00000030   Code   RO         5125    i.RTC_ByteToBcd2    stm32f4xx_hal_rtc.o
    0x0800bdc4   0x0800bdc4   0x00000044   Code   RO        11306    i.RTC_Init          user_init.o
    0x0800be08   0x0800be08   0x00000020   Code   RO         5721    i.SAI_BlockSynchroConfig  stm32f4xx_hal_sai_ex.o
    0x0800be28   0x0800be28   0x00000044   Code   RO         5499    i.SAI_DMAError      stm32f4xx_hal_sai.o
    0x0800be6c   0x0800be6c   0x00000040   Code   RO         5502    i.SAI_DMATxCplt     stm32f4xx_hal_sai.o
    0x0800beac   0x0800beac   0x0000000a   Code   RO         5503    i.SAI_DMATxHalfCplt  stm32f4xx_hal_sai.o
    0x0800beb6   0x0800beb6   0x00000002   PAD
    0x0800beb8   0x0800beb8   0x00000044   Code   RO         5504    i.SAI_Disable       stm32f4xx_hal_sai.o
    0x0800befc   0x0800befc   0x000000b8   Code   RO         5722    i.SAI_GetInputClock  stm32f4xx_hal_sai_ex.o
    0x0800bfb4   0x0800bfb4   0x00000032   Code   RO         5505    i.SAI_InterruptFlag  stm32f4xx_hal_sai.o
    0x0800bfe6   0x0800bfe6   0x00000002   PAD
    0x0800bfe8   0x0800bfe8   0x000007e2   Code   RO        15292    i.SCSI_ProcessCmd   usbd_msc_scsi.o
    0x0800c7ca   0x0800c7ca   0x00000036   Code   RO        15293    i.SCSI_SenseCode    usbd_msc_scsi.o
    0x0800c800   0x0800c800   0x00000024   Code   RO         8328    i.SDIO_DataConfig   stm32f4xx_ll_sdmmc.o
    0x0800c824   0x0800c824   0x00000006   Code   RO         8329    i.SDIO_GetCommandResponse  stm32f4xx_ll_sdmmc.o
    0x0800c82a   0x0800c82a   0x00000008   Code   RO         8332    i.SDIO_GetPowerState  stm32f4xx_ll_sdmmc.o
    0x0800c832   0x0800c832   0x00000002   PAD
    0x0800c834   0x0800c834   0x00000014   Code   RO         8333    i.SDIO_GetResponse  stm32f4xx_ll_sdmmc.o
    0x0800c848   0x0800c848   0x00000004   Code   RO         9979    i.SDIO_IRQHandler   stm32f4xx_it.o
    0x0800c84c   0x0800c84c   0x0000002c   Code   RO         8334    i.SDIO_Init         stm32f4xx_ll_sdmmc.o
    0x0800c878   0x0800c878   0x00000008   Code   RO         8336    i.SDIO_PowerState_ON  stm32f4xx_ll_sdmmc.o
    0x0800c880   0x0800c880   0x00000006   Code   RO         8337    i.SDIO_ReadFIFO     stm32f4xx_ll_sdmmc.o
    0x0800c886   0x0800c886   0x00000020   Code   RO         8338    i.SDIO_SendCommand  stm32f4xx_ll_sdmmc.o
    0x0800c8a6   0x0800c8a6   0x0000000a   Code   RO         8340    i.SDIO_WriteFIFO    stm32f4xx_ll_sdmmc.o
    0x0800c8b0   0x0800c8b0   0x00000114   Code   RO         5776    i.SD_CmdResp1Error  stm32f4xx_hal_sd.o
    0x0800c9c4   0x0800c9c4   0x0000001a   Code   RO         5777    i.SD_DMA_RxCplt     stm32f4xx_hal_sd.o
    0x0800c9de   0x0800c9de   0x0000000c   Code   RO         5778    i.SD_DMA_RxError    stm32f4xx_hal_sd.o
    0x0800c9ea   0x0800c9ea   0x0000001a   Code   RO         5779    i.SD_DMA_TxCplt     stm32f4xx_hal_sd.o
    0x0800ca04   0x0800ca04   0x0000000c   Code   RO         5780    i.SD_DMA_TxError    stm32f4xx_hal_sd.o
    0x0800ca10   0x0800ca10   0x00000024   Code   RO        10535    i.SD_Error_Handler  user_task.o
    0x0800ca34   0x0800ca34   0x0000012c   Code   RO         5781    i.SD_FindSCR        stm32f4xx_hal_sd.o
    0x0800cb60   0x0800cb60   0x00000194   Code   RO         5782    i.SD_IsCardProgramming  stm32f4xx_hal_sd.o
    0x0800ccf4   0x0800ccf4   0x00000020   Code   RO        12056    i.SD_initialize     sd_diskio.o
    0x0800cd14   0x0800cd14   0x00000054   Code   RO        12057    i.SD_ioctl          sd_diskio.o
    0x0800cd68   0x0800cd68   0x00000024   Code   RO        12058    i.SD_read           sd_diskio.o
    0x0800cd8c   0x0800cd8c   0x00000020   Code   RO        12059    i.SD_status         sd_diskio.o
    0x0800cdac   0x0800cdac   0x00000024   Code   RO        12060    i.SD_write          sd_diskio.o
    0x0800cdd0   0x0800cdd0   0x00000036   Code   RO        11201    i.STORAGE_GetCapacity  usbd_storage.o
    0x0800ce06   0x0800ce06   0x00000004   Code   RO        11202    i.STORAGE_GetMaxLun  usbd_storage.o
    0x0800ce0a   0x0800ce0a   0x00000002   PAD
    0x0800ce0c   0x0800ce0c   0x0000001c   Code   RO        11203    i.STORAGE_Init      usbd_storage.o
    0x0800ce28   0x0800ce28   0x00000040   Code   RO        11204    i.STORAGE_IsReady   usbd_storage.o
    0x0800ce68   0x0800ce68   0x00000004   Code   RO        11205    i.STORAGE_IsWriteProtected  usbd_storage.o
    0x0800ce6c   0x0800ce6c   0x0000002e   Code   RO        11206    i.STORAGE_Read      usbd_storage.o
    0x0800ce9a   0x0800ce9a   0x0000002e   Code   RO        11207    i.STORAGE_Write     usbd_storage.o
    0x0800cec8   0x0800cec8   0x00000014   Code   RO         9980    i.SVC_Handler       stm32f4xx_it.o
    0x0800cedc   0x0800cedc   0x000001b8   Code   RO        10536    i.Scan_MusicFile    user_task.o
    0x0800d094   0x0800d094   0x00000088   Code   RO        10537    i.Set_Time          user_task.o
    0x0800d11c   0x0800d11c   0x00000068   Code   RO        10840    i.Show_MusicJPEG    user_jpeg.o
    0x0800d184   0x0800d184   0x0000000e   Code   RO         9981    i.SysTick_Handler   stm32f4xx_it.o
    0x0800d192   0x0800d192   0x00000002   PAD
    0x0800d194   0x0800d194   0x00000058   Code   RO        11607    i.SystemInit        system_stm32f4xx.o
    0x0800d1ec   0x0800d1ec   0x0000012c   Code   RO        11307    i.System_Init       user_init.o
    0x0800d318   0x0800d318   0x0000004c   Code   RO        10272    i.System_Timercnt   main.o
    0x0800d364   0x0800d364   0x00000004   Code   RO         8730    i.TS_IO_Init        stm32469i_discovery.o
    0x0800d368   0x0800d368   0x0000003c   Code   RO         8731    i.TS_IO_Read        stm32469i_discovery.o
    0x0800d3a4   0x0800d3a4   0x00000038   Code   RO         8732    i.TS_IO_ReadMultiple  stm32469i_discovery.o
    0x0800d3dc   0x0800d3dc   0x00000040   Code   RO         8733    i.TS_IO_Write       stm32469i_discovery.o
    0x0800d41c   0x0800d41c   0x00000344   Code   RO         7613    i.UART_SetConfig    stm32f4xx_hal_uart.o
    0x0800d760   0x0800d760   0x00000064   Code   RO         7614    i.UART_WaitOnFlagUntilTimeout  stm32f4xx_hal_uart.o
    0x0800d7c4   0x0800d7c4   0x0000000e   Code   RO        14868    i.USBD_ClrClassConfig  usbd_core.o
    0x0800d7d2   0x0800d7d2   0x00000010   Code   RO        15061    i.USBD_CtlContinueRx  usbd_ioreq.o
    0x0800d7e2   0x0800d7e2   0x00000010   Code   RO        15062    i.USBD_CtlContinueSendData  usbd_ioreq.o
    0x0800d7f2   0x0800d7f2   0x00000016   Code   RO        15006    i.USBD_CtlError     usbd_ctlreq.o
    0x0800d808   0x0800d808   0x00000016   Code   RO        15064    i.USBD_CtlReceiveStatus  usbd_ioreq.o
    0x0800d81e   0x0800d81e   0x0000001a   Code   RO        15065    i.USBD_CtlSendData  usbd_ioreq.o
    0x0800d838   0x0800d838   0x00000016   Code   RO        15066    i.USBD_CtlSendStatus  usbd_ioreq.o
    0x0800d84e   0x0800d84e   0x00000002   PAD
    0x0800d850   0x0800d850   0x00000068   Code   RO        15007    i.USBD_GetString    usbd_ctlreq.o
    0x0800d8b8   0x0800d8b8   0x00000064   Code   RO        14870    i.USBD_Init         usbd_core.o
    0x0800d91c   0x0800d91c   0x0000000e   Code   RO        10957    i.USBD_LL_ClearStallEP  usbd_conf.o
    0x0800d92a   0x0800d92a   0x0000000e   Code   RO        10958    i.USBD_LL_CloseEP   usbd_conf.o
    0x0800d938   0x0800d938   0x000000b0   Code   RO        14871    i.USBD_LL_DataInStage  usbd_core.o
    0x0800d9e8   0x0800d9e8   0x0000006a   Code   RO        14872    i.USBD_LL_DataOutStage  usbd_core.o
    0x0800da52   0x0800da52   0x00000004   Code   RO        14873    i.USBD_LL_DevConnected  usbd_core.o
    0x0800da56   0x0800da56   0x00000016   Code   RO        14874    i.USBD_LL_DevDisconnected  usbd_core.o
    0x0800da6c   0x0800da6c   0x0000000e   Code   RO        10961    i.USBD_LL_FlushEP   usbd_conf.o
    0x0800da7a   0x0800da7a   0x00000008   Code   RO        10962    i.USBD_LL_GetRxDataSize  usbd_conf.o
    0x0800da82   0x0800da82   0x00000002   PAD
    0x0800da84   0x0800da84   0x0000005c   Code   RO        10963    i.USBD_LL_Init      usbd_conf.o
    0x0800dae0   0x0800dae0   0x00000020   Code   RO        10964    i.USBD_LL_IsStallEP  usbd_conf.o
    0x0800db00   0x0800db00   0x00000004   Code   RO        14875    i.USBD_LL_IsoINIncomplete  usbd_core.o
    0x0800db04   0x0800db04   0x00000004   Code   RO        14876    i.USBD_LL_IsoOUTIncomplete  usbd_core.o
    0x0800db08   0x0800db08   0x00000014   Code   RO        10965    i.USBD_LL_OpenEP    usbd_conf.o
    0x0800db1c   0x0800db1c   0x0000000e   Code   RO        10966    i.USBD_LL_PrepareReceive  usbd_conf.o
    0x0800db2a   0x0800db2a   0x0000003e   Code   RO        14877    i.USBD_LL_Reset     usbd_core.o
    0x0800db68   0x0800db68   0x0000000c   Code   RO        14878    i.USBD_LL_Resume    usbd_core.o
    0x0800db74   0x0800db74   0x0000001a   Code   RO        14879    i.USBD_LL_SOF       usbd_core.o
    0x0800db8e   0x0800db8e   0x00000006   Code   RO        14880    i.USBD_LL_SetSpeed  usbd_core.o
    0x0800db94   0x0800db94   0x0000000e   Code   RO        10967    i.USBD_LL_SetUSBAddress  usbd_conf.o
    0x0800dba2   0x0800dba2   0x0000005e   Code   RO        14881    i.USBD_LL_SetupStage  usbd_core.o
    0x0800dc00   0x0800dc00   0x0000000e   Code   RO        10968    i.USBD_LL_StallEP   usbd_conf.o
    0x0800dc0e   0x0800dc0e   0x0000000e   Code   RO        10969    i.USBD_LL_Start     usbd_conf.o
    0x0800dc1c   0x0800dc1c   0x00000012   Code   RO        14882    i.USBD_LL_Suspend   usbd_core.o
    0x0800dc2e   0x0800dc2e   0x0000000e   Code   RO        10971    i.USBD_LL_Transmit  usbd_conf.o
    0x0800dc3c   0x0800dc3c   0x00000020   Code   RO        11133    i.USBD_MSC_ConfigStrDescriptor  usbd_desc.o
    0x0800dc5c   0x0800dc5c   0x0000000a   Code   RO        15121    i.USBD_MSC_DataIn   usbd_msc.o
    0x0800dc66   0x0800dc66   0x0000000a   Code   RO        15122    i.USBD_MSC_DataOut  usbd_msc.o
    0x0800dc70   0x0800dc70   0x0000002c   Code   RO        15123    i.USBD_MSC_DeInit   usbd_msc.o
    0x0800dc9c   0x0800dc9c   0x0000000c   Code   RO        11134    i.USBD_MSC_DeviceDescriptor  usbd_desc.o
    0x0800dca8   0x0800dca8   0x0000000c   Code   RO        15124    i.USBD_MSC_GetDeviceQualifierDescriptor  usbd_msc.o
    0x0800dcb4   0x0800dcb4   0x0000000c   Code   RO        15125    i.USBD_MSC_GetFSCfgDesc  usbd_msc.o
    0x0800dcc0   0x0800dcc0   0x0000000c   Code   RO        15126    i.USBD_MSC_GetHSCfgDesc  usbd_msc.o
    0x0800dccc   0x0800dccc   0x0000000c   Code   RO        15127    i.USBD_MSC_GetOtherSpeedCfgDesc  usbd_msc.o
    0x0800dcd8   0x0800dcd8   0x0000005e   Code   RO        15128    i.USBD_MSC_Init     usbd_msc.o
    0x0800dd36   0x0800dd36   0x00000002   PAD
    0x0800dd38   0x0800dd38   0x00000024   Code   RO        11135    i.USBD_MSC_InterfaceStrDescriptor  usbd_desc.o
    0x0800dd5c   0x0800dd5c   0x0000000c   Code   RO        11136    i.USBD_MSC_LangIDStrDescriptor  usbd_desc.o
    0x0800dd68   0x0800dd68   0x00000028   Code   RO        11137    i.USBD_MSC_ManufacturerStrDescriptor  usbd_desc.o
    0x0800dd90   0x0800dd90   0x0000004c   Code   RO        11138    i.USBD_MSC_ProductStrDescriptor  usbd_desc.o
    0x0800dddc   0x0800dddc   0x0000000c   Code   RO        15129    i.USBD_MSC_RegisterStorage  usbd_msc.o
    0x0800dde8   0x0800dde8   0x00000084   Code   RO        11139    i.USBD_MSC_SerialStrDescriptor  usbd_desc.o
    0x0800de6c   0x0800de6c   0x000000f6   Code   RO        15130    i.USBD_MSC_Setup    usbd_msc.o
    0x0800df62   0x0800df62   0x00000028   Code   RO        15008    i.USBD_ParseSetupRequest  usbd_ctlreq.o
    0x0800df8a   0x0800df8a   0x00000002   PAD
    0x0800df8c   0x0800df8c   0x0000004c   Code   RO        14883    i.USBD_RegisterClass  usbd_core.o
    0x0800dfd8   0x0800dfd8   0x00000018   Code   RO        14885    i.USBD_SetClassConfig  usbd_core.o
    0x0800dff0   0x0800dff0   0x0000000a   Code   RO        14886    i.USBD_Start        usbd_core.o
    0x0800dffa   0x0800dffa   0x00000002   PAD
    0x0800dffc   0x0800dffc   0x00000290   Code   RO        15009    i.USBD_StdDevReq    usbd_ctlreq.o
    0x0800e28c   0x0800e28c   0x0000010a   Code   RO        15010    i.USBD_StdEPReq     usbd_ctlreq.o
    0x0800e396   0x0800e396   0x00000040   Code   RO        15011    i.USBD_StdItfReq    usbd_ctlreq.o
    0x0800e3d6   0x0800e3d6   0x00000002   PAD
    0x0800e3d8   0x0800e3d8   0x00000090   Code   RO         8425    i.USB_ActivateEndpoint  stm32f4xx_ll_usb.o
    0x0800e468   0x0800e468   0x00000034   Code   RO         8426    i.USB_ActivateSetup  stm32f4xx_ll_usb.o
    0x0800e49c   0x0800e49c   0x000000b4   Code   RO         8428    i.USB_CoreInit      stm32f4xx_ll_usb.o
    0x0800e550   0x0800e550   0x0000007c   Code   RO         8430    i.USB_DeactivateEndpoint  stm32f4xx_ll_usb.o
    0x0800e5cc   0x0800e5cc   0x0000001c   Code   RO        10538    i.USB_Debug         user_task.o
    0x0800e5e8   0x0800e5e8   0x00000018   Code   RO         8431    i.USB_DevConnect    stm32f4xx_ll_usb.o
    0x0800e600   0x0800e600   0x00000018   Code   RO         8432    i.USB_DevDisconnect  stm32f4xx_ll_usb.o
    0x0800e618   0x0800e618   0x00000188   Code   RO         8433    i.USB_DevInit       stm32f4xx_ll_usb.o
    0x0800e7a0   0x0800e7a0   0x0000000c   Code   RO         8434    i.USB_DisableGlobalInt  stm32f4xx_ll_usb.o
    0x0800e7ac   0x0800e7ac   0x00000158   Code   RO         8437    i.USB_EP0StartXfer  stm32f4xx_ll_usb.o
    0x0800e904   0x0800e904   0x0000003e   Code   RO         8438    i.USB_EP0_OutStart  stm32f4xx_ll_usb.o
    0x0800e942   0x0800e942   0x00000066   Code   RO         8439    i.USB_EPClearStall  stm32f4xx_ll_usb.o
    0x0800e9a8   0x0800e9a8   0x00000064   Code   RO         8440    i.USB_EPSetStall    stm32f4xx_ll_usb.o
    0x0800ea0c   0x0800ea0c   0x00000274   Code   RO         8441    i.USB_EPStartXfer   stm32f4xx_ll_usb.o
    0x0800ec80   0x0800ec80   0x0000000c   Code   RO         8442    i.USB_EnableGlobalInt  stm32f4xx_ll_usb.o
    0x0800ec8c   0x0800ec8c   0x00000024   Code   RO         8443    i.USB_FlushRxFifo   stm32f4xx_ll_usb.o
    0x0800ecb0   0x0800ecb0   0x00000028   Code   RO         8444    i.USB_FlushTxFifo   stm32f4xx_ll_usb.o
    0x0800ecd8   0x0800ecd8   0x0000003a   Code   RO         8446    i.USB_GetDevSpeed   stm32f4xx_ll_usb.o
    0x0800ed12   0x0800ed12   0x00000008   Code   RO         8448    i.USB_GetMode       stm32f4xx_ll_usb.o
    0x0800ed1a   0x0800ed1a   0x00000002   PAD
    0x0800ed1c   0x0800ed1c   0x000000c0   Code   RO        11308    i.USB_Init          user_init.o
    0x0800eddc   0x0800eddc   0x0000000e   Code   RO         8455    i.USB_ReadDevAllInEpInterrupt  stm32f4xx_ll_usb.o
    0x0800edea   0x0800edea   0x0000000e   Code   RO         8456    i.USB_ReadDevAllOutEpInterrupt  stm32f4xx_ll_usb.o
    0x0800edf8   0x0800edf8   0x0000001e   Code   RO         8457    i.USB_ReadDevInEPInterrupt  stm32f4xx_ll_usb.o
    0x0800ee16   0x0800ee16   0x00000010   Code   RO         8458    i.USB_ReadDevOutEPInterrupt  stm32f4xx_ll_usb.o
    0x0800ee26   0x0800ee26   0x00000008   Code   RO         8459    i.USB_ReadInterrupts  stm32f4xx_ll_usb.o
    0x0800ee2e   0x0800ee2e   0x00000002   PAD
    0x0800ee30   0x0800ee30   0x0000003a   Code   RO         8460    i.USB_ReadPacket    stm32f4xx_ll_usb.o
    0x0800ee6a   0x0800ee6a   0x0000002e   Code   RO         8462    i.USB_SetCurrentMode  stm32f4xx_ll_usb.o
    0x0800ee98   0x0800ee98   0x00000022   Code   RO         8463    i.USB_SetDevAddress  stm32f4xx_ll_usb.o
    0x0800eeba   0x0800eeba   0x00000002   PAD
    0x0800eebc   0x0800eebc   0x00000042   Code   RO         8467    i.USB_WritePacket   stm32f4xx_ll_usb.o
    0x0800eefe   0x0800eefe   0x00000002   PAD
    0x0800ef00   0x0800ef00   0x0000001c   Code   RO         9982    i.UsageFault_Handler  stm32f4xx_it.o
    0x0800ef1c   0x0800ef1c   0x00000134   Code   RO        12272    i.WinPrevious       imdct.o
    0x0800f050   0x0800f050   0x00000020   Code   RO        15638    i.__0printf         mc_w.l(printfa.o)
    0x0800f070   0x0800f070   0x00000028   Code   RO        15640    i.__0sprintf        mc_w.l(printfa.o)
    0x0800f098   0x0800f098   0x0000000a   Code   RO        10886    i.__ARM_common_memcpy4_5  user_jpeg.o
    0x0800f0a2   0x0800f0a2   0x0000000e   Code   RO        15815    i.__scatterload_copy  mc_w.l(handlers.o)
    0x0800f0b0   0x0800f0b0   0x00000002   Code   RO        15816    i.__scatterload_null  mc_w.l(handlers.o)
    0x0800f0b2   0x0800f0b2   0x0000000e   Code   RO        15817    i.__scatterload_zeroinit  mc_w.l(handlers.o)
    0x0800f0c0   0x0800f0c0   0x00000184   Code   RO        15645    i._fp_digits        mc_w.l(printfa.o)
    0x0800f244   0x0800f244   0x000006b4   Code   RO        15646    i._printf_core      mc_w.l(printfa.o)
    0x0800f8f8   0x0800f8f8   0x00000024   Code   RO        15647    i._printf_post_padding  mc_w.l(printfa.o)
    0x0800f91c   0x0800f91c   0x0000002e   Code   RO        15648    i._printf_pre_padding  mc_w.l(printfa.o)
    0x0800f94a   0x0800f94a   0x0000000a   Code   RO        15650    i._sputc            mc_w.l(printfa.o)
    0x0800f954   0x0800f954   0x0000020c   Code   RO        14505    i.access_virt_barray  jmemmgr.o
    0x0800fb60   0x0800fb60   0x00000206   Code   RO        14506    i.access_virt_sarray  jmemmgr.o
    0x0800fd66   0x0800fd66   0x00000148   Code   RO        14507    i.alloc_barray      jmemmgr.o
    0x0800feae   0x0800feae   0x00000096   Code   RO        14508    i.alloc_large       jmemmgr.o
    0x0800ff44   0x0800ff44   0x00000126   Code   RO        14509    i.alloc_sarray      jmemmgr.o
    0x0801006a   0x0801006a   0x00000002   PAD
    0x0801006c   0x0801006c   0x00000108   Code   RO        14510    i.alloc_small       jmemmgr.o
    0x08010174   0x08010174   0x00000124   Code   RO        13506    i.arith_decode      jdarith.o
    0x08010298   0x08010298   0x00000038   Code   RO        11355    i.clear_Lrc_buff    user_lrc.o
    0x080102d0   0x080102d0   0x00000098   Code   RO        14596    i.color_quantize    jquant1.o
    0x08010368   0x08010368   0x00000068   Code   RO        14597    i.color_quantize3   jquant1.o
    0x080103d0   0x080103d0   0x0000042c   Code   RO        13921    i.consume_markers   jdinput.o
    0x080107fc   0x080107fc   0x000000b6   Code   RO        11645    i.create_chain      ff.o
    0x080108b2   0x080108b2   0x00000002   PAD
    0x080108b4   0x080108b4   0x000000e2   Code   RO        14598    i.create_colorindex  jquant1.o
    0x08010996   0x08010996   0x00000004   Code   RO        11415    i.cs43l22_DeInit    cs43l22.o
    0x0801099a   0x0801099a   0x00000002   PAD
    0x0801099c   0x0801099c   0x00000114   Code   RO        11416    i.cs43l22_Init      cs43l22.o
    0x08010ab0   0x08010ab0   0x0000001a   Code   RO        11417    i.cs43l22_Pause     cs43l22.o
    0x08010aca   0x08010aca   0x00000002   PAD
    0x08010acc   0x08010acc   0x0000003c   Code   RO        11418    i.cs43l22_Play      cs43l22.o
    0x08010b08   0x08010b08   0x00000016   Code   RO        11419    i.cs43l22_ReadID    cs43l22.o
    0x08010b1e   0x08010b1e   0x00000004   Code   RO        11420    i.cs43l22_Reset     cs43l22.o
    0x08010b22   0x08010b22   0x00000002   PAD
    0x08010b24   0x08010b24   0x0000003c   Code   RO        11421    i.cs43l22_Resume    cs43l22.o
    0x08010b60   0x08010b60   0x00000004   Code   RO        11422    i.cs43l22_SetFrequency  cs43l22.o
    0x08010b64   0x08010b64   0x00000050   Code   RO        11423    i.cs43l22_SetMute   cs43l22.o
    0x08010bb4   0x08010bb4   0x00000058   Code   RO        11424    i.cs43l22_SetOutputMode  cs43l22.o
    0x08010c0c   0x08010c0c   0x0000005a   Code   RO        11425    i.cs43l22_SetVolume  cs43l22.o
    0x08010c66   0x08010c66   0x00000002   PAD
    0x08010c68   0x08010c68   0x00000030   Code   RO        11426    i.cs43l22_Stop      cs43l22.o
    0x08010c98   0x08010c98   0x00000246   Code   RO        13507    i.decode_mcu        jdarith.o
    0x08010ede   0x08010ede   0x00000002   PAD
    0x08010ee0   0x08010ee0   0x00000300   Code   RO        13840    i.decode_mcu        jdhuff.o
    0x080111e0   0x080111e0   0x00000152   Code   RO        13508    i.decode_mcu_AC_first  jdarith.o
    0x08011332   0x08011332   0x00000002   PAD
    0x08011334   0x08011334   0x00000194   Code   RO        13841    i.decode_mcu_AC_first  jdhuff.o
    0x080114c8   0x080114c8   0x0000016a   Code   RO        13509    i.decode_mcu_AC_refine  jdarith.o
    0x08011632   0x08011632   0x00000002   PAD
    0x08011634   0x08011634   0x000002ec   Code   RO        13842    i.decode_mcu_AC_refine  jdhuff.o
    0x08011920   0x08011920   0x00000166   Code   RO        13510    i.decode_mcu_DC_first  jdarith.o
    0x08011a86   0x08011a86   0x00000002   PAD
    0x08011a88   0x08011a88   0x0000016c   Code   RO        13843    i.decode_mcu_DC_first  jdhuff.o
    0x08011bf4   0x08011bf4   0x00000060   Code   RO        13511    i.decode_mcu_DC_refine  jdarith.o
    0x08011c54   0x08011c54   0x000000a6   Code   RO        13844    i.decode_mcu_DC_refine  jdhuff.o
    0x08011cfa   0x08011cfa   0x00000002   PAD
    0x08011cfc   0x08011cfc   0x00000300   Code   RO        13845    i.decode_mcu_sub    jdhuff.o
    0x08011ffc   0x08011ffc   0x000001d6   Code   RO        13702    i.decompress_onepass  jdcoefct.o
    0x080121d2   0x080121d2   0x00000002   PAD
    0x080121d4   0x080121d4   0x000001b0   Code   RO        11646    i.dir_find          ff.o
    0x08012384   0x08012384   0x000001aa   Code   RO        11647    i.dir_next          ff.o
    0x0801252e   0x0801252e   0x00000002   PAD
    0x08012530   0x08012530   0x0000016c   Code   RO        11648    i.dir_read          ff.o
    0x0801269c   0x0801269c   0x00000358   Code   RO        11649    i.dir_register      ff.o
    0x080129f4   0x080129f4   0x000000b6   Code   RO        11650    i.dir_sdi           ff.o
    0x08012aaa   0x08012aaa   0x00000002   PAD
    0x08012aac   0x08012aac   0x00000028   Code   RO        11963    i.disk_initialize   diskio.o
    0x08012ad4   0x08012ad4   0x0000001c   Code   RO        11964    i.disk_ioctl        diskio.o
    0x08012af0   0x08012af0   0x00000020   Code   RO        11965    i.disk_read         diskio.o
    0x08012b10   0x08012b10   0x00000018   Code   RO        11966    i.disk_status       diskio.o
    0x08012b28   0x08012b28   0x00000020   Code   RO        11967    i.disk_write        diskio.o
    0x08012b48   0x08012b48   0x00000004   Code   RO        13703    i.dummy_consume_data  jdcoefct.o
    0x08012b4c   0x08012b4c   0x00000030   Code   RO        14302    i.emit_message      jerror.o
    0x08012b7c   0x08012b7c   0x00000016   Code   RO        14303    i.error_exit        jerror.o
    0x08012b92   0x08012b92   0x00000024   Code   RO        11652    i.f_close           ff.o
    0x08012bb6   0x08012bb6   0x00000018   Code   RO        11653    i.f_closedir        ff.o
    0x08012bce   0x08012bce   0x0000005c   Code   RO        11655    i.f_gets            ff.o
    0x08012c2a   0x08012c2a   0x00000002   PAD
    0x08012c2c   0x08012c2c   0x000002de   Code   RO        11656    i.f_lseek           ff.o
    0x08012f0a   0x08012f0a   0x00000002   PAD
    0x08012f0c   0x08012f0c   0x00000078   Code   RO        11659    i.f_mount           ff.o
    0x08012f84   0x08012f84   0x000001dc   Code   RO        11660    i.f_open            ff.o
    0x08013160   0x08013160   0x00000084   Code   RO        11661    i.f_opendir         ff.o
    0x080131e4   0x080131e4   0x000001e2   Code   RO        11665    i.f_read            ff.o
    0x080133c6   0x080133c6   0x00000002   PAD
    0x080133c8   0x080133c8   0x00000064   Code   RO        11666    i.f_readdir         ff.o
    0x0801342c   0x0801342c   0x000000b6   Code   RO        11669    i.f_sync            ff.o
    0x080134e2   0x080134e2   0x00000002   PAD
    0x080134e4   0x080134e4   0x0000005c   Code   RO        12018    i.ff_convert        cc936.o
    0x08013540   0x08013540   0x00000028   Code   RO        12019    i.ff_wtoupper       cc936.o
    0x08013568   0x08013568   0x00000060   Code   RO        13637    i.fill_input_buffer  jdatasrc.o
    0x080135c8   0x080135c8   0x00000342   Code   RO        14667    i.fill_inverse_cmap  jquant2.o
    0x0801390a   0x0801390a   0x00000002   PAD
    0x0801390c   0x0801390c   0x0000002c   Code   RO        13638    i.fill_mem_input_buffer  jdatasrc.o
    0x08013938   0x08013938   0x00000484   Code   RO        11674    i.find_volume       ff.o
    0x08013dbc   0x08013dbc   0x00000010   Code   RO        13922    i.finish_input_pass  jdinput.o
    0x08013dcc   0x08013dcc   0x0000001a   Code   RO        14086    i.finish_output_pass  jdmaster.o
    0x08013de6   0x08013de6   0x00000002   PAD
    0x08013de8   0x08013de8   0x00000288   Code   RO        14668    i.finish_pass1      jquant2.o
    0x08014070   0x08014070   0x00000002   Code   RO        14669    i.finish_pass2      jquant2.o
    0x08014072   0x08014072   0x00000002   Code   RO        14599    i.finish_pass_1_quant  jquant1.o
    0x08014074   0x08014074   0x000002d0   Code   RO        11675    i.follow_path       ff.o
    0x08014344   0x08014344   0x00000096   Code   RO        14304    i.format_message    jerror.o
    0x080143da   0x080143da   0x00000002   PAD
    0x080143dc   0x080143dc   0x00000018   Code   RO        10275    i.fputc             main.o
    0x080143f4   0x080143f4   0x00000050   Code   RO        15666    i.free              mc_w.l(malloc.o)
    0x08014444   0x08014444   0x000000c6   Code   RO        14511    i.free_pool         jmemmgr.o
    0x0801450a   0x0801450a   0x00000002   PAD
    0x0801450c   0x0801450c   0x00000038   Code   RO        11527    i.ft6x06_Init       ft6x06.o
    0x08014544   0x08014544   0x00000014   Code   RO        11528    i.ft6x06_ReadID     ft6x06.o
    0x08014558   0x08014558   0x00000002   Code   RO        11529    i.ft6x06_Reset      ft6x06.o
    0x0801455a   0x0801455a   0x00000002   Code   RO        11530    i.ft6x06_TS_ClearIT  ft6x06.o
    0x0801455c   0x0801455c   0x00000040   Code   RO        11531    i.ft6x06_TS_DetectTouch  ft6x06.o
    0x0801459c   0x0801459c   0x0000000a   Code   RO        11532    i.ft6x06_TS_DisableIT  ft6x06.o
    0x080145a6   0x080145a6   0x0000000a   Code   RO        11533    i.ft6x06_TS_EnableIT  ft6x06.o
    0x080145b0   0x080145b0   0x0000005c   Code   RO        11534    i.ft6x06_TS_GetXY   ft6x06.o
    0x0801460c   0x0801460c   0x00000004   Code   RO        11535    i.ft6x06_TS_ITStatus  ft6x06.o
    0x08014610   0x08014610   0x0000000a   Code   RO        11536    i.ft6x06_TS_Start   ft6x06.o
    0x0801461a   0x0801461a   0x00000004   Code   RO        14219    i.fullsize_upsample  jdsample.o
    0x0801461e   0x0801461e   0x000000f0   Code   RO        11676    i.get_fat           ff.o
    0x0801470e   0x0801470e   0x00000004   Code   RO        11968    i.get_fattime       diskio.o
    0x08014712   0x08014712   0x000000e4   Code   RO        11677    i.get_fileinfo      ff.o
    0x080147f6   0x080147f6   0x00000002   PAD
    0x080147f8   0x080147f8   0x00000372   Code   RO        14015    i.get_interesting_appn  jdmarker.o
    0x08014b6a   0x08014b6a   0x00000002   PAD
    0x08014b6c   0x08014b6c   0x0000027c   Code   RO        14016    i.get_sof           jdmarker.o
    0x08014de8   0x08014de8   0x00000044   Code   RO        13746    i.gray_rgb_convert  jdcolor.o
    0x08014e2c   0x08014e2c   0x00000020   Code   RO        13747    i.grayscale_convert  jdcolor.o
    0x08014e4c   0x08014e4c   0x000000f8   Code   RO        14126    i.h2v1_merged_upsample  jdmerge.o
    0x08014f44   0x08014f44   0x00000046   Code   RO        14220    i.h2v1_upsample     jdsample.o
    0x08014f8a   0x08014f8a   0x00000002   PAD
    0x08014f8c   0x08014f8c   0x0000017c   Code   RO        14127    i.h2v2_merged_upsample  jdmerge.o
    0x08015108   0x08015108   0x00000068   Code   RO        14221    i.h2v2_upsample     jdsample.o
    0x08015170   0x08015170   0x000000b4   Code   RO        12273    i.imdct12           imdct.o
    0x08015224   0x08015224   0x000000bc   Code   RO        14670    i.init_error_limit  jquant2.o
    0x080152e0   0x080152e0   0x00000002   Code   RO        13639    i.init_mem_source   jdatasrc.o
    0x080152e2   0x080152e2   0x00000008   Code   RO        13640    i.init_source       jdatasrc.o
    0x080152ea   0x080152ea   0x00000002   PAD
    0x080152ec   0x080152ec   0x000000a0   Code   RO        14222    i.int_upsample      jdsample.o
    0x0801538c   0x0801538c   0x00000030   Code   RO        14742    i.jcopy_sample_rows  jutils.o
    0x080153bc   0x080153bc   0x0000000a   Code   RO        14743    i.jdiv_round_up     jutils.o
    0x080153c6   0x080153c6   0x00000002   PAD
    0x080153c8   0x080153c8   0x000002b0   Code   RO        14600    i.jinit_1pass_quantizer  jquant1.o
    0x08015678   0x08015678   0x000000f8   Code   RO        14671    i.jinit_2pass_quantizer  jquant2.o
    0x08015770   0x08015770   0x00000088   Code   RO        13512    i.jinit_arith_decoder  jdarith.o
    0x080157f8   0x080157f8   0x00000344   Code   RO        13748    i.jinit_color_deconverter  jdcolor.o
    0x08015b3c   0x08015b3c   0x00000090   Code   RO        13704    i.jinit_d_coef_controller  jdcoefct.o
    0x08015bcc   0x08015bcc   0x00000118   Code   RO        13971    i.jinit_d_main_controller  jdmainct.o
    0x08015ce4   0x08015ce4   0x0000007c   Code   RO        14175    i.jinit_d_post_controller  jdpostct.o
    0x08015d60   0x08015d60   0x0000008c   Code   RO        13846    i.jinit_huff_decoder  jdhuff.o
    0x08015dec   0x08015dec   0x00000040   Code   RO        13923    i.jinit_input_controller  jdinput.o
    0x08015e2c   0x08015e2c   0x00000064   Code   RO        13810    i.jinit_inverse_dct  jddctmgr.o
    0x08015e90   0x08015e90   0x00000074   Code   RO        14017    i.jinit_marker_reader  jdmarker.o
    0x08015f04   0x08015f04   0x00000220   Code   RO        14087    i.jinit_master_decompress  jdmaster.o
    0x08016124   0x08016124   0x000000ac   Code   RO        14512    i.jinit_memory_mgr  jmemmgr.o
    0x080161d0   0x080161d0   0x00000118   Code   RO        14128    i.jinit_merged_upsampler  jdmerge.o
    0x080162e8   0x080162e8   0x00000148   Code   RO        14223    i.jinit_upsampler   jdsample.o
    0x08016430   0x08016430   0x000000b0   Code   RO        13404    i.jpeg_CreateDecompress  jdapimin.o
    0x080164e0   0x080164e0   0x0000002c   Code   RO        13144    i.jpeg_abort        jcomapi.o
    0x0801650c   0x0801650c   0x00000016   Code   RO        13145    i.jpeg_alloc_huff_table  jcomapi.o
    0x08016522   0x08016522   0x00000014   Code   RO        13146    i.jpeg_alloc_quant_table  jcomapi.o
    0x08016536   0x08016536   0x000000e2   Code   RO        14088    i.jpeg_calc_output_dimensions  jdmaster.o
    0x08016618   0x08016618   0x000001b8   Code   RO        13406    i.jpeg_consume_input  jdapimin.o
    0x080167d0   0x080167d0   0x0000000a   Code   RO        13924    i.jpeg_core_output_dimensions  jdinput.o
    0x080167da   0x080167da   0x00000016   Code   RO        13147    i.jpeg_destroy      jcomapi.o
    0x080167f0   0x080167f0   0x00000004   Code   RO        13407    i.jpeg_destroy_decompress  jdapimin.o
    0x080167f4   0x080167f4   0x000000c2   Code   RO        13847    i.jpeg_fill_bit_buffer  jdhuff.o
    0x080168b6   0x080168b6   0x00000090   Code   RO        13408    i.jpeg_finish_decompress  jdapimin.o
    0x08016946   0x08016946   0x00000006   Code   RO        14799    i.jpeg_free_large   jmemnobs.o
    0x0801694c   0x0801694c   0x00000006   Code   RO        14800    i.jpeg_free_small   jmemnobs.o
    0x08016952   0x08016952   0x00000006   Code   RO        14801    i.jpeg_get_large    jmemnobs.o
    0x08016958   0x08016958   0x00000006   Code   RO        14802    i.jpeg_get_small    jmemnobs.o
    0x0801695e   0x0801695e   0x00000002   PAD
    0x08016960   0x08016960   0x000000a4   Code   RO        13848    i.jpeg_huff_decode  jdhuff.o
    0x08016a04   0x08016a04   0x0000034c   Code   RO        14433    i.jpeg_idct_float   jidctflt.o
    0x08016d50   0x08016d50   0x0000034a   Code   RO        14457    i.jpeg_idct_ifast   jidctfst.o
    0x0801709a   0x0801709a   0x00000002   PAD
    0x0801709c   0x0801709c   0x000003d8   Code   RO        14481    i.jpeg_idct_islow   jidctint.o
    0x08017474   0x08017474   0x00000268   Code   RO        13849    i.jpeg_make_d_derived_tbl  jdhuff.o
    0x080176dc   0x080176dc   0x00000004   Code   RO        14803    i.jpeg_mem_available  jmemnobs.o
    0x080176e0   0x080176e0   0x00000004   Code   RO        14804    i.jpeg_mem_init     jmemnobs.o
    0x080176e4   0x080176e4   0x00000060   Code   RO        13641    i.jpeg_mem_src      jdatasrc.o
    0x08017744   0x08017744   0x00000002   Code   RO        14805    i.jpeg_mem_term     jmemnobs.o
    0x08017746   0x08017746   0x0000000c   Code   RO        14806    i.jpeg_open_backing_store  jmemnobs.o
    0x08017752   0x08017752   0x00000052   Code   RO        13411    i.jpeg_read_header  jdapimin.o
    0x080177a4   0x080177a4   0x0000007e   Code   RO        13471    i.jpeg_read_scanlines  jdapistd.o
    0x08017822   0x08017822   0x00000002   PAD
    0x08017824   0x08017824   0x00000190   Code   RO        14018    i.jpeg_resync_to_restart  jdmarker.o
    0x080179b4   0x080179b4   0x00000102   Code   RO        13472    i.jpeg_start_decompress  jdapistd.o
    0x08017ab6   0x08017ab6   0x00000002   PAD
    0x08017ab8   0x08017ab8   0x00000048   Code   RO        14305    i.jpeg_std_error    jerror.o
    0x08017b00   0x08017b00   0x00000060   Code   RO        13642    i.jpeg_stdio_src    jdatasrc.o
    0x08017b60   0x08017b60   0x00000010   Code   RO        14744    i.jround_up         jutils.o
    0x08017b70   0x08017b70   0x000001e0   Code   RO        10276    i.main              main.o
    0x08017d50   0x08017d50   0x0000006c   Code   RO        15667    i.malloc            mc_w.l(malloc.o)
    0x08017dbc   0x08017dbc   0x00000030   Code   RO        11678    i.mem_cpy           ff.o
    0x08017dec   0x08017dec   0x00000028   Code   RO        11679    i.mem_set           ff.o
    0x08017e14   0x08017e14   0x00000028   Code   RO        14129    i.merged_1v_upsample  jdmerge.o
    0x08017e3c   0x08017e3c   0x000000a2   Code   RO        14130    i.merged_2v_upsample  jdmerge.o
    0x08017ede   0x08017ede   0x0000003c   Code   RO        11680    i.move_window       ff.o
    0x08017f1a   0x08017f1a   0x0000000c   Code   RO        14601    i.new_color_map_1_quant  jquant1.o
    0x08017f26   0x08017f26   0x0000000a   Code   RO        14672    i.new_color_map_2_quant  jquant2.o
    0x08017f30   0x08017f30   0x000000da   Code   RO        14020    i.next_marker       jdmarker.o
    0x0801800a   0x0801800a   0x00000006   Code   RO        14224    i.noop_upsample     jdsample.o
    0x08018010   0x08018010   0x00000088   Code   RO        13749    i.null_convert      jdcolor.o
    0x08018098   0x08018098   0x00000010   Code   RO        14306    i.output_message    jerror.o
    0x080180a8   0x080180a8   0x000001ee   Code   RO        14673    i.pass2_fs_dither   jquant2.o
    0x08018296   0x08018296   0x00000002   PAD
    0x08018298   0x08018298   0x00000080   Code   RO        14674    i.pass2_no_dither   jquant2.o
    0x08018318   0x08018318   0x00000066   Code   RO        14176    i.post_process_1pass  jdpostct.o
    0x0801837e   0x0801837e   0x0000008c   Code   RO        14177    i.post_process_2pass  jdpostct.o
    0x0801840a   0x0801840a   0x00000098   Code   RO        14178    i.post_process_prepass  jdpostct.o
    0x080184a2   0x080184a2   0x0000011a   Code   RO        14089    i.prepare_for_output_pass  jdmaster.o
    0x080185bc   0x080185bc   0x00000078   Code   RO        14675    i.prescan_quantize  jquant2.o
    0x08018634   0x08018634   0x00000250   Code   RO        13972    i.process_data_context_main  jdmainct.o
    0x08018884   0x08018884   0x0000001e   Code   RO        13973    i.process_data_crank_post  jdmainct.o
    0x080188a2   0x080188a2   0x00000002   PAD
    0x080188a4   0x080188a4   0x00000070   Code   RO        13974    i.process_data_simple_main  jdmainct.o
    0x08018914   0x08018914   0x000000a4   Code   RO        13513    i.process_restart   jdarith.o
    0x080189b8   0x080189b8   0x00000060   Code   RO        13850    i.process_restart   jdhuff.o
    0x08018a18   0x08018a18   0x00000136   Code   RO        11681    i.put_fat           ff.o
    0x08018b4e   0x08018b4e   0x00000002   PAD
    0x08018b50   0x08018b50   0x000000ba   Code   RO        14602    i.quantize3_ord_dither  jquant1.o
    0x08018c0a   0x08018c0a   0x0000014a   Code   RO        14603    i.quantize_fs_dither  jquant1.o
    0x08018d54   0x08018d54   0x0000009a   Code   RO        14604    i.quantize_ord_dither  jquant1.o
    0x08018dee   0x08018dee   0x00000002   PAD
    0x08018df0   0x08018df0   0x00000ddc   Code   RO        14021    i.read_markers      jdmarker.o
    0x08019bcc   0x08019bcc   0x0000006a   Code   RO        14022    i.read_restart_marker  jdmarker.o
    0x08019c36   0x08019c36   0x00000002   PAD
    0x08019c38   0x08019c38   0x00000398   Code   RO        14513    i.realize_virt_arrays  jmemmgr.o
    0x08019fd0   0x08019fd0   0x0000006a   Code   RO        11683    i.remove_chain      ff.o
    0x0801a03a   0x0801a03a   0x0000004c   Code   RO        14514    i.request_virt_barray  jmemmgr.o
    0x0801a086   0x0801a086   0x0000004c   Code   RO        14515    i.request_virt_sarray  jmemmgr.o
    0x0801a0d2   0x0801a0d2   0x0000000c   Code   RO        14307    i.reset_error_mgr   jerror.o
    0x0801a0de   0x0801a0de   0x00000002   PAD
    0x0801a0e0   0x0801a0e0   0x00000034   Code   RO        13925    i.reset_input_controller  jdinput.o
    0x0801a114   0x0801a114   0x0000001e   Code   RO        14023    i.reset_marker_reader  jdmarker.o
    0x0801a132   0x0801a132   0x00000002   PAD
    0x0801a134   0x0801a134   0x00000060   Code   RO        13750    i.rgb_convert       jdcolor.o
    0x0801a194   0x0801a194   0x0000007a   Code   RO        13751    i.rgb_gray_convert  jdcolor.o
    0x0801a20e   0x0801a20e   0x00000002   PAD
    0x0801a210   0x0801a210   0x000000e8   Code   RO        14516    i.self_destruct     jmemmgr.o
    0x0801a2f8   0x0801a2f8   0x000000c0   Code   RO        14225    i.sep_upsample      jdsample.o
    0x0801a3b8   0x0801a3b8   0x0000006c   Code   RO        10547    i.show_filename     user_task.o
    0x0801a424   0x0801a424   0x000001f8   Code   RO        10841    i.show_jepg         user_jpeg.o
    0x0801a61c   0x0801a61c   0x0000002e   Code   RO        13643    i.skip_input_data   jdatasrc.o
    0x0801a64a   0x0801a64a   0x00000002   PAD
    0x0801a64c   0x0801a64c   0x00000084   Code   RO        14024    i.skip_variable     jdmarker.o
    0x0801a6d0   0x0801a6d0   0x00000030   Code   RO        13705    i.start_input_pass  jdcoefct.o
    0x0801a700   0x0801a700   0x000001ee   Code   RO        13926    i.start_input_pass  jdinput.o
    0x0801a8ee   0x0801a8ee   0x00000008   Code   RO        13706    i.start_output_pass  jdcoefct.o
    0x0801a8f6   0x0801a8f6   0x00000002   PAD
    0x0801a8f8   0x0801a8f8   0x0000027c   Code   RO        13514    i.start_pass        jdarith.o
    0x0801ab74   0x0801ab74   0x00000004   PAD
    0x0801ab78   0x0801ab78   0x000002fc   Code   RO        13811    i.start_pass        jddctmgr.o
    0x0801ae74   0x0801ae74   0x0000019c   Code   RO        14605    i.start_pass_1_quant  jquant1.o
    0x0801b010   0x0801b010   0x000000e8   Code   RO        14676    i.start_pass_2_quant  jquant2.o
    0x0801b0f8   0x0801b0f8   0x00000002   Code   RO        13752    i.start_pass_dcolor  jdcolor.o
    0x0801b0fa   0x0801b0fa   0x00000002   PAD
    0x0801b0fc   0x0801b0fc   0x00000088   Code   RO        14179    i.start_pass_dpost  jdpostct.o
    0x0801b184   0x0801b184   0x00000458   Code   RO        13851    i.start_pass_huff_decoder  jdhuff.o
    0x0801b5dc   0x0801b5dc   0x00000154   Code   RO        13975    i.start_pass_main   jdmainct.o
    0x0801b730   0x0801b730   0x0000000e   Code   RO        14131    i.start_pass_merged_upsample  jdmerge.o
    0x0801b73e   0x0801b73e   0x00000010   Code   RO        14226    i.start_pass_upsample  jdsample.o
    0x0801b74e   0x0801b74e   0x000000ac   Code   RO        11684    i.sync_fs           ff.o
    0x0801b7fa   0x0801b7fa   0x00000054   Code   RO        11685    i.sync_window       ff.o
    0x0801b84e   0x0801b84e   0x00000002   Code   RO        13644    i.term_source       jdatasrc.o
    0x0801b850   0x0801b850   0x0000028a   Code   RO        14677    i.update_box        jquant2.o
    0x0801bada   0x0801bada   0x0000002e   Code   RO        11686    i.validate          ff.o
    0x0801bb08   0x0801bb08   0x000000d4   Code   RO        12167    i.xmp3_AllocateBuffers  buffers.o
    0x0801bbdc   0x0801bbdc   0x0000000e   Code   RO        12108    i.xmp3_CalcBitsUsed  bitstream.o
    0x0801bbea   0x0801bbea   0x00000018   Code   RO        12109    i.xmp3_CheckPadBit  bitstream.o
    0x0801bc02   0x0801bc02   0x00000002   PAD
    0x0801bc04   0x0801bc04   0x000007cc   Code   RO        12240    i.xmp3_DecodeHuffman  huffman.o
    0x0801c3d0   0x0801c3d0   0x0000058c   Code   RO        12226    i.xmp3_DequantChannel  dqchan.o
    0x0801c95c   0x0801c95c   0x0000026c   Code   RO        12211    i.xmp3_Dequantize   dequant.o
    0x0801cbc8   0x0801cbc8   0x00000748   Code   RO        12197    i.xmp3_FDCT32       dct32.o
    0x0801d310   0x0801d310   0x000000b6   Code   RO        12110    i.xmp3_GetBits      bitstream.o
    0x0801d3c6   0x0801d3c6   0x00000002   PAD
    0x0801d3c8   0x0801d3c8   0x0000038c   Code   RO        12274    i.xmp3_IMDCT        imdct.o
    0x0801d754   0x0801d754   0x00000270   Code   RO        12410    i.xmp3_IntensityProcMPEG1  stproc.o
    0x0801d9c4   0x0801d9c4   0x00000270   Code   RO        12411    i.xmp3_IntensityProcMPEG2  stproc.o
    0x0801dc34   0x0801dc34   0x00000060   Code   RO        12412    i.xmp3_MidSideProc  stproc.o
    0x0801dc94   0x0801dc94   0x0000000c   Code   RO        12111    i.xmp3_SetBitstreamPointer  bitstream.o
    0x0801dca0   0x0801dca0   0x00000100   Code   RO        12434    i.xmp3_Subband      subband.o
    0x0801dda0   0x0801dda0   0x0000020c   Code   RO        12112    i.xmp3_UnpackFrameHeader  bitstream.o
    0x0801dfac   0x0801dfac   0x00000562   Code   RO        12396    i.xmp3_UnpackScaleFactors  scalfact.o
    0x0801e50e   0x0801e50e   0x00000002   PAD
    0x0801e510   0x0801e510   0x00000240   Code   RO        12113    i.xmp3_UnpackSideInfo  bitstream.o
    0x0801e750   0x0801e750   0x000000bc   Code   RO        13753    i.ycc_rgb_convert   jdcolor.o
    0x0801e80c   0x0801e80c   0x000000d2   Code   RO        13754    i.ycck_cmyk_convert  jdcolor.o
    0x0801e8de   0x0801e8de   0x00000008   Data   RO         1436    .constdata          stm32f4xx_hal_dma.o
    0x0801e8e6   0x0801e8e6   0x00000010   Data   RO         4866    .constdata          stm32f4xx_hal_rcc.o
    0x0801e8f6   0x0801e8f6   0x00001ab8   Data   RO         9284    .constdata          stm32469i_discovery_lcd.o
    0x080203ae   0x080203ae   0x00000ed8   Data   RO         9285    .constdata          stm32469i_discovery_lcd.o
    0x08021286   0x08021286   0x00000002   PAD
    0x08021288   0x08021288   0x00000018   Data   RO        10350    .constdata          user_display.o
    0x080212a0   0x080212a0   0x000050ff   Data   RO        10895    .constdata          user_jpegcover.o
    0x0802639f   0x0802639f   0x00000191   Data   RO        11505    .constdata          otm8009a.o
    0x08026530   0x08026530   0x0000003a   Data   RO        11688    .constdata          ff.o
    0x0802656a   0x0802656a   0x0002acc8   Data   RO        12020    .constdata          cc936.o
    0x08051232   0x08051232   0x00000002   PAD
    0x08051234   0x08051234   0x00000014   Data   RO        12061    .constdata          sd_diskio.o
    0x08051248   0x08051248   0x000000c0   Data   RO        12198    .constdata          dct32.o
    0x08051308   0x08051308   0x00000250   Data   RO        12227    .constdata          dqchan.o
    0x08051558   0x08051558   0x00002124   Data   RO        12252    .constdata          hufftabs.o
    0x0805367c   0x0805367c   0x00000080   Data   RO        12253    .constdata          hufftabs.o
    0x080536fc   0x080536fc   0x00000100   Data   RO        12254    .constdata          hufftabs.o
    0x080537fc   0x080537fc   0x00000050   Data   RO        12255    .constdata          hufftabs.o
    0x0805384c   0x0805384c   0x00000008   Data   RO        12256    .constdata          hufftabs.o
    0x08053854   0x08053854   0x00000008   Data   RO        12257    .constdata          hufftabs.o
    0x0805385c   0x0805385c   0x0000006c   Data   RO        12275    .constdata          imdct.o
    0x080538c8   0x080538c8   0x00000024   Data   RO        12376    .constdata          mp3tabs.o
    0x080538ec   0x080538ec   0x0000010e   Data   RO        12379    .constdata          mp3tabs.o
    0x080539fa   0x080539fa   0x00000012   Data   RO        12380    .constdata          mp3tabs.o
    0x08053a0c   0x08053a0c   0x0000000c   Data   RO        12382    .constdata          mp3tabs.o
    0x08053a18   0x08053a18   0x0000010e   Data   RO        12383    .constdata          mp3tabs.o
    0x08053b26   0x08053b26   0x0000029a   Data   RO        12384    .constdata          mp3tabs.o
    0x08053dc0   0x08053dc0   0x00000068   Data   RO        12397    .constdata          scalfact.o
    0x08053e28   0x08053e28   0x00000240   Data   RO        12446    .constdata          trigtabs.o
    0x08054068   0x08054068   0x00000038   Data   RO        12447    .constdata          trigtabs.o
    0x080540a0   0x080540a0   0x00000100   Data   RO        12448    .constdata          trigtabs.o
    0x080541a0   0x080541a0   0x00000010   Data   RO        12449    .constdata          trigtabs.o
    0x080541b0   0x080541b0   0x00000040   Data   RO        12451    .constdata          trigtabs.o
    0x080541f0   0x080541f0   0x00000420   Data   RO        12453    .constdata          trigtabs.o
    0x08054610   0x08054610   0x000001c8   Data   RO        12476    .constdata          jaricom.o
    0x080547d8   0x080547d8   0x00000004   Data   RO        13645    .constdata          jdatasrc.o
    0x080547dc   0x080547dc   0x00000004   PAD
    0x080547e0   0x080547e0   0x000000c0   Data   RO        13812    .constdata          jddctmgr.o
    0x080548a0   0x080548a0   0x0000036c   Data   RO        13852    .constdata          jdhuff.o
    0x08054c0c   0x08054c0c   0x00000200   Data   RO        14308    .constdata          jerror.o
    0x08054e0c   0x08054e0c   0x00000010   Data   RO        14517    .constdata          jmemmgr.o
    0x08054e1c   0x08054e1c   0x0000010c   Data   RO        14606    .constdata          jquant1.o
    0x08054f28   0x08054f28   0x00000140   Data   RO        14745    .constdata          jutils.o
    0x08055068   0x08055068   0x00000104   Data   RO        14746    .constdata          jutils.o
    0x0805516c   0x0805516c   0x000000d0   Data   RO        14747    .constdata          jutils.o
    0x0805523c   0x0805523c   0x000000a4   Data   RO        14748    .constdata          jutils.o
    0x080552e0   0x080552e0   0x00000080   Data   RO        14749    .constdata          jutils.o
    0x08055360   0x08055360   0x00000064   Data   RO        14750    .constdata          jutils.o
    0x080553c4   0x080553c4   0x00000050   Data   RO        14751    .constdata          jutils.o
    0x08055414   0x08055414   0x00000007   Data   RO        15266    .constdata          usbd_msc_data.o
    0x0805541b   0x0805541b   0x00000008   Data   RO        15267    .constdata          usbd_msc_data.o
    0x08055423   0x08055423   0x00000008   Data   RO        15268    .constdata          usbd_msc_data.o
    0x0805542b   0x0805542b   0x00000081   Data   RO        15354    .constdata          mc_w.l(ctype_o.o)
    0x080554ac   0x080554ac   0x00000004   Data   RO        15355    .constdata          mc_w.l(ctype_o.o)
    0x080554b0   0x080554b0   0x0000130d   Data   RO        14309    .conststring        jerror.o
    0x080567bd   0x080567bd   0x00000003   PAD
    0x080567c0   0x080567c0   0x00000020   Data   RO        15813    Region$$Table       anon$$obj.o


    Execution Region RW_IRAM1 (Exec base: 0x20000000, Load base: 0x080567e0, Size: 0x00034048, Max: 0x00050000, ABSOLUTE, COMPRESSED[0x00000198])

    Exec Addr    Load Addr    Size         Type   Attr      Idx    E Section Name        Object

    0x20000000   COMPRESSED   0x00000004   Data   RW           27    .data               stm32f4xx_hal.o
    0x20000004   COMPRESSED   0x00000024   Data   RW         8737    .data               stm32469i_discovery.o
    0x20000028   COMPRESSED   0x00000088   Data   RW         8933    .data               stm32469i_discovery_audio.o
    0x200000b0   COMPRESSED   0x00000014   Data   RW         9289    .data               stm32469i_discovery_lcd.o
    0x200000c4   COMPRESSED   0x00000008   Data   RW         9290    .data               stm32469i_discovery_lcd.o
    0x200000cc   COMPRESSED   0x00000002   Data   RW         9824    .data               stm32469i_discovery_sdram.o
    0x200000ce   COMPRESSED   0x00000002   PAD
    0x200000d0   COMPRESSED   0x00000018   Data   RW         9905    .data               stm32469i_discovery_ts.o
    0x200000e8   COMPRESSED   0x00000001   Data   RW        10279    .data               main.o
    0x200000e9   COMPRESSED   0x00000003   PAD
    0x200000ec   COMPRESSED   0x00000014   Data   RW        10280    .data               main.o
    0x20000100   COMPRESSED   0x0000000c   Data   RW        10351    .data               user_display.o
    0x2000010c   COMPRESSED   0x00000003   Data   RW        10443    .data               user_menu.o
    0x2000010f   COMPRESSED   0x00000001   PAD
    0x20000110   COMPRESSED   0x00000002   Data   RW        10483    .data               user_ram.o
    0x20000112   COMPRESSED   0x00000001   Data   RW        10484    .data               user_ram.o
    0x20000113   COMPRESSED   0x00000001   PAD
    0x20000114   COMPRESSED   0x00000004   Data   RW        10485    .data               user_ram.o
    0x20000118   COMPRESSED   0x00000001   Data   RW        10487    .data               user_ram.o
    0x20000119   COMPRESSED   0x00000001   Data   RW        10488    .data               user_ram.o
    0x2000011a   COMPRESSED   0x00000001   Data   RW        10489    .data               user_ram.o
    0x2000011b   COMPRESSED   0x00000001   Data   RW        10490    .data               user_ram.o
    0x2000011c   COMPRESSED   0x00000001   Data   RW        10491    .data               user_ram.o
    0x2000011d   COMPRESSED   0x00000001   Data   RW        10492    .data               user_ram.o
    0x2000011e   COMPRESSED   0x00000001   Data   RW        10494    .data               user_ram.o
    0x2000011f   COMPRESSED   0x00000001   Data   RW        10495    .data               user_ram.o
    0x20000120   COMPRESSED   0x00000001   Data   RW        10496    .data               user_ram.o
    0x20000121   COMPRESSED   0x00000001   Data   RW        10498    .data               user_ram.o
    0x20000122   COMPRESSED   0x00000001   Data   RW        10499    .data               user_ram.o
    0x20000123   COMPRESSED   0x0000000d   Data   RW        10551    .data               user_task.o
    0x20000130   COMPRESSED   0x00000018   Data   RW        10697    .data               user_mp3player.o
    0x20000148   COMPRESSED   0x00000020   Data   RW        10763    .data               user_musicplayer.o
    0x20000168   COMPRESSED   0x0000000c   Data   RW        10844    .data               user_jpeg.o
    0x20000174   COMPRESSED   0x0000001c   Data   RW        11141    .data               usbd_desc.o
    0x20000190   COMPRESSED   0x00000030   Data   RW        11142    .data               usbd_desc.o
    0x200001c0   COMPRESSED   0x00000024   Data   RW        11208    .data               usbd_storage.o
    0x200001e4   COMPRESSED   0x00000020   Data   RW        11209    .data               usbd_storage.o
    0x20000204   COMPRESSED   0x00000001   Data   RW        11210    .data               usbd_storage.o
    0x20000205   COMPRESSED   0x00000003   PAD
    0x20000208   COMPRESSED   0x00000004   Data   RW        11360    .data               user_lrc.o
    0x2000020c   COMPRESSED   0x00000030   Data   RW        11427    .data               cs43l22.o
    0x2000023c   COMPRESSED   0x00000002   Data   RW        11428    .data               cs43l22.o
    0x2000023e   COMPRESSED   0x00000002   PAD
    0x20000240   COMPRESSED   0x00000028   Data   RW        11537    .data               ft6x06.o
    0x20000268   COMPRESSED   0x00000005   Data   RW        11538    .data               ft6x06.o
    0x2000026d   COMPRESSED   0x00000003   PAD
    0x20000270   COMPRESSED   0x00000004   Data   RW        11609    .data               system_stm32f4xx.o
    0x20000274   COMPRESSED   0x00000008   Data   RW        11689    .data               ff.o
    0x2000027c   COMPRESSED   0x00000001   Data   RW        12062    .data               sd_diskio.o
    0x2000027d   COMPRESSED   0x00000003   PAD
    0x20000280   COMPRESSED   0x00000004   Data   RW        13646    .data               jdatasrc.o
    0x20000284   COMPRESSED   0x00000001   Data   RW        15012    .data               usbd_ctlreq.o
    0x20000285   COMPRESSED   0x00000003   PAD
    0x20000288   COMPRESSED   0x00000038   Data   RW        15131    .data               usbd_msc.o
    0x200002c0   COMPRESSED   0x0000006a   Data   RW        15132    .data               usbd_msc.o
    0x2000032a   COMPRESSED   0x00000002   PAD
    0x2000032c   COMPRESSED   0x00000004   Data   RW        15762    .data               mc_w.l(stdout.o)
    0x20000330   COMPRESSED   0x00000004   Data   RW        15773    .data               mc_w.l(mvars.o)
    0x20000334   COMPRESSED   0x00000004   Data   RW        15774    .data               mc_w.l(mvars.o)
    0x20000338        -       0x000000a8   Zero   RW         8735    .bss                stm32469i_discovery.o
    0x200003e0        -       0x00000230   Zero   RW         8932    .bss                stm32469i_discovery_audio.o
    0x20000610        -       0x000001c4   Zero   RW         9283    .bss                stm32469i_discovery_lcd.o
    0x200007d4        -       0x00000044   Zero   RW         9597    .bss                stm32469i_discovery_qspi.o
    0x20000818        -       0x00000238   Zero   RW         9704    .bss                stm32469i_discovery_sd.o
    0x20000a50        -       0x00000120   Zero   RW         9823    .bss                stm32469i_discovery_sdram.o
    0x20000b70        -       0x00000040   Zero   RW        10278    .bss                main.o
    0x20000bb0        -       0x000075fa   Zero   RW        10472    .bss                user_ram.o
    0x200081aa        -       0x00000064   Zero   RW        10473    .bss                user_ram.o
    0x2000820e        -       0x00000020   Zero   RW        10475    .bss                user_ram.o
    0x2000822e        -       0x000000aa   Zero   RW        10476    .bss                user_ram.o
    0x200082d8        -       0x00000014   Zero   RW        10477    .bss                user_ram.o
    0x200082ec        -       0x00000014   Zero   RW        10478    .bss                user_ram.o
    0x20008300        -       0x00000014   Zero   RW        10479    .bss                user_ram.o
    0x20008314        -       0x00001000   Zero   RW        10482    .bss                user_ram.o
    0x20009314        -       0x000020e4   Zero   RW        10550    .bss                user_task.o
    0x2000b3f8        -       0x000034a4   Zero   RW        10696    .bss                user_mp3player.o
    0x2000e89c        -       0x00003084   Zero   RW        10762    .bss                user_musicplayer.o
    0x20011920        -       0x00002ac8   Zero   RW        10842    .bss                user_jpeg.o
    0x200143e8        -       0x000003fc   Zero   RW        10972    .bss                usbd_conf.o
    0x200147e4        -       0x00000100   Zero   RW        11140    .bss                usbd_desc.o
    0x200148e4        -       0x00000244   Zero   RW        11309    .bss                user_init.o
    0x20014b28        -       0x00005740   Zero   RW        11359    .bss                user_lrc.o
    0x2001a268        -       0x000000ca   Zero   RW        11687    .bss                ff.o
    0x2001a332   COMPRESSED   0x00000002   PAD
    0x2001a334        -       0x0000000c   Zero   RW        11918    .bss                ff_gen_drv.o
    0x2001a340        -       0x00005d08   Zero   RW        12169    .bss                buffers.o
    0x20020048        -       0x00012000   Zero   RW         8699    HEAP                startup_stm32f469xx.o
    0x20032048        -       0x00002000   Zero   RW         8698    STACK               startup_stm32f469xx.o



  Load Region LR$$.ARM.__AT_0xC0400000 (Base: 0xc0400000, Size: 0x00000000, Max: 0x00057800, ABSOLUTE)

    Execution Region ER$$.ARM.__AT_0xC0400000 (Exec base: 0xc0400000, Load base: 0xc0400000, Size: 0x00057800, Max: 0x00057800, ABSOLUTE, UNINIT)

    Exec Addr    Load Addr    Size         Type   Attr      Idx    E Section Name        Object

    0xc0400000        -       0x00057800   Zero   RW        10471    .ARM.__AT_0xC0400000  user_ram.o


==============================================================================

Image component sizes


      Code (inc. data)   RO Data    RW Data    ZI Data      Debug   Object Name

         8          0          0          0          0        240   asmmisc.o
      2062          0          0          0          0        600   asmpoly_thumb2.o
      1332         24          0          0          0      10422   bitstream.o
       254         48          0          0      23816       7323   buffers.o
       132         20     175304          0          0       2743   cc936.o
       762         34          0         50          0      13561   cs43l22.o
      1864         12        192          0          0       3558   dct32.o
       620          4          0          0          0       2398   dequant.o
       160         24          0          0          0       4071   diskio.o
      1420         60        592          0          0       5746   dqchan.o
      8030         78         58          8        202      41123   ff.o
        80          6          0          0         12       1604   ff_gen_drv.o
       270         12          0         45          0      10460   ft6x06.o
      1996         32          0          0          0       6357   huffman.o
         0          0       8964          0          0       5604   hufftabs.o
      3806         68        108          0          0      10649   imdct.o
         0          0        456          0          0       2046   jaricom.o
         0          0          0          0          0      13345   jcapimin.o
         0          0          0          0          0        812   jcdctmgr.o
       108          0          0          0          0       2265   jcomapi.o
       846         26          0          0          0       4447   jdapimin.o
       384          0          0          0          0       2170   jdapistd.o
      2964         30          0          0          0      11746   jdarith.o
         0          0          0          0          0       9236   jdatadst.o
       390         56          4          4          0       6032   jdatasrc.o
       674         18          0          0          0       4782   jdcoefct.o
      1690         68          0          0          0      10834   jdcolor.o
       864         36        192          0          0       3700   jddctmgr.o
      5540         80        876          0          0      24625   jdhuff.o
      1704         56          0          0          0       5767   jdinput.o
      1354         18          0          0          0       7426   jdmainct.o
      6068        160          0          0          0      17439   jdmarker.o
      1078         16          0          0          0       4272   jdmaster.o
      1124         48          0          0          0       6349   jdmerge.o
       654         18          0          0          0       4606   jdpostct.o
       880         28          0          0          0       7702   jdsample.o
       320         26       5389          0          0       4258   jerror.o
       844         20          0          0          0       2186   jidctflt.o
       842          0          0          0          0       2762   jidctfst.o
       984         20          0          0          0       2862   jidctint.o
      3752         60         16          0          0      33672   jmemmgr.o
        46          0          0          0          0       4745   jmemnobs.o
      2266         40        268          0          0      14800   jquant1.o
      3554         30          0          0          0      19620   jquant2.o
        74          0       1260          0          0      15779   jutils.o
       634        116          0         21         64       4248   main.o
        44          0          0          0          0        587   mp3_play.o
      1136          4          0          0          0       5647   mp3dec.o
         0          0       1272          0          0       2045   mp3tabs.o
      1144        304        401          0          0       5694   otm8009a.o
      1378         24        104          0          0       5242   scalfact.o
       220         18         20          1          0       4248   sd_diskio.o
        36          8        436          0      81920        784   startup_stm32f469xx.o
       918        102          0         36        168      15496   stm32469i_discovery.o
       972         98          0        136        560      13911   stm32469i_discovery_audio.o
      3046        258      10640         28        452      27639   stm32469i_discovery_lcd.o
       766         32          0          0         68       6532   stm32469i_discovery_qspi.o
       796        118          0          0        568       9790   stm32469i_discovery_sd.o
       668         70          0          2        288       4310   stm32469i_discovery_sdram.o
       304         18          0         24          0       7917   stm32469i_discovery_ts.o
       142         22          0          4          0     985027   stm32f4xx_hal.o
       210         16          0          0          0      33567   stm32f4xx_hal_cortex.o
      1306         34          8          0          0       5944   stm32f4xx_hal_dma.o
       884         10          0          0          0       6457   stm32f4xx_hal_dma2d.o
      1672          6          0          0          0       8630   stm32f4xx_hal_dsi.o
       656         24          0          0          0       4219   stm32f4xx_hal_gpio.o
      2382         46          0          0          0      14944   stm32f4xx_hal_i2c.o
       788          6          0          0          0       3354   stm32f4xx_hal_ltdc.o
        92          0          0          0          0       1073   stm32f4xx_hal_ltdc_ex.o
       316         22          0          0          0       2155   stm32f4xx_hal_msp.o
      2286          0          0          0          0      11487   stm32f4xx_hal_pcd.o
       126          0          0          0          0       2941   stm32f4xx_hal_pcd_ex.o
        26          0          0          0          0        527   stm32f4xx_hal_pwr.o
       156          8          0          0          0       1224   stm32f4xx_hal_pwr_ex.o
      1772          4          0          0          0      10742   stm32f4xx_hal_qspi.o
       652         64         16          0          0       4043   stm32f4xx_hal_rcc.o
      2322        104          0          0          0       3827   stm32f4xx_hal_rcc_ex.o
       878          6          0          0          0       4650   stm32f4xx_hal_rtc.o
      1098         28          0          0          0      10009   stm32f4xx_hal_sai.o
       216         44          0          0          0       1821   stm32f4xx_hal_sai_ex.o
      5186         42          0          0          0      30579   stm32f4xx_hal_sd.o
       150          0          0          0          0       3204   stm32f4xx_hal_sdram.o
      1332         14          0          0          0       4544   stm32f4xx_hal_uart.o
       346        182          0          0          0      42391   stm32f4xx_it.o
       330          0          0          0          0       3452   stm32f4xx_ll_fmc.o
       170          6          0          0          0       5909   stm32f4xx_ll_sdmmc.o
      2628         32          0          0          0      19850   stm32f4xx_ll_usb.o
      1344         18          0          0          0       5799   stproc.o
       256          4          0          0          0       1191   subband.o
        88         24          0          4          0       1045   system_stm32f4xx.o
         0          0       2024          0          0        924   trigtabs.o
       564         22          0          0       1020      13521   usbd_conf.o
       758         74          0          0          0      11690   usbd_core.o
      1152         28          0          1          0       7104   usbd_ctlreq.o
       340        138          0         76        256       5778   usbd_desc.o
       102          0          0          0          0       3684   usbd_ioreq.o
       464         16          0        162          0       9116   usbd_msc.o
       836         24          0          0          0       6861   usbd_msc_bot.o
         0          0         23          0          0        817   usbd_msc_data.o
      2072         12          0          0          0       8339   usbd_msc_scsi.o
       246         14          0         69          0       4854   usbd_storage.o
      1574        304         24         12          0       9003   user_display.o
       560        152          0          0        580       2294   user_init.o
      1598        742          0         12      10952       5391   user_jpeg.o
         0          0      20735          0          0        375   user_jpegcover.o
      1112        262          0          4      22336       4540   user_lrc.o
       604        184          0          3          0       1853   user_menu.o
      1144        362          0         24      13476       5056   user_mp3player.o
      2108        676          0         32      12420       8202   user_musicplayer.o
         0          0          0         18     393060       2973   user_ram.o
      1230        442          0         13       8420       7726   user_task.o

    ----------------------------------------------------------------------
    120308       6668     229425        812     570640    1845540   Object Totals
         0          0         32          0          0          0   (incl. Generated)
       172          4         11         23          2          0   (incl. Padding)

    ----------------------------------------------------------------------

      Code (inc. data)   RO Data    RW Data    ZI Data      Debug   Library Member Name

        86          0          0          0          0          0   __dczerorl2.o
         8          4        133          0          0         68   ctype_o.o
         0          0          0          0          0          0   entry.o
         0          0          0          0          0          0   entry10a.o
         0          0          0          0          0          0   entry11a.o
         4          0          0          0          0          0   entry12b.o
         8          4          0          0          0          0   entry2.o
         4          0          0          0          0          0   entry5.o
         0          0          0          0          0          0   entry7b.o
         0          0          0          0          0          0   entry8b.o
         8          4          0          0          0          0   entry9a.o
        30          0          0          0          0          0   handlers.o
        36          8          0          0          0         68   init.o
         0          0          0          0          0          0   iusefp.o
        30          0          0          0          0         68   llshl.o
        36          0          0          0          0         68   llsshr.o
        32          0          0          0          0         68   llushr.o
       188         20          0          0          0        160   malloc.o
        26          0          0          0          0         80   memcmp.o
        64          0          0          0          0         76   memmovea.o
        36          0          0          0          0        108   memseta.o
         0          0          0          8          0          0   mvars.o
      2268         96          0          0          0        616   printfa.o
         0          0          0          4          0          0   stdout.o
        24          0          0          0          0         68   strcat.o
        20          0          0          0          0         68   strchr.o
        28          0          0          0          0         76   strcmp.o
        18          0          0          0          0         68   strcpy.o
        14          0          0          0          0         68   strlen.o
        36          0          0          0          0         80   strstr.o
        44          0          0          0          0         80   uidiv.o
        98          0          0          0          0         92   uldiv.o
        48          0          0          0          0         68   cdrcmple.o
        56          0          0          0          0         88   d2f.o
       334          0          0          0          0        148   dadd.o
       222          0          0          0          0        100   ddiv.o
       186          0          0          0          0        176   depilogue.o
        48          0          0          0          0         68   dfixul.o
        26          0          0          0          0         76   dfltui.o
       228          0          0          0          0         96   dmul.o
       110          0          0          0          0        168   fepilogue.o

    ----------------------------------------------------------------------
      4406        136        133         12          0       2968   Library Totals
         2          0          0          0          0          0   (incl. Padding)

    ----------------------------------------------------------------------

      Code (inc. data)   RO Data    RW Data    ZI Data      Debug   Library Name

      3146        136        133         12          0       1980   mc_w.l
      1258          0          0          0          0        988   mf_w.l

    ----------------------------------------------------------------------
      4406        136        133         12          0       2968   Library Totals

    ----------------------------------------------------------------------

==============================================================================


      Code (inc. data)   RO Data    RW Data    ZI Data      Debug   

    124714       6804     229558        824     570640    1782532   Grand Totals
    124714       6804     229558        408     570640    1782532   ELF Image Totals (compressed)
    124714       6804     229558        408          0          0   ROM Totals

==============================================================================

    Total RO  Size (Code + RO Data)               354272 ( 345.97kB)
    Total RW  Size (RW Data + ZI Data)            571464 ( 558.07kB)
    Total ROM Size (Code + RO Data + RW Data)     354680 ( 346.37kB)

==============================================================================

