<!doctype html public "-//w3c//dtd html 4.0 transitional//en">
<html><head>
<title>Static Call Graph - [STM32469I_DISCO\STM32469I_DISCO.axf]</title></head>
<body><HR>
<H1>Static Call Graph for image STM32469I_DISCO\STM32469I_DISCO.axf</H1><HR>
<BR><P>#&#060CALLGRAPH&#062# ARM Linker, 5060960: Last Updated: Thu Sep 14 22:33:11 2023
<BR><P>
<H3>Maximum Stack Usage =       4888 bytes + Unknown(Functions without stacksize, Cycles, Untraceable Function Pointers)</H3><H3>
Call chain for Maximum Stack Depth:</H3>
main &rArr; Menu_prase &rArr; AUDIO_PLAYER_Process &rArr; AUDIO_PLAYER_Start &rArr; Lrc_Parse &rArr; f_open &rArr; dir_register &rArr; dir_find &rArr; dir_next &rArr; create_chain &rArr; put_fat &rArr; move_window &rArr; sync_window &rArr; disk_write
<P>
<H3>
Functions with no stack information
</H3><UL>
 <LI><a href="#[244]">xmp3_MULSHIFT32</a>
 <LI><a href="#[1b3]">xmp3_FASTABS</a>
</UL>
</UL>
<P>
<H3>
Mutually Recursive functions
</H3> <LI><a href="#[4a]">ADC_IRQHandler</a>&nbsp;&nbsp;&nbsp;&rArr;&nbsp;&nbsp;&nbsp;<a href="#[4a]">ADC_IRQHandler</a><BR>
 <LI><a href="#[32]">BusFault_Handler</a>&nbsp;&nbsp;&nbsp;&rArr;&nbsp;&nbsp;&nbsp;<a href="#[32]">BusFault_Handler</a><BR>
 <LI><a href="#[35]">DebugMon_Handler</a>&nbsp;&nbsp;&nbsp;&rArr;&nbsp;&nbsp;&nbsp;<a href="#[35]">DebugMon_Handler</a><BR>
 <LI><a href="#[30]">HardFault_Handler</a>&nbsp;&nbsp;&nbsp;&rArr;&nbsp;&nbsp;&nbsp;<a href="#[30]">HardFault_Handler</a><BR>
 <LI><a href="#[31]">MemManage_Handler</a>&nbsp;&nbsp;&nbsp;&rArr;&nbsp;&nbsp;&nbsp;<a href="#[31]">MemManage_Handler</a><BR>
 <LI><a href="#[2f]">NMI_Handler</a>&nbsp;&nbsp;&nbsp;&rArr;&nbsp;&nbsp;&nbsp;<a href="#[2f]">NMI_Handler</a><BR>
 <LI><a href="#[36]">PendSV_Handler</a>&nbsp;&nbsp;&nbsp;&rArr;&nbsp;&nbsp;&nbsp;<a href="#[36]">PendSV_Handler</a><BR>
 <LI><a href="#[34]">SVC_Handler</a>&nbsp;&nbsp;&nbsp;&rArr;&nbsp;&nbsp;&nbsp;<a href="#[34]">SVC_Handler</a><BR>
</UL>
<P>
<H3>
Function Pointers
</H3><UL>
 <LI><a href="#[4a]">ADC_IRQHandler</a> from startup_stm32f469xx.o(.text) referenced from startup_stm32f469xx.o(RESET)
 <LI><a href="#[32]">BusFault_Handler</a> from stm32f4xx_it.o(i.BusFault_Handler) referenced from startup_stm32f469xx.o(RESET)
 <LI><a href="#[4c]">CAN1_RX0_IRQHandler</a> from startup_stm32f469xx.o(.text) referenced from startup_stm32f469xx.o(RESET)
 <LI><a href="#[4d]">CAN1_RX1_IRQHandler</a> from startup_stm32f469xx.o(.text) referenced from startup_stm32f469xx.o(RESET)
 <LI><a href="#[4e]">CAN1_SCE_IRQHandler</a> from startup_stm32f469xx.o(.text) referenced from startup_stm32f469xx.o(RESET)
 <LI><a href="#[4b]">CAN1_TX_IRQHandler</a> from startup_stm32f469xx.o(.text) referenced from startup_stm32f469xx.o(RESET)
 <LI><a href="#[78]">CAN2_RX0_IRQHandler</a> from startup_stm32f469xx.o(.text) referenced from startup_stm32f469xx.o(RESET)
 <LI><a href="#[79]">CAN2_RX1_IRQHandler</a> from startup_stm32f469xx.o(.text) referenced from startup_stm32f469xx.o(RESET)
 <LI><a href="#[7a]">CAN2_SCE_IRQHandler</a> from startup_stm32f469xx.o(.text) referenced from startup_stm32f469xx.o(RESET)
 <LI><a href="#[77]">CAN2_TX_IRQHandler</a> from startup_stm32f469xx.o(.text) referenced from startup_stm32f469xx.o(RESET)
 <LI><a href="#[86]">DCMI_IRQHandler</a> from startup_stm32f469xx.o(.text) referenced from startup_stm32f469xx.o(RESET)
 <LI><a href="#[43]">DMA1_Stream0_IRQHandler</a> from startup_stm32f469xx.o(.text) referenced from startup_stm32f469xx.o(RESET)
 <LI><a href="#[44]">DMA1_Stream1_IRQHandler</a> from startup_stm32f469xx.o(.text) referenced from startup_stm32f469xx.o(RESET)
 <LI><a href="#[45]">DMA1_Stream2_IRQHandler</a> from stm32f4xx_it.o(i.DMA1_Stream2_IRQHandler) referenced from startup_stm32f469xx.o(RESET)
 <LI><a href="#[46]">DMA1_Stream3_IRQHandler</a> from startup_stm32f469xx.o(.text) referenced from startup_stm32f469xx.o(RESET)
 <LI><a href="#[47]">DMA1_Stream4_IRQHandler</a> from startup_stm32f469xx.o(.text) referenced from startup_stm32f469xx.o(RESET)
 <LI><a href="#[48]">DMA1_Stream5_IRQHandler</a> from startup_stm32f469xx.o(.text) referenced from startup_stm32f469xx.o(RESET)
 <LI><a href="#[49]">DMA1_Stream6_IRQHandler</a> from startup_stm32f469xx.o(.text) referenced from startup_stm32f469xx.o(RESET)
 <LI><a href="#[67]">DMA1_Stream7_IRQHandler</a> from startup_stm32f469xx.o(.text) referenced from startup_stm32f469xx.o(RESET)
 <LI><a href="#[91]">DMA2D_IRQHandler</a> from startup_stm32f469xx.o(.text) referenced from startup_stm32f469xx.o(RESET)
 <LI><a href="#[70]">DMA2_Stream0_IRQHandler</a> from startup_stm32f469xx.o(.text) referenced from startup_stm32f469xx.o(RESET)
 <LI><a href="#[71]">DMA2_Stream1_IRQHandler</a> from stm32f4xx_it.o(i.DMA2_Stream1_IRQHandler) referenced from startup_stm32f469xx.o(RESET)
 <LI><a href="#[72]">DMA2_Stream2_IRQHandler</a> from startup_stm32f469xx.o(.text) referenced from startup_stm32f469xx.o(RESET)
 <LI><a href="#[73]">DMA2_Stream3_IRQHandler</a> from stm32f4xx_it.o(i.DMA2_Stream3_IRQHandler) referenced from startup_stm32f469xx.o(RESET)
 <LI><a href="#[74]">DMA2_Stream4_IRQHandler</a> from startup_stm32f469xx.o(.text) referenced from startup_stm32f469xx.o(RESET)
 <LI><a href="#[7c]">DMA2_Stream5_IRQHandler</a> from startup_stm32f469xx.o(.text) referenced from startup_stm32f469xx.o(RESET)
 <LI><a href="#[7d]">DMA2_Stream6_IRQHandler</a> from stm32f4xx_it.o(i.DMA2_Stream6_IRQHandler) referenced from startup_stm32f469xx.o(RESET)
 <LI><a href="#[7e]">DMA2_Stream7_IRQHandler</a> from startup_stm32f469xx.o(.text) referenced from startup_stm32f469xx.o(RESET)
 <LI><a href="#[93]">DSI_IRQHandler</a> from startup_stm32f469xx.o(.text) referenced from startup_stm32f469xx.o(RESET)
 <LI><a href="#[35]">DebugMon_Handler</a> from stm32f4xx_it.o(i.DebugMon_Handler) referenced from startup_stm32f469xx.o(RESET)
 <LI><a href="#[75]">ETH_IRQHandler</a> from startup_stm32f469xx.o(.text) referenced from startup_stm32f469xx.o(RESET)
 <LI><a href="#[76]">ETH_WKUP_IRQHandler</a> from startup_stm32f469xx.o(.text) referenced from startup_stm32f469xx.o(RESET)
 <LI><a href="#[3e]">EXTI0_IRQHandler</a> from stm32f4xx_it.o(i.EXTI0_IRQHandler) referenced from startup_stm32f469xx.o(RESET)
 <LI><a href="#[60]">EXTI15_10_IRQHandler</a> from startup_stm32f469xx.o(.text) referenced from startup_stm32f469xx.o(RESET)
 <LI><a href="#[3f]">EXTI1_IRQHandler</a> from startup_stm32f469xx.o(.text) referenced from startup_stm32f469xx.o(RESET)
 <LI><a href="#[40]">EXTI2_IRQHandler</a> from stm32f4xx_it.o(i.EXTI2_IRQHandler) referenced from startup_stm32f469xx.o(RESET)
 <LI><a href="#[41]">EXTI3_IRQHandler</a> from startup_stm32f469xx.o(.text) referenced from startup_stm32f469xx.o(RESET)
 <LI><a href="#[42]">EXTI4_IRQHandler</a> from startup_stm32f469xx.o(.text) referenced from startup_stm32f469xx.o(RESET)
 <LI><a href="#[4f]">EXTI9_5_IRQHandler</a> from startup_stm32f469xx.o(.text) referenced from startup_stm32f469xx.o(RESET)
 <LI><a href="#[3c]">FLASH_IRQHandler</a> from startup_stm32f469xx.o(.text) referenced from startup_stm32f469xx.o(RESET)
 <LI><a href="#[68]">FMC_IRQHandler</a> from startup_stm32f469xx.o(.text) referenced from startup_stm32f469xx.o(RESET)
 <LI><a href="#[88]">FPU_IRQHandler</a> from startup_stm32f469xx.o(.text) referenced from startup_stm32f469xx.o(RESET)
 <LI><a href="#[87]">HASH_RNG_IRQHandler</a> from startup_stm32f469xx.o(.text) referenced from startup_stm32f469xx.o(RESET)
 <LI><a href="#[30]">HardFault_Handler</a> from stm32f4xx_it.o(i.HardFault_Handler) referenced from startup_stm32f469xx.o(RESET)
 <LI><a href="#[58]">I2C1_ER_IRQHandler</a> from startup_stm32f469xx.o(.text) referenced from startup_stm32f469xx.o(RESET)
 <LI><a href="#[57]">I2C1_EV_IRQHandler</a> from startup_stm32f469xx.o(.text) referenced from startup_stm32f469xx.o(RESET)
 <LI><a href="#[5a]">I2C2_ER_IRQHandler</a> from startup_stm32f469xx.o(.text) referenced from startup_stm32f469xx.o(RESET)
 <LI><a href="#[59]">I2C2_EV_IRQHandler</a> from startup_stm32f469xx.o(.text) referenced from startup_stm32f469xx.o(RESET)
 <LI><a href="#[81]">I2C3_ER_IRQHandler</a> from startup_stm32f469xx.o(.text) referenced from startup_stm32f469xx.o(RESET)
 <LI><a href="#[80]">I2C3_EV_IRQHandler</a> from startup_stm32f469xx.o(.text) referenced from startup_stm32f469xx.o(RESET)
 <LI><a href="#[9e]">Jpeg_CallbackFunction</a> from user_jpeg.o(i.Jpeg_CallbackFunction) referenced from user_jpeg.o(i.Show_MusicJPEG)
 <LI><a href="#[90]">LTDC_ER_IRQHandler</a> from startup_stm32f469xx.o(.text) referenced from startup_stm32f469xx.o(RESET)
 <LI><a href="#[8f]">LTDC_IRQHandler</a> from startup_stm32f469xx.o(.text) referenced from startup_stm32f469xx.o(RESET)
 <LI><a href="#[31]">MemManage_Handler</a> from stm32f4xx_it.o(i.MemManage_Handler) referenced from startup_stm32f469xx.o(RESET)
 <LI><a href="#[2f]">NMI_Handler</a> from stm32f4xx_it.o(i.NMI_Handler) referenced from startup_stm32f469xx.o(RESET)
 <LI><a href="#[7b]">OTG_FS_IRQHandler</a> from stm32f4xx_it.o(i.OTG_FS_IRQHandler) referenced from startup_stm32f469xx.o(RESET)
 <LI><a href="#[62]">OTG_FS_WKUP_IRQHandler</a> from startup_stm32f469xx.o(.text) referenced from startup_stm32f469xx.o(RESET)
 <LI><a href="#[83]">OTG_HS_EP1_IN_IRQHandler</a> from startup_stm32f469xx.o(.text) referenced from startup_stm32f469xx.o(RESET)
 <LI><a href="#[82]">OTG_HS_EP1_OUT_IRQHandler</a> from startup_stm32f469xx.o(.text) referenced from startup_stm32f469xx.o(RESET)
 <LI><a href="#[85]">OTG_HS_IRQHandler</a> from startup_stm32f469xx.o(.text) referenced from startup_stm32f469xx.o(RESET)
 <LI><a href="#[84]">OTG_HS_WKUP_IRQHandler</a> from startup_stm32f469xx.o(.text) referenced from startup_stm32f469xx.o(RESET)
 <LI><a href="#[39]">PVD_IRQHandler</a> from startup_stm32f469xx.o(.text) referenced from startup_stm32f469xx.o(RESET)
 <LI><a href="#[36]">PendSV_Handler</a> from stm32f4xx_it.o(i.PendSV_Handler) referenced from startup_stm32f469xx.o(RESET)
 <LI><a href="#[92]">QUADSPI_IRQHandler</a> from startup_stm32f469xx.o(.text) referenced from startup_stm32f469xx.o(RESET)
 <LI><a href="#[3d]">RCC_IRQHandler</a> from startup_stm32f469xx.o(.text) referenced from startup_stm32f469xx.o(RESET)
 <LI><a href="#[61]">RTC_Alarm_IRQHandler</a> from startup_stm32f469xx.o(.text) referenced from startup_stm32f469xx.o(RESET)
 <LI><a href="#[3b]">RTC_WKUP_IRQHandler</a> from startup_stm32f469xx.o(.text) referenced from startup_stm32f469xx.o(RESET)
 <LI><a href="#[2e]">Reset_Handler</a> from startup_stm32f469xx.o(.text) referenced from startup_stm32f469xx.o(RESET)
 <LI><a href="#[8e]">SAI1_IRQHandler</a> from startup_stm32f469xx.o(.text) referenced from startup_stm32f469xx.o(RESET)
 <LI><a href="#[99]">SAI_DMAError</a> from stm32f4xx_hal_sai.o(i.SAI_DMAError) referenced from stm32f4xx_hal_sai.o(i.HAL_SAI_Transmit_DMA)
 <LI><a href="#[98]">SAI_DMATxCplt</a> from stm32f4xx_hal_sai.o(i.SAI_DMATxCplt) referenced from stm32f4xx_hal_sai.o(i.HAL_SAI_Transmit_DMA)
 <LI><a href="#[97]">SAI_DMATxHalfCplt</a> from stm32f4xx_hal_sai.o(i.SAI_DMATxHalfCplt) referenced from stm32f4xx_hal_sai.o(i.HAL_SAI_Transmit_DMA)
 <LI><a href="#[69]">SDIO_IRQHandler</a> from stm32f4xx_it.o(i.SDIO_IRQHandler) referenced from startup_stm32f469xx.o(RESET)
 <LI><a href="#[9a]">SD_DMA_RxCplt</a> from stm32f4xx_hal_sd.o(i.SD_DMA_RxCplt) referenced from stm32f4xx_hal_sd.o(i.HAL_SD_ReadBlocks_DMA)
 <LI><a href="#[9b]">SD_DMA_RxError</a> from stm32f4xx_hal_sd.o(i.SD_DMA_RxError) referenced from stm32f4xx_hal_sd.o(i.HAL_SD_ReadBlocks_DMA)
 <LI><a href="#[9c]">SD_DMA_TxCplt</a> from stm32f4xx_hal_sd.o(i.SD_DMA_TxCplt) referenced from stm32f4xx_hal_sd.o(i.HAL_SD_WriteBlocks_DMA)
 <LI><a href="#[9d]">SD_DMA_TxError</a> from stm32f4xx_hal_sd.o(i.SD_DMA_TxError) referenced from stm32f4xx_hal_sd.o(i.HAL_SD_WriteBlocks_DMA)
 <LI><a href="#[103]">SD_initialize</a> from sd_diskio.o(i.SD_initialize) referenced from sd_diskio.o(.constdata)
 <LI><a href="#[107]">SD_ioctl</a> from sd_diskio.o(i.SD_ioctl) referenced from sd_diskio.o(.constdata)
 <LI><a href="#[105]">SD_read</a> from sd_diskio.o(i.SD_read) referenced from sd_diskio.o(.constdata)
 <LI><a href="#[104]">SD_status</a> from sd_diskio.o(i.SD_status) referenced from sd_diskio.o(.constdata)
 <LI><a href="#[106]">SD_write</a> from sd_diskio.o(i.SD_write) referenced from sd_diskio.o(.constdata)
 <LI><a href="#[5b]">SPI1_IRQHandler</a> from startup_stm32f469xx.o(.text) referenced from startup_stm32f469xx.o(RESET)
 <LI><a href="#[5c]">SPI2_IRQHandler</a> from startup_stm32f469xx.o(.text) referenced from startup_stm32f469xx.o(RESET)
 <LI><a href="#[6b]">SPI3_IRQHandler</a> from startup_stm32f469xx.o(.text) referenced from startup_stm32f469xx.o(RESET)
 <LI><a href="#[8b]">SPI4_IRQHandler</a> from startup_stm32f469xx.o(.text) referenced from startup_stm32f469xx.o(RESET)
 <LI><a href="#[8c]">SPI5_IRQHandler</a> from startup_stm32f469xx.o(.text) referenced from startup_stm32f469xx.o(RESET)
 <LI><a href="#[8d]">SPI6_IRQHandler</a> from startup_stm32f469xx.o(.text) referenced from startup_stm32f469xx.o(RESET)
 <LI><a href="#[9]">STORAGE_GetCapacity</a> from usbd_storage.o(i.STORAGE_GetCapacity) referenced 2 times from usbd_storage.o(.data)
 <LI><a href="#[e]">STORAGE_GetMaxLun</a> from usbd_storage.o(i.STORAGE_GetMaxLun) referenced 2 times from usbd_storage.o(.data)
 <LI><a href="#[8]">STORAGE_Init</a> from usbd_storage.o(i.STORAGE_Init) referenced 2 times from usbd_storage.o(.data)
 <LI><a href="#[a]">STORAGE_IsReady</a> from usbd_storage.o(i.STORAGE_IsReady) referenced 2 times from usbd_storage.o(.data)
 <LI><a href="#[b]">STORAGE_IsWriteProtected</a> from usbd_storage.o(i.STORAGE_IsWriteProtected) referenced 2 times from usbd_storage.o(.data)
 <LI><a href="#[c]">STORAGE_Read</a> from usbd_storage.o(i.STORAGE_Read) referenced 2 times from usbd_storage.o(.data)
 <LI><a href="#[d]">STORAGE_Write</a> from usbd_storage.o(i.STORAGE_Write) referenced 2 times from usbd_storage.o(.data)
 <LI><a href="#[34]">SVC_Handler</a> from stm32f4xx_it.o(i.SVC_Handler) referenced from startup_stm32f469xx.o(RESET)
 <LI><a href="#[37]">SysTick_Handler</a> from stm32f4xx_it.o(i.SysTick_Handler) referenced from startup_stm32f469xx.o(RESET)
 <LI><a href="#[95]">SystemInit</a> from system_stm32f4xx.o(i.SystemInit) referenced from startup_stm32f469xx.o(.text)
 <LI><a href="#[3a]">TAMP_STAMP_IRQHandler</a> from startup_stm32f469xx.o(.text) referenced from startup_stm32f469xx.o(RESET)
 <LI><a href="#[50]">TIM1_BRK_TIM9_IRQHandler</a> from startup_stm32f469xx.o(.text) referenced from startup_stm32f469xx.o(RESET)
 <LI><a href="#[53]">TIM1_CC_IRQHandler</a> from startup_stm32f469xx.o(.text) referenced from startup_stm32f469xx.o(RESET)
 <LI><a href="#[52]">TIM1_TRG_COM_TIM11_IRQHandler</a> from startup_stm32f469xx.o(.text) referenced from startup_stm32f469xx.o(RESET)
 <LI><a href="#[51]">TIM1_UP_TIM10_IRQHandler</a> from startup_stm32f469xx.o(.text) referenced from startup_stm32f469xx.o(RESET)
 <LI><a href="#[54]">TIM2_IRQHandler</a> from startup_stm32f469xx.o(.text) referenced from startup_stm32f469xx.o(RESET)
 <LI><a href="#[55]">TIM3_IRQHandler</a> from startup_stm32f469xx.o(.text) referenced from startup_stm32f469xx.o(RESET)
 <LI><a href="#[56]">TIM4_IRQHandler</a> from startup_stm32f469xx.o(.text) referenced from startup_stm32f469xx.o(RESET)
 <LI><a href="#[6a]">TIM5_IRQHandler</a> from startup_stm32f469xx.o(.text) referenced from startup_stm32f469xx.o(RESET)
 <LI><a href="#[6e]">TIM6_DAC_IRQHandler</a> from startup_stm32f469xx.o(.text) referenced from startup_stm32f469xx.o(RESET)
 <LI><a href="#[6f]">TIM7_IRQHandler</a> from startup_stm32f469xx.o(.text) referenced from startup_stm32f469xx.o(RESET)
 <LI><a href="#[63]">TIM8_BRK_TIM12_IRQHandler</a> from startup_stm32f469xx.o(.text) referenced from startup_stm32f469xx.o(RESET)
 <LI><a href="#[66]">TIM8_CC_IRQHandler</a> from startup_stm32f469xx.o(.text) referenced from startup_stm32f469xx.o(RESET)
 <LI><a href="#[65]">TIM8_TRG_COM_TIM14_IRQHandler</a> from startup_stm32f469xx.o(.text) referenced from startup_stm32f469xx.o(RESET)
 <LI><a href="#[64]">TIM8_UP_TIM13_IRQHandler</a> from startup_stm32f469xx.o(.text) referenced from startup_stm32f469xx.o(RESET)
 <LI><a href="#[6c]">UART4_IRQHandler</a> from startup_stm32f469xx.o(.text) referenced from startup_stm32f469xx.o(RESET)
 <LI><a href="#[6d]">UART5_IRQHandler</a> from startup_stm32f469xx.o(.text) referenced from startup_stm32f469xx.o(RESET)
 <LI><a href="#[89]">UART7_IRQHandler</a> from startup_stm32f469xx.o(.text) referenced from startup_stm32f469xx.o(RESET)
 <LI><a href="#[8a]">UART8_IRQHandler</a> from startup_stm32f469xx.o(.text) referenced from startup_stm32f469xx.o(RESET)
 <LI><a href="#[5d]">USART1_IRQHandler</a> from startup_stm32f469xx.o(.text) referenced from startup_stm32f469xx.o(RESET)
 <LI><a href="#[5e]">USART2_IRQHandler</a> from startup_stm32f469xx.o(.text) referenced from startup_stm32f469xx.o(RESET)
 <LI><a href="#[5f]">USART3_IRQHandler</a> from startup_stm32f469xx.o(.text) referenced from startup_stm32f469xx.o(RESET)
 <LI><a href="#[7f]">USART6_IRQHandler</a> from startup_stm32f469xx.o(.text) referenced from startup_stm32f469xx.o(RESET)
 <LI><a href="#[6]">USBD_MSC_ConfigStrDescriptor</a> from usbd_desc.o(i.USBD_MSC_ConfigStrDescriptor) referenced 2 times from usbd_desc.o(.data)
 <LI><a href="#[28]">USBD_MSC_DataIn</a> from usbd_msc.o(i.USBD_MSC_DataIn) referenced 2 times from usbd_msc.o(.data)
 <LI><a href="#[29]">USBD_MSC_DataOut</a> from usbd_msc.o(i.USBD_MSC_DataOut) referenced 2 times from usbd_msc.o(.data)
 <LI><a href="#[26]">USBD_MSC_DeInit</a> from usbd_msc.o(i.USBD_MSC_DeInit) referenced 2 times from usbd_msc.o(.data)
 <LI><a href="#[1]">USBD_MSC_DeviceDescriptor</a> from usbd_desc.o(i.USBD_MSC_DeviceDescriptor) referenced 2 times from usbd_desc.o(.data)
 <LI><a href="#[2d]">USBD_MSC_GetDeviceQualifierDescriptor</a> from usbd_msc.o(i.USBD_MSC_GetDeviceQualifierDescriptor) referenced 2 times from usbd_msc.o(.data)
 <LI><a href="#[2b]">USBD_MSC_GetFSCfgDesc</a> from usbd_msc.o(i.USBD_MSC_GetFSCfgDesc) referenced 2 times from usbd_msc.o(.data)
 <LI><a href="#[2a]">USBD_MSC_GetHSCfgDesc</a> from usbd_msc.o(i.USBD_MSC_GetHSCfgDesc) referenced 2 times from usbd_msc.o(.data)
 <LI><a href="#[2c]">USBD_MSC_GetOtherSpeedCfgDesc</a> from usbd_msc.o(i.USBD_MSC_GetOtherSpeedCfgDesc) referenced 2 times from usbd_msc.o(.data)
 <LI><a href="#[25]">USBD_MSC_Init</a> from usbd_msc.o(i.USBD_MSC_Init) referenced 2 times from usbd_msc.o(.data)
 <LI><a href="#[7]">USBD_MSC_InterfaceStrDescriptor</a> from usbd_desc.o(i.USBD_MSC_InterfaceStrDescriptor) referenced 2 times from usbd_desc.o(.data)
 <LI><a href="#[2]">USBD_MSC_LangIDStrDescriptor</a> from usbd_desc.o(i.USBD_MSC_LangIDStrDescriptor) referenced 2 times from usbd_desc.o(.data)
 <LI><a href="#[3]">USBD_MSC_ManufacturerStrDescriptor</a> from usbd_desc.o(i.USBD_MSC_ManufacturerStrDescriptor) referenced 2 times from usbd_desc.o(.data)
 <LI><a href="#[4]">USBD_MSC_ProductStrDescriptor</a> from usbd_desc.o(i.USBD_MSC_ProductStrDescriptor) referenced 2 times from usbd_desc.o(.data)
 <LI><a href="#[5]">USBD_MSC_SerialStrDescriptor</a> from usbd_desc.o(i.USBD_MSC_SerialStrDescriptor) referenced 2 times from usbd_desc.o(.data)
 <LI><a href="#[27]">USBD_MSC_Setup</a> from usbd_msc.o(i.USBD_MSC_Setup) referenced 2 times from usbd_msc.o(.data)
 <LI><a href="#[33]">UsageFault_Handler</a> from stm32f4xx_it.o(i.UsageFault_Handler) referenced from startup_stm32f469xx.o(RESET)
 <LI><a href="#[38]">WWDG_IRQHandler</a> from startup_stm32f469xx.o(.text) referenced from startup_stm32f469xx.o(RESET)
 <LI><a href="#[96]">__main</a> from entry.o(.ARM.Collect$$$$00000000) referenced from startup_stm32f469xx.o(.text)
 <LI><a href="#[a0]">_sputc</a> from printfa.o(i._sputc) referenced from printfa.o(i.__0sprintf)
 <LI><a href="#[ca]">access_virt_barray</a> from jmemmgr.o(i.access_virt_barray) referenced from jmemmgr.o(i.jinit_memory_mgr)
 <LI><a href="#[c9]">access_virt_sarray</a> from jmemmgr.o(i.access_virt_sarray) referenced from jmemmgr.o(i.jinit_memory_mgr)
 <LI><a href="#[c5]">alloc_barray</a> from jmemmgr.o(i.alloc_barray) referenced from jmemmgr.o(i.jinit_memory_mgr)
 <LI><a href="#[c3]">alloc_large</a> from jmemmgr.o(i.alloc_large) referenced from jmemmgr.o(i.jinit_memory_mgr)
 <LI><a href="#[c4]">alloc_sarray</a> from jmemmgr.o(i.alloc_sarray) referenced from jmemmgr.o(i.jinit_memory_mgr)
 <LI><a href="#[c2]">alloc_small</a> from jmemmgr.o(i.alloc_small) referenced from jmemmgr.o(i.jinit_memory_mgr)
 <LI><a href="#[ed]">color_quantize</a> from jquant1.o(i.color_quantize) referenced from jquant1.o(i.start_pass_1_quant)
 <LI><a href="#[ee]">color_quantize3</a> from jquant1.o(i.color_quantize3) referenced from jquant1.o(i.start_pass_1_quant)
 <LI><a href="#[a1]">consume_markers</a> from jdinput.o(i.consume_markers) referenced from jdinput.o(i.finish_input_pass)
 <LI><a href="#[a1]">consume_markers</a> from jdinput.o(i.consume_markers) referenced from jdinput.o(i.jinit_input_controller)
 <LI><a href="#[a1]">consume_markers</a> from jdinput.o(i.consume_markers) referenced from jdinput.o(i.reset_input_controller)
 <LI><a href="#[10]">cs43l22_DeInit</a> from cs43l22.o(i.cs43l22_DeInit) referenced 2 times from cs43l22.o(.data)
 <LI><a href="#[f]">cs43l22_Init</a> from cs43l22.o(i.cs43l22_Init) referenced 2 times from cs43l22.o(.data)
 <LI><a href="#[13]">cs43l22_Pause</a> from cs43l22.o(i.cs43l22_Pause) referenced 2 times from cs43l22.o(.data)
 <LI><a href="#[12]">cs43l22_Play</a> from cs43l22.o(i.cs43l22_Play) referenced 2 times from cs43l22.o(.data)
 <LI><a href="#[11]">cs43l22_ReadID</a> from cs43l22.o(i.cs43l22_ReadID) referenced 2 times from cs43l22.o(.data)
 <LI><a href="#[1a]">cs43l22_Reset</a> from cs43l22.o(i.cs43l22_Reset) referenced 2 times from cs43l22.o(.data)
 <LI><a href="#[14]">cs43l22_Resume</a> from cs43l22.o(i.cs43l22_Resume) referenced 2 times from cs43l22.o(.data)
 <LI><a href="#[16]">cs43l22_SetFrequency</a> from cs43l22.o(i.cs43l22_SetFrequency) referenced 2 times from cs43l22.o(.data)
 <LI><a href="#[18]">cs43l22_SetMute</a> from cs43l22.o(i.cs43l22_SetMute) referenced 2 times from cs43l22.o(.data)
 <LI><a href="#[19]">cs43l22_SetOutputMode</a> from cs43l22.o(i.cs43l22_SetOutputMode) referenced 2 times from cs43l22.o(.data)
 <LI><a href="#[17]">cs43l22_SetVolume</a> from cs43l22.o(i.cs43l22_SetVolume) referenced 2 times from cs43l22.o(.data)
 <LI><a href="#[15]">cs43l22_Stop</a> from cs43l22.o(i.cs43l22_Stop) referenced 2 times from cs43l22.o(.data)
 <LI><a href="#[e9]">decode_mcu</a> from jdarith.o(i.decode_mcu) referenced from jdarith.o(i.start_pass)
 <LI><a href="#[ff]">decode_mcu</a> from jdhuff.o(i.decode_mcu) referenced from jdhuff.o(i.start_pass_huff_decoder)
 <LI><a href="#[e7]">decode_mcu_AC_first</a> from jdarith.o(i.decode_mcu_AC_first) referenced from jdarith.o(i.start_pass)
 <LI><a href="#[fc]">decode_mcu_AC_first</a> from jdhuff.o(i.decode_mcu_AC_first) referenced from jdhuff.o(i.start_pass_huff_decoder)
 <LI><a href="#[e6]">decode_mcu_AC_refine</a> from jdarith.o(i.decode_mcu_AC_refine) referenced from jdarith.o(i.start_pass)
 <LI><a href="#[fb]">decode_mcu_AC_refine</a> from jdhuff.o(i.decode_mcu_AC_refine) referenced from jdhuff.o(i.start_pass_huff_decoder)
 <LI><a href="#[e8]">decode_mcu_DC_first</a> from jdarith.o(i.decode_mcu_DC_first) referenced from jdarith.o(i.start_pass)
 <LI><a href="#[fd]">decode_mcu_DC_first</a> from jdhuff.o(i.decode_mcu_DC_first) referenced from jdhuff.o(i.start_pass_huff_decoder)
 <LI><a href="#[e5]">decode_mcu_DC_refine</a> from jdarith.o(i.decode_mcu_DC_refine) referenced from jdarith.o(i.start_pass)
 <LI><a href="#[fa]">decode_mcu_DC_refine</a> from jdhuff.o(i.decode_mcu_DC_refine) referenced from jdhuff.o(i.start_pass_huff_decoder)
 <LI><a href="#[fe]">decode_mcu_sub</a> from jdhuff.o(i.decode_mcu_sub) referenced from jdhuff.o(i.start_pass_huff_decoder)
 <LI><a href="#[b3]">decompress_onepass</a> from jdcoefct.o(i.decompress_onepass) referenced from jdcoefct.o(i.jinit_d_coef_controller)
 <LI><a href="#[b2]">dummy_consume_data</a> from jdcoefct.o(i.dummy_consume_data) referenced from jdcoefct.o(i.jinit_d_coef_controller)
 <LI><a href="#[df]">emit_message</a> from jerror.o(i.emit_message) referenced from jerror.o(i.jpeg_std_error)
 <LI><a href="#[de]">error_exit</a> from jerror.o(i.error_exit) referenced from jerror.o(i.jpeg_std_error)
 <LI><a href="#[e4]">fill_input_buffer</a> from jdatasrc.o(i.fill_input_buffer) referenced from jdatasrc.o(i.jpeg_stdio_src)
 <LI><a href="#[da]">fill_mem_input_buffer</a> from jdatasrc.o(i.fill_mem_input_buffer) referenced from jdatasrc.o(i.jpeg_mem_src)
 <LI><a href="#[b9]">finish_input_pass</a> from jdinput.o(i.finish_input_pass) referenced from jdinput.o(i.jinit_input_controller)
 <LI><a href="#[c1]">finish_output_pass</a> from jdmaster.o(i.finish_output_pass) referenced from jdmaster.o(i.jinit_master_decompress)
 <LI><a href="#[f3]">finish_pass1</a> from jquant2.o(i.finish_pass1) referenced from jquant2.o(i.start_pass_2_quant)
 <LI><a href="#[f6]">finish_pass2</a> from jquant2.o(i.finish_pass2) referenced from jquant2.o(i.start_pass_2_quant)
 <LI><a href="#[a3]">finish_pass_1_quant</a> from jquant1.o(i.finish_pass_1_quant) referenced from jquant1.o(i.jinit_1pass_quantizer)
 <LI><a href="#[e1]">format_message</a> from jerror.o(i.format_message) referenced from jerror.o(i.jpeg_std_error)
 <LI><a href="#[9f]">fputc</a> from main.o(i.fputc) referenced from printfa.o(i.__0printf)
 <LI><a href="#[cb]">free_pool</a> from jmemmgr.o(i.free_pool) referenced from jmemmgr.o(i.jinit_memory_mgr)
 <LI><a href="#[1b]">ft6x06_Init</a> from ft6x06.o(i.ft6x06_Init) referenced 2 times from ft6x06.o(.data)
 <LI><a href="#[1c]">ft6x06_ReadID</a> from ft6x06.o(i.ft6x06_ReadID) referenced 2 times from ft6x06.o(.data)
 <LI><a href="#[1d]">ft6x06_Reset</a> from ft6x06.o(i.ft6x06_Reset) referenced 2 times from ft6x06.o(.data)
 <LI><a href="#[22]">ft6x06_TS_ClearIT</a> from ft6x06.o(i.ft6x06_TS_ClearIT) referenced 2 times from ft6x06.o(.data)
 <LI><a href="#[1f]">ft6x06_TS_DetectTouch</a> from ft6x06.o(i.ft6x06_TS_DetectTouch) referenced 2 times from ft6x06.o(.data)
 <LI><a href="#[24]">ft6x06_TS_DisableIT</a> from ft6x06.o(i.ft6x06_TS_DisableIT) referenced 2 times from ft6x06.o(.data)
 <LI><a href="#[21]">ft6x06_TS_EnableIT</a> from ft6x06.o(i.ft6x06_TS_EnableIT) referenced 2 times from ft6x06.o(.data)
 <LI><a href="#[20]">ft6x06_TS_GetXY</a> from ft6x06.o(i.ft6x06_TS_GetXY) referenced 2 times from ft6x06.o(.data)
 <LI><a href="#[23]">ft6x06_TS_ITStatus</a> from ft6x06.o(i.ft6x06_TS_ITStatus) referenced 2 times from ft6x06.o(.data)
 <LI><a href="#[1e]">ft6x06_TS_Start</a> from ft6x06.o(i.ft6x06_TS_Start) referenced 2 times from ft6x06.o(.data)
 <LI><a href="#[d5]">fullsize_upsample</a> from jdsample.o(i.fullsize_upsample) referenced from jdsample.o(i.jinit_upsampler)
 <LI><a href="#[bf]">get_interesting_appn</a> from jdmarker.o(i.get_interesting_appn) referenced from jdmarker.o(i.jinit_marker_reader)
 <LI><a href="#[ac]">gray_rgb_convert</a> from jdcolor.o(i.gray_rgb_convert) referenced from jdcolor.o(i.jinit_color_deconverter)
 <LI><a href="#[aa]">grayscale_convert</a> from jdcolor.o(i.grayscale_convert) referenced from jdcolor.o(i.jinit_color_deconverter)
 <LI><a href="#[cf]">h2v1_merged_upsample</a> from jdmerge.o(i.h2v1_merged_upsample) referenced from jdmerge.o(i.jinit_merged_upsampler)
 <LI><a href="#[d6]">h2v1_upsample</a> from jdsample.o(i.h2v1_upsample) referenced from jdsample.o(i.jinit_upsampler)
 <LI><a href="#[d1]">h2v2_merged_upsample</a> from jdmerge.o(i.h2v2_merged_upsample) referenced from jdmerge.o(i.jinit_merged_upsampler)
 <LI><a href="#[d7]">h2v2_upsample</a> from jdsample.o(i.h2v2_upsample) referenced from jdsample.o(i.jinit_upsampler)
 <LI><a href="#[d9]">init_mem_source</a> from jdatasrc.o(i.init_mem_source) referenced from jdatasrc.o(i.jpeg_mem_src)
 <LI><a href="#[e3]">init_source</a> from jdatasrc.o(i.init_source) referenced from jdatasrc.o(i.jpeg_stdio_src)
 <LI><a href="#[d8]">int_upsample</a> from jdsample.o(i.int_upsample) referenced from jdsample.o(i.jinit_upsampler)
 <LI><a href="#[ec]">jpeg_idct_float</a> from jidctflt.o(i.jpeg_idct_float) referenced from jddctmgr.o(i.start_pass)
 <LI><a href="#[eb]">jpeg_idct_ifast</a> from jidctfst.o(i.jpeg_idct_ifast) referenced from jddctmgr.o(i.start_pass)
 <LI><a href="#[ea]">jpeg_idct_islow</a> from jidctint.o(i.jpeg_idct_islow) referenced from jddctmgr.o(i.start_pass)
 <LI><a href="#[dc]">jpeg_resync_to_restart</a> from jdmarker.o(i.jpeg_resync_to_restart) referenced from jdatasrc.o(i.jpeg_mem_src)
 <LI><a href="#[dc]">jpeg_resync_to_restart</a> from jdmarker.o(i.jpeg_resync_to_restart) referenced from jdatasrc.o(i.jpeg_stdio_src)
 <LI><a href="#[94]">main</a> from main.o(i.main) referenced from entry9a.o(.ARM.Collect$$$$0000000B)
 <LI><a href="#[ce]">merged_1v_upsample</a> from jdmerge.o(i.merged_1v_upsample) referenced from jdmerge.o(i.jinit_merged_upsampler)
 <LI><a href="#[d0]">merged_2v_upsample</a> from jdmerge.o(i.merged_2v_upsample) referenced from jdmerge.o(i.jinit_merged_upsampler)
 <LI><a href="#[a4]">new_color_map_1_quant</a> from jquant1.o(i.new_color_map_1_quant) referenced from jquant1.o(i.jinit_1pass_quantizer)
 <LI><a href="#[a6]">new_color_map_2_quant</a> from jquant2.o(i.new_color_map_2_quant) referenced from jquant2.o(i.jinit_2pass_quantizer)
 <LI><a href="#[d4]">noop_upsample</a> from jdsample.o(i.noop_upsample) referenced from jdsample.o(i.jinit_upsampler)
 <LI><a href="#[a9]">null_convert</a> from jdcolor.o(i.null_convert) referenced from jdcolor.o(i.jinit_color_deconverter)
 <LI><a href="#[e0]">output_message</a> from jerror.o(i.output_message) referenced from jerror.o(i.jpeg_std_error)
 <LI><a href="#[f5]">pass2_fs_dither</a> from jquant2.o(i.pass2_fs_dither) referenced from jquant2.o(i.start_pass_2_quant)
 <LI><a href="#[f4]">pass2_no_dither</a> from jquant2.o(i.pass2_no_dither) referenced from jquant2.o(i.start_pass_2_quant)
 <LI><a href="#[f7]">post_process_1pass</a> from jdpostct.o(i.post_process_1pass) referenced from jdpostct.o(i.start_pass_dpost)
 <LI><a href="#[f9]">post_process_2pass</a> from jdpostct.o(i.post_process_2pass) referenced from jdpostct.o(i.start_pass_dpost)
 <LI><a href="#[f8]">post_process_prepass</a> from jdpostct.o(i.post_process_prepass) referenced from jdpostct.o(i.start_pass_dpost)
 <LI><a href="#[c0]">prepare_for_output_pass</a> from jdmaster.o(i.prepare_for_output_pass) referenced from jdmaster.o(i.jinit_master_decompress)
 <LI><a href="#[f2]">prescan_quantize</a> from jquant2.o(i.prescan_quantize) referenced from jquant2.o(i.start_pass_2_quant)
 <LI><a href="#[101]">process_data_context_main</a> from jdmainct.o(i.process_data_context_main) referenced from jdmainct.o(i.start_pass_main)
 <LI><a href="#[100]">process_data_crank_post</a> from jdmainct.o(i.process_data_crank_post) referenced from jdmainct.o(i.start_pass_main)
 <LI><a href="#[102]">process_data_simple_main</a> from jdmainct.o(i.process_data_simple_main) referenced from jdmainct.o(i.start_pass_main)
 <LI><a href="#[f0]">quantize3_ord_dither</a> from jquant1.o(i.quantize3_ord_dither) referenced from jquant1.o(i.start_pass_1_quant)
 <LI><a href="#[f1]">quantize_fs_dither</a> from jquant1.o(i.quantize_fs_dither) referenced from jquant1.o(i.start_pass_1_quant)
 <LI><a href="#[ef]">quantize_ord_dither</a> from jquant1.o(i.quantize_ord_dither) referenced from jquant1.o(i.start_pass_1_quant)
 <LI><a href="#[bc]">read_markers</a> from jdmarker.o(i.read_markers) referenced from jdmarker.o(i.jinit_marker_reader)
 <LI><a href="#[bd]">read_restart_marker</a> from jdmarker.o(i.read_restart_marker) referenced from jdmarker.o(i.jinit_marker_reader)
 <LI><a href="#[c8]">realize_virt_arrays</a> from jmemmgr.o(i.realize_virt_arrays) referenced from jmemmgr.o(i.jinit_memory_mgr)
 <LI><a href="#[c7]">request_virt_barray</a> from jmemmgr.o(i.request_virt_barray) referenced from jmemmgr.o(i.jinit_memory_mgr)
 <LI><a href="#[c6]">request_virt_sarray</a> from jmemmgr.o(i.request_virt_sarray) referenced from jmemmgr.o(i.jinit_memory_mgr)
 <LI><a href="#[e2]">reset_error_mgr</a> from jerror.o(i.reset_error_mgr) referenced from jerror.o(i.jpeg_std_error)
 <LI><a href="#[b7]">reset_input_controller</a> from jdinput.o(i.reset_input_controller) referenced from jdinput.o(i.jinit_input_controller)
 <LI><a href="#[bb]">reset_marker_reader</a> from jdmarker.o(i.reset_marker_reader) referenced from jdmarker.o(i.jinit_marker_reader)
 <LI><a href="#[ad]">rgb_convert</a> from jdcolor.o(i.rgb_convert) referenced from jdcolor.o(i.jinit_color_deconverter)
 <LI><a href="#[ab]">rgb_gray_convert</a> from jdcolor.o(i.rgb_gray_convert) referenced from jdcolor.o(i.jinit_color_deconverter)
 <LI><a href="#[cc]">self_destruct</a> from jmemmgr.o(i.self_destruct) referenced from jmemmgr.o(i.jinit_memory_mgr)
 <LI><a href="#[d3]">sep_upsample</a> from jdsample.o(i.sep_upsample) referenced from jdsample.o(i.jinit_upsampler)
 <LI><a href="#[db]">skip_input_data</a> from jdatasrc.o(i.skip_input_data) referenced from jdatasrc.o(i.jpeg_mem_src)
 <LI><a href="#[db]">skip_input_data</a> from jdatasrc.o(i.skip_input_data) referenced from jdatasrc.o(i.jpeg_stdio_src)
 <LI><a href="#[be]">skip_variable</a> from jdmarker.o(i.skip_variable) referenced from jdmarker.o(i.jinit_marker_reader)
 <LI><a href="#[b0]">start_input_pass</a> from jdcoefct.o(i.start_input_pass) referenced from jdcoefct.o(i.jinit_d_coef_controller)
 <LI><a href="#[b8]">start_input_pass</a> from jdinput.o(i.start_input_pass) referenced from jdinput.o(i.jinit_input_controller)
 <LI><a href="#[b1]">start_output_pass</a> from jdcoefct.o(i.start_output_pass) referenced from jdcoefct.o(i.jinit_d_coef_controller)
 <LI><a href="#[a7]">start_pass</a> from jdarith.o(i.start_pass) referenced from jdarith.o(i.jinit_arith_decoder)
 <LI><a href="#[ba]">start_pass</a> from jddctmgr.o(i.start_pass) referenced from jddctmgr.o(i.jinit_inverse_dct)
 <LI><a href="#[a2]">start_pass_1_quant</a> from jquant1.o(i.start_pass_1_quant) referenced from jquant1.o(i.jinit_1pass_quantizer)
 <LI><a href="#[a5]">start_pass_2_quant</a> from jquant2.o(i.start_pass_2_quant) referenced from jquant2.o(i.jinit_2pass_quantizer)
 <LI><a href="#[a8]">start_pass_dcolor</a> from jdcolor.o(i.start_pass_dcolor) referenced from jdcolor.o(i.jinit_color_deconverter)
 <LI><a href="#[b5]">start_pass_dpost</a> from jdpostct.o(i.start_pass_dpost) referenced from jdpostct.o(i.jinit_d_post_controller)
 <LI><a href="#[b6]">start_pass_huff_decoder</a> from jdhuff.o(i.start_pass_huff_decoder) referenced from jdhuff.o(i.jinit_huff_decoder)
 <LI><a href="#[b4]">start_pass_main</a> from jdmainct.o(i.start_pass_main) referenced from jdmainct.o(i.jinit_d_main_controller)
 <LI><a href="#[cd]">start_pass_merged_upsample</a> from jdmerge.o(i.start_pass_merged_upsample) referenced from jdmerge.o(i.jinit_merged_upsampler)
 <LI><a href="#[d2]">start_pass_upsample</a> from jdsample.o(i.start_pass_upsample) referenced from jdsample.o(i.jinit_upsampler)
 <LI><a href="#[dd]">term_source</a> from jdatasrc.o(i.term_source) referenced from jdatasrc.o(i.jpeg_mem_src)
 <LI><a href="#[dd]">term_source</a> from jdatasrc.o(i.term_source) referenced from jdatasrc.o(i.jpeg_stdio_src)
 <LI><a href="#[ae]">ycc_rgb_convert</a> from jdcolor.o(i.ycc_rgb_convert) referenced from jdcolor.o(i.jinit_color_deconverter)
 <LI><a href="#[af]">ycck_cmyk_convert</a> from jdcolor.o(i.ycck_cmyk_convert) referenced from jdcolor.o(i.jinit_color_deconverter)
</UL>
<P>
<H3>
Global Symbols
</H3>
<P><STRONG><a name="[96]"></a>__main</STRONG> (Thumb, 0 bytes, Stack size unknown bytes, entry.o(.ARM.Collect$$$$00000000))
<BR>[Address Reference Count : 1]<UL><LI> startup_stm32f469xx.o(.text)
</UL>
<P><STRONG><a name="[317]"></a>_main_stk</STRONG> (Thumb, 0 bytes, Stack size unknown bytes, entry2.o(.ARM.Collect$$$$00000001))

<P><STRONG><a name="[108]"></a>_main_scatterload</STRONG> (Thumb, 0 bytes, Stack size unknown bytes, entry5.o(.ARM.Collect$$$$00000004))
<BR><BR>[Calls]<UL><LI><a href="#[109]">&gt;&gt;</a>&nbsp;&nbsp;&nbsp;__scatterload
</UL>

<P><STRONG><a name="[11c]"></a>__main_after_scatterload</STRONG> (Thumb, 0 bytes, Stack size unknown bytes, entry5.o(.ARM.Collect$$$$00000004))
<BR><BR>[Called By]<UL><LI><a href="#[109]">&gt;&gt;</a>&nbsp;&nbsp;&nbsp;__scatterload
</UL>

<P><STRONG><a name="[318]"></a>_main_clock</STRONG> (Thumb, 0 bytes, Stack size unknown bytes, entry7b.o(.ARM.Collect$$$$00000008))

<P><STRONG><a name="[319]"></a>_main_cpp_init</STRONG> (Thumb, 0 bytes, Stack size unknown bytes, entry8b.o(.ARM.Collect$$$$0000000A))

<P><STRONG><a name="[31a]"></a>_main_init</STRONG> (Thumb, 0 bytes, Stack size unknown bytes, entry9a.o(.ARM.Collect$$$$0000000B))

<P><STRONG><a name="[31b]"></a>__rt_lib_shutdown_fini</STRONG> (Thumb, 0 bytes, Stack size unknown bytes, entry12b.o(.ARM.Collect$$$$0000000E))

<P><STRONG><a name="[31c]"></a>__rt_final_cpp</STRONG> (Thumb, 0 bytes, Stack size unknown bytes, entry10a.o(.ARM.Collect$$$$0000000F))

<P><STRONG><a name="[31d]"></a>__rt_final_exit</STRONG> (Thumb, 0 bytes, Stack size unknown bytes, entry11a.o(.ARM.Collect$$$$00000011))

<P><STRONG><a name="[2e]"></a>Reset_Handler</STRONG> (Thumb, 8 bytes, Stack size 0 bytes, startup_stm32f469xx.o(.text))
<BR>[Address Reference Count : 1]<UL><LI> startup_stm32f469xx.o(RESET)
</UL>
<P><STRONG><a name="[4a]"></a>ADC_IRQHandler</STRONG> (Thumb, 0 bytes, Stack size 0 bytes, startup_stm32f469xx.o(.text))
<BR><BR>[Calls]<UL><LI><a href="#[4a]">&gt;&gt;</a>&nbsp;&nbsp;&nbsp;ADC_IRQHandler
</UL>
<BR>[Called By]<UL><LI><a href="#[4a]">&gt;&gt;</a>&nbsp;&nbsp;&nbsp;ADC_IRQHandler
</UL>
<BR>[Address Reference Count : 1]<UL><LI> startup_stm32f469xx.o(RESET)
</UL>
<P><STRONG><a name="[4c]"></a>CAN1_RX0_IRQHandler</STRONG> (Thumb, 0 bytes, Stack size 0 bytes, startup_stm32f469xx.o(.text))
<BR>[Address Reference Count : 1]<UL><LI> startup_stm32f469xx.o(RESET)
</UL>
<P><STRONG><a name="[4d]"></a>CAN1_RX1_IRQHandler</STRONG> (Thumb, 0 bytes, Stack size 0 bytes, startup_stm32f469xx.o(.text))
<BR>[Address Reference Count : 1]<UL><LI> startup_stm32f469xx.o(RESET)
</UL>
<P><STRONG><a name="[4e]"></a>CAN1_SCE_IRQHandler</STRONG> (Thumb, 0 bytes, Stack size 0 bytes, startup_stm32f469xx.o(.text))
<BR>[Address Reference Count : 1]<UL><LI> startup_stm32f469xx.o(RESET)
</UL>
<P><STRONG><a name="[4b]"></a>CAN1_TX_IRQHandler</STRONG> (Thumb, 0 bytes, Stack size 0 bytes, startup_stm32f469xx.o(.text))
<BR>[Address Reference Count : 1]<UL><LI> startup_stm32f469xx.o(RESET)
</UL>
<P><STRONG><a name="[78]"></a>CAN2_RX0_IRQHandler</STRONG> (Thumb, 0 bytes, Stack size 0 bytes, startup_stm32f469xx.o(.text))
<BR>[Address Reference Count : 1]<UL><LI> startup_stm32f469xx.o(RESET)
</UL>
<P><STRONG><a name="[79]"></a>CAN2_RX1_IRQHandler</STRONG> (Thumb, 0 bytes, Stack size 0 bytes, startup_stm32f469xx.o(.text))
<BR>[Address Reference Count : 1]<UL><LI> startup_stm32f469xx.o(RESET)
</UL>
<P><STRONG><a name="[7a]"></a>CAN2_SCE_IRQHandler</STRONG> (Thumb, 0 bytes, Stack size 0 bytes, startup_stm32f469xx.o(.text))
<BR>[Address Reference Count : 1]<UL><LI> startup_stm32f469xx.o(RESET)
</UL>
<P><STRONG><a name="[77]"></a>CAN2_TX_IRQHandler</STRONG> (Thumb, 0 bytes, Stack size 0 bytes, startup_stm32f469xx.o(.text))
<BR>[Address Reference Count : 1]<UL><LI> startup_stm32f469xx.o(RESET)
</UL>
<P><STRONG><a name="[86]"></a>DCMI_IRQHandler</STRONG> (Thumb, 0 bytes, Stack size 0 bytes, startup_stm32f469xx.o(.text))
<BR>[Address Reference Count : 1]<UL><LI> startup_stm32f469xx.o(RESET)
</UL>
<P><STRONG><a name="[43]"></a>DMA1_Stream0_IRQHandler</STRONG> (Thumb, 0 bytes, Stack size 0 bytes, startup_stm32f469xx.o(.text))
<BR>[Address Reference Count : 1]<UL><LI> startup_stm32f469xx.o(RESET)
</UL>
<P><STRONG><a name="[44]"></a>DMA1_Stream1_IRQHandler</STRONG> (Thumb, 0 bytes, Stack size 0 bytes, startup_stm32f469xx.o(.text))
<BR>[Address Reference Count : 1]<UL><LI> startup_stm32f469xx.o(RESET)
</UL>
<P><STRONG><a name="[46]"></a>DMA1_Stream3_IRQHandler</STRONG> (Thumb, 0 bytes, Stack size 0 bytes, startup_stm32f469xx.o(.text))
<BR>[Address Reference Count : 1]<UL><LI> startup_stm32f469xx.o(RESET)
</UL>
<P><STRONG><a name="[47]"></a>DMA1_Stream4_IRQHandler</STRONG> (Thumb, 0 bytes, Stack size 0 bytes, startup_stm32f469xx.o(.text))
<BR>[Address Reference Count : 1]<UL><LI> startup_stm32f469xx.o(RESET)
</UL>
<P><STRONG><a name="[48]"></a>DMA1_Stream5_IRQHandler</STRONG> (Thumb, 0 bytes, Stack size 0 bytes, startup_stm32f469xx.o(.text))
<BR>[Address Reference Count : 1]<UL><LI> startup_stm32f469xx.o(RESET)
</UL>
<P><STRONG><a name="[49]"></a>DMA1_Stream6_IRQHandler</STRONG> (Thumb, 0 bytes, Stack size 0 bytes, startup_stm32f469xx.o(.text))
<BR>[Address Reference Count : 1]<UL><LI> startup_stm32f469xx.o(RESET)
</UL>
<P><STRONG><a name="[67]"></a>DMA1_Stream7_IRQHandler</STRONG> (Thumb, 0 bytes, Stack size 0 bytes, startup_stm32f469xx.o(.text))
<BR>[Address Reference Count : 1]<UL><LI> startup_stm32f469xx.o(RESET)
</UL>
<P><STRONG><a name="[91]"></a>DMA2D_IRQHandler</STRONG> (Thumb, 0 bytes, Stack size 0 bytes, startup_stm32f469xx.o(.text))
<BR>[Address Reference Count : 1]<UL><LI> startup_stm32f469xx.o(RESET)
</UL>
<P><STRONG><a name="[70]"></a>DMA2_Stream0_IRQHandler</STRONG> (Thumb, 0 bytes, Stack size 0 bytes, startup_stm32f469xx.o(.text))
<BR>[Address Reference Count : 1]<UL><LI> startup_stm32f469xx.o(RESET)
</UL>
<P><STRONG><a name="[72]"></a>DMA2_Stream2_IRQHandler</STRONG> (Thumb, 0 bytes, Stack size 0 bytes, startup_stm32f469xx.o(.text))
<BR>[Address Reference Count : 1]<UL><LI> startup_stm32f469xx.o(RESET)
</UL>
<P><STRONG><a name="[74]"></a>DMA2_Stream4_IRQHandler</STRONG> (Thumb, 0 bytes, Stack size 0 bytes, startup_stm32f469xx.o(.text))
<BR>[Address Reference Count : 1]<UL><LI> startup_stm32f469xx.o(RESET)
</UL>
<P><STRONG><a name="[7c]"></a>DMA2_Stream5_IRQHandler</STRONG> (Thumb, 0 bytes, Stack size 0 bytes, startup_stm32f469xx.o(.text))
<BR>[Address Reference Count : 1]<UL><LI> startup_stm32f469xx.o(RESET)
</UL>
<P><STRONG><a name="[7e]"></a>DMA2_Stream7_IRQHandler</STRONG> (Thumb, 0 bytes, Stack size 0 bytes, startup_stm32f469xx.o(.text))
<BR>[Address Reference Count : 1]<UL><LI> startup_stm32f469xx.o(RESET)
</UL>
<P><STRONG><a name="[93]"></a>DSI_IRQHandler</STRONG> (Thumb, 0 bytes, Stack size 0 bytes, startup_stm32f469xx.o(.text))
<BR>[Address Reference Count : 1]<UL><LI> startup_stm32f469xx.o(RESET)
</UL>
<P><STRONG><a name="[75]"></a>ETH_IRQHandler</STRONG> (Thumb, 0 bytes, Stack size 0 bytes, startup_stm32f469xx.o(.text))
<BR>[Address Reference Count : 1]<UL><LI> startup_stm32f469xx.o(RESET)
</UL>
<P><STRONG><a name="[76]"></a>ETH_WKUP_IRQHandler</STRONG> (Thumb, 0 bytes, Stack size 0 bytes, startup_stm32f469xx.o(.text))
<BR>[Address Reference Count : 1]<UL><LI> startup_stm32f469xx.o(RESET)
</UL>
<P><STRONG><a name="[60]"></a>EXTI15_10_IRQHandler</STRONG> (Thumb, 0 bytes, Stack size 0 bytes, startup_stm32f469xx.o(.text))
<BR>[Address Reference Count : 1]<UL><LI> startup_stm32f469xx.o(RESET)
</UL>
<P><STRONG><a name="[3f]"></a>EXTI1_IRQHandler</STRONG> (Thumb, 0 bytes, Stack size 0 bytes, startup_stm32f469xx.o(.text))
<BR>[Address Reference Count : 1]<UL><LI> startup_stm32f469xx.o(RESET)
</UL>
<P><STRONG><a name="[41]"></a>EXTI3_IRQHandler</STRONG> (Thumb, 0 bytes, Stack size 0 bytes, startup_stm32f469xx.o(.text))
<BR>[Address Reference Count : 1]<UL><LI> startup_stm32f469xx.o(RESET)
</UL>
<P><STRONG><a name="[42]"></a>EXTI4_IRQHandler</STRONG> (Thumb, 0 bytes, Stack size 0 bytes, startup_stm32f469xx.o(.text))
<BR>[Address Reference Count : 1]<UL><LI> startup_stm32f469xx.o(RESET)
</UL>
<P><STRONG><a name="[4f]"></a>EXTI9_5_IRQHandler</STRONG> (Thumb, 0 bytes, Stack size 0 bytes, startup_stm32f469xx.o(.text))
<BR>[Address Reference Count : 1]<UL><LI> startup_stm32f469xx.o(RESET)
</UL>
<P><STRONG><a name="[3c]"></a>FLASH_IRQHandler</STRONG> (Thumb, 0 bytes, Stack size 0 bytes, startup_stm32f469xx.o(.text))
<BR>[Address Reference Count : 1]<UL><LI> startup_stm32f469xx.o(RESET)
</UL>
<P><STRONG><a name="[68]"></a>FMC_IRQHandler</STRONG> (Thumb, 0 bytes, Stack size 0 bytes, startup_stm32f469xx.o(.text))
<BR>[Address Reference Count : 1]<UL><LI> startup_stm32f469xx.o(RESET)
</UL>
<P><STRONG><a name="[88]"></a>FPU_IRQHandler</STRONG> (Thumb, 0 bytes, Stack size 0 bytes, startup_stm32f469xx.o(.text))
<BR>[Address Reference Count : 1]<UL><LI> startup_stm32f469xx.o(RESET)
</UL>
<P><STRONG><a name="[87]"></a>HASH_RNG_IRQHandler</STRONG> (Thumb, 0 bytes, Stack size 0 bytes, startup_stm32f469xx.o(.text))
<BR>[Address Reference Count : 1]<UL><LI> startup_stm32f469xx.o(RESET)
</UL>
<P><STRONG><a name="[58]"></a>I2C1_ER_IRQHandler</STRONG> (Thumb, 0 bytes, Stack size 0 bytes, startup_stm32f469xx.o(.text))
<BR>[Address Reference Count : 1]<UL><LI> startup_stm32f469xx.o(RESET)
</UL>
<P><STRONG><a name="[57]"></a>I2C1_EV_IRQHandler</STRONG> (Thumb, 0 bytes, Stack size 0 bytes, startup_stm32f469xx.o(.text))
<BR>[Address Reference Count : 1]<UL><LI> startup_stm32f469xx.o(RESET)
</UL>
<P><STRONG><a name="[5a]"></a>I2C2_ER_IRQHandler</STRONG> (Thumb, 0 bytes, Stack size 0 bytes, startup_stm32f469xx.o(.text))
<BR>[Address Reference Count : 1]<UL><LI> startup_stm32f469xx.o(RESET)
</UL>
<P><STRONG><a name="[59]"></a>I2C2_EV_IRQHandler</STRONG> (Thumb, 0 bytes, Stack size 0 bytes, startup_stm32f469xx.o(.text))
<BR>[Address Reference Count : 1]<UL><LI> startup_stm32f469xx.o(RESET)
</UL>
<P><STRONG><a name="[81]"></a>I2C3_ER_IRQHandler</STRONG> (Thumb, 0 bytes, Stack size 0 bytes, startup_stm32f469xx.o(.text))
<BR>[Address Reference Count : 1]<UL><LI> startup_stm32f469xx.o(RESET)
</UL>
<P><STRONG><a name="[80]"></a>I2C3_EV_IRQHandler</STRONG> (Thumb, 0 bytes, Stack size 0 bytes, startup_stm32f469xx.o(.text))
<BR>[Address Reference Count : 1]<UL><LI> startup_stm32f469xx.o(RESET)
</UL>
<P><STRONG><a name="[90]"></a>LTDC_ER_IRQHandler</STRONG> (Thumb, 0 bytes, Stack size 0 bytes, startup_stm32f469xx.o(.text))
<BR>[Address Reference Count : 1]<UL><LI> startup_stm32f469xx.o(RESET)
</UL>
<P><STRONG><a name="[8f]"></a>LTDC_IRQHandler</STRONG> (Thumb, 0 bytes, Stack size 0 bytes, startup_stm32f469xx.o(.text))
<BR>[Address Reference Count : 1]<UL><LI> startup_stm32f469xx.o(RESET)
</UL>
<P><STRONG><a name="[62]"></a>OTG_FS_WKUP_IRQHandler</STRONG> (Thumb, 0 bytes, Stack size 0 bytes, startup_stm32f469xx.o(.text))
<BR>[Address Reference Count : 1]<UL><LI> startup_stm32f469xx.o(RESET)
</UL>
<P><STRONG><a name="[83]"></a>OTG_HS_EP1_IN_IRQHandler</STRONG> (Thumb, 0 bytes, Stack size 0 bytes, startup_stm32f469xx.o(.text))
<BR>[Address Reference Count : 1]<UL><LI> startup_stm32f469xx.o(RESET)
</UL>
<P><STRONG><a name="[82]"></a>OTG_HS_EP1_OUT_IRQHandler</STRONG> (Thumb, 0 bytes, Stack size 0 bytes, startup_stm32f469xx.o(.text))
<BR>[Address Reference Count : 1]<UL><LI> startup_stm32f469xx.o(RESET)
</UL>
<P><STRONG><a name="[85]"></a>OTG_HS_IRQHandler</STRONG> (Thumb, 0 bytes, Stack size 0 bytes, startup_stm32f469xx.o(.text))
<BR>[Address Reference Count : 1]<UL><LI> startup_stm32f469xx.o(RESET)
</UL>
<P><STRONG><a name="[84]"></a>OTG_HS_WKUP_IRQHandler</STRONG> (Thumb, 0 bytes, Stack size 0 bytes, startup_stm32f469xx.o(.text))
<BR>[Address Reference Count : 1]<UL><LI> startup_stm32f469xx.o(RESET)
</UL>
<P><STRONG><a name="[39]"></a>PVD_IRQHandler</STRONG> (Thumb, 0 bytes, Stack size 0 bytes, startup_stm32f469xx.o(.text))
<BR>[Address Reference Count : 1]<UL><LI> startup_stm32f469xx.o(RESET)
</UL>
<P><STRONG><a name="[92]"></a>QUADSPI_IRQHandler</STRONG> (Thumb, 0 bytes, Stack size 0 bytes, startup_stm32f469xx.o(.text))
<BR>[Address Reference Count : 1]<UL><LI> startup_stm32f469xx.o(RESET)
</UL>
<P><STRONG><a name="[3d]"></a>RCC_IRQHandler</STRONG> (Thumb, 0 bytes, Stack size 0 bytes, startup_stm32f469xx.o(.text))
<BR>[Address Reference Count : 1]<UL><LI> startup_stm32f469xx.o(RESET)
</UL>
<P><STRONG><a name="[61]"></a>RTC_Alarm_IRQHandler</STRONG> (Thumb, 0 bytes, Stack size 0 bytes, startup_stm32f469xx.o(.text))
<BR>[Address Reference Count : 1]<UL><LI> startup_stm32f469xx.o(RESET)
</UL>
<P><STRONG><a name="[3b]"></a>RTC_WKUP_IRQHandler</STRONG> (Thumb, 0 bytes, Stack size 0 bytes, startup_stm32f469xx.o(.text))
<BR>[Address Reference Count : 1]<UL><LI> startup_stm32f469xx.o(RESET)
</UL>
<P><STRONG><a name="[8e]"></a>SAI1_IRQHandler</STRONG> (Thumb, 0 bytes, Stack size 0 bytes, startup_stm32f469xx.o(.text))
<BR>[Address Reference Count : 1]<UL><LI> startup_stm32f469xx.o(RESET)
</UL>
<P><STRONG><a name="[5b]"></a>SPI1_IRQHandler</STRONG> (Thumb, 0 bytes, Stack size 0 bytes, startup_stm32f469xx.o(.text))
<BR>[Address Reference Count : 1]<UL><LI> startup_stm32f469xx.o(RESET)
</UL>
<P><STRONG><a name="[5c]"></a>SPI2_IRQHandler</STRONG> (Thumb, 0 bytes, Stack size 0 bytes, startup_stm32f469xx.o(.text))
<BR>[Address Reference Count : 1]<UL><LI> startup_stm32f469xx.o(RESET)
</UL>
<P><STRONG><a name="[6b]"></a>SPI3_IRQHandler</STRONG> (Thumb, 0 bytes, Stack size 0 bytes, startup_stm32f469xx.o(.text))
<BR>[Address Reference Count : 1]<UL><LI> startup_stm32f469xx.o(RESET)
</UL>
<P><STRONG><a name="[8b]"></a>SPI4_IRQHandler</STRONG> (Thumb, 0 bytes, Stack size 0 bytes, startup_stm32f469xx.o(.text))
<BR>[Address Reference Count : 1]<UL><LI> startup_stm32f469xx.o(RESET)
</UL>
<P><STRONG><a name="[8c]"></a>SPI5_IRQHandler</STRONG> (Thumb, 0 bytes, Stack size 0 bytes, startup_stm32f469xx.o(.text))
<BR>[Address Reference Count : 1]<UL><LI> startup_stm32f469xx.o(RESET)
</UL>
<P><STRONG><a name="[8d]"></a>SPI6_IRQHandler</STRONG> (Thumb, 0 bytes, Stack size 0 bytes, startup_stm32f469xx.o(.text))
<BR>[Address Reference Count : 1]<UL><LI> startup_stm32f469xx.o(RESET)
</UL>
<P><STRONG><a name="[3a]"></a>TAMP_STAMP_IRQHandler</STRONG> (Thumb, 0 bytes, Stack size 0 bytes, startup_stm32f469xx.o(.text))
<BR>[Address Reference Count : 1]<UL><LI> startup_stm32f469xx.o(RESET)
</UL>
<P><STRONG><a name="[50]"></a>TIM1_BRK_TIM9_IRQHandler</STRONG> (Thumb, 0 bytes, Stack size 0 bytes, startup_stm32f469xx.o(.text))
<BR>[Address Reference Count : 1]<UL><LI> startup_stm32f469xx.o(RESET)
</UL>
<P><STRONG><a name="[53]"></a>TIM1_CC_IRQHandler</STRONG> (Thumb, 0 bytes, Stack size 0 bytes, startup_stm32f469xx.o(.text))
<BR>[Address Reference Count : 1]<UL><LI> startup_stm32f469xx.o(RESET)
</UL>
<P><STRONG><a name="[52]"></a>TIM1_TRG_COM_TIM11_IRQHandler</STRONG> (Thumb, 0 bytes, Stack size 0 bytes, startup_stm32f469xx.o(.text))
<BR>[Address Reference Count : 1]<UL><LI> startup_stm32f469xx.o(RESET)
</UL>
<P><STRONG><a name="[51]"></a>TIM1_UP_TIM10_IRQHandler</STRONG> (Thumb, 0 bytes, Stack size 0 bytes, startup_stm32f469xx.o(.text))
<BR>[Address Reference Count : 1]<UL><LI> startup_stm32f469xx.o(RESET)
</UL>
<P><STRONG><a name="[54]"></a>TIM2_IRQHandler</STRONG> (Thumb, 0 bytes, Stack size 0 bytes, startup_stm32f469xx.o(.text))
<BR>[Address Reference Count : 1]<UL><LI> startup_stm32f469xx.o(RESET)
</UL>
<P><STRONG><a name="[55]"></a>TIM3_IRQHandler</STRONG> (Thumb, 0 bytes, Stack size 0 bytes, startup_stm32f469xx.o(.text))
<BR>[Address Reference Count : 1]<UL><LI> startup_stm32f469xx.o(RESET)
</UL>
<P><STRONG><a name="[56]"></a>TIM4_IRQHandler</STRONG> (Thumb, 0 bytes, Stack size 0 bytes, startup_stm32f469xx.o(.text))
<BR>[Address Reference Count : 1]<UL><LI> startup_stm32f469xx.o(RESET)
</UL>
<P><STRONG><a name="[6a]"></a>TIM5_IRQHandler</STRONG> (Thumb, 0 bytes, Stack size 0 bytes, startup_stm32f469xx.o(.text))
<BR>[Address Reference Count : 1]<UL><LI> startup_stm32f469xx.o(RESET)
</UL>
<P><STRONG><a name="[6e]"></a>TIM6_DAC_IRQHandler</STRONG> (Thumb, 0 bytes, Stack size 0 bytes, startup_stm32f469xx.o(.text))
<BR>[Address Reference Count : 1]<UL><LI> startup_stm32f469xx.o(RESET)
</UL>
<P><STRONG><a name="[6f]"></a>TIM7_IRQHandler</STRONG> (Thumb, 0 bytes, Stack size 0 bytes, startup_stm32f469xx.o(.text))
<BR>[Address Reference Count : 1]<UL><LI> startup_stm32f469xx.o(RESET)
</UL>
<P><STRONG><a name="[63]"></a>TIM8_BRK_TIM12_IRQHandler</STRONG> (Thumb, 0 bytes, Stack size 0 bytes, startup_stm32f469xx.o(.text))
<BR>[Address Reference Count : 1]<UL><LI> startup_stm32f469xx.o(RESET)
</UL>
<P><STRONG><a name="[66]"></a>TIM8_CC_IRQHandler</STRONG> (Thumb, 0 bytes, Stack size 0 bytes, startup_stm32f469xx.o(.text))
<BR>[Address Reference Count : 1]<UL><LI> startup_stm32f469xx.o(RESET)
</UL>
<P><STRONG><a name="[65]"></a>TIM8_TRG_COM_TIM14_IRQHandler</STRONG> (Thumb, 0 bytes, Stack size 0 bytes, startup_stm32f469xx.o(.text))
<BR>[Address Reference Count : 1]<UL><LI> startup_stm32f469xx.o(RESET)
</UL>
<P><STRONG><a name="[64]"></a>TIM8_UP_TIM13_IRQHandler</STRONG> (Thumb, 0 bytes, Stack size 0 bytes, startup_stm32f469xx.o(.text))
<BR>[Address Reference Count : 1]<UL><LI> startup_stm32f469xx.o(RESET)
</UL>
<P><STRONG><a name="[6c]"></a>UART4_IRQHandler</STRONG> (Thumb, 0 bytes, Stack size 0 bytes, startup_stm32f469xx.o(.text))
<BR>[Address Reference Count : 1]<UL><LI> startup_stm32f469xx.o(RESET)
</UL>
<P><STRONG><a name="[6d]"></a>UART5_IRQHandler</STRONG> (Thumb, 0 bytes, Stack size 0 bytes, startup_stm32f469xx.o(.text))
<BR>[Address Reference Count : 1]<UL><LI> startup_stm32f469xx.o(RESET)
</UL>
<P><STRONG><a name="[89]"></a>UART7_IRQHandler</STRONG> (Thumb, 0 bytes, Stack size 0 bytes, startup_stm32f469xx.o(.text))
<BR>[Address Reference Count : 1]<UL><LI> startup_stm32f469xx.o(RESET)
</UL>
<P><STRONG><a name="[8a]"></a>UART8_IRQHandler</STRONG> (Thumb, 0 bytes, Stack size 0 bytes, startup_stm32f469xx.o(.text))
<BR>[Address Reference Count : 1]<UL><LI> startup_stm32f469xx.o(RESET)
</UL>
<P><STRONG><a name="[5d]"></a>USART1_IRQHandler</STRONG> (Thumb, 0 bytes, Stack size 0 bytes, startup_stm32f469xx.o(.text))
<BR>[Address Reference Count : 1]<UL><LI> startup_stm32f469xx.o(RESET)
</UL>
<P><STRONG><a name="[5e]"></a>USART2_IRQHandler</STRONG> (Thumb, 0 bytes, Stack size 0 bytes, startup_stm32f469xx.o(.text))
<BR>[Address Reference Count : 1]<UL><LI> startup_stm32f469xx.o(RESET)
</UL>
<P><STRONG><a name="[5f]"></a>USART3_IRQHandler</STRONG> (Thumb, 0 bytes, Stack size 0 bytes, startup_stm32f469xx.o(.text))
<BR>[Address Reference Count : 1]<UL><LI> startup_stm32f469xx.o(RESET)
</UL>
<P><STRONG><a name="[7f]"></a>USART6_IRQHandler</STRONG> (Thumb, 0 bytes, Stack size 0 bytes, startup_stm32f469xx.o(.text))
<BR>[Address Reference Count : 1]<UL><LI> startup_stm32f469xx.o(RESET)
</UL>
<P><STRONG><a name="[38]"></a>WWDG_IRQHandler</STRONG> (Thumb, 0 bytes, Stack size 0 bytes, startup_stm32f469xx.o(.text))
<BR>[Address Reference Count : 1]<UL><LI> startup_stm32f469xx.o(RESET)
</UL>
<P><STRONG><a name="[244]"></a>xmp3_MULSHIFT32</STRONG> (Thumb, 0 bytes, Stack size unknown bytes, asmmisc.o(.text))
<BR><BR>[Called By]<UL><LI><a href="#[265]">&gt;&gt;</a>&nbsp;&nbsp;&nbsp;xmp3_IMDCT
<LI><a href="#[246]">&gt;&gt;</a>&nbsp;&nbsp;&nbsp;imdct12
<LI><a href="#[245]">&gt;&gt;</a>&nbsp;&nbsp;&nbsp;WinPrevious
<LI><a href="#[243]">&gt;&gt;</a>&nbsp;&nbsp;&nbsp;HybridTransform
<LI><a href="#[30f]">&gt;&gt;</a>&nbsp;&nbsp;&nbsp;xmp3_IntensityProcMPEG2
<LI><a href="#[310]">&gt;&gt;</a>&nbsp;&nbsp;&nbsp;xmp3_IntensityProcMPEG1
<LI><a href="#[30d]">&gt;&gt;</a>&nbsp;&nbsp;&nbsp;xmp3_DequantChannel
<LI><a href="#[311]">&gt;&gt;</a>&nbsp;&nbsp;&nbsp;xmp3_FDCT32
</UL>

<P><STRONG><a name="[1b3]"></a>xmp3_FASTABS</STRONG> (Thumb, 0 bytes, Stack size unknown bytes, asmmisc.o(.text))
<BR><BR>[Called By]<UL><LI><a href="#[243]">&gt;&gt;</a>&nbsp;&nbsp;&nbsp;HybridTransform
<LI><a href="#[1b2]">&gt;&gt;</a>&nbsp;&nbsp;&nbsp;FreqInvertRescale
<LI><a href="#[30e]">&gt;&gt;</a>&nbsp;&nbsp;&nbsp;xmp3_MidSideProc
<LI><a href="#[30f]">&gt;&gt;</a>&nbsp;&nbsp;&nbsp;xmp3_IntensityProcMPEG2
<LI><a href="#[310]">&gt;&gt;</a>&nbsp;&nbsp;&nbsp;xmp3_IntensityProcMPEG1
</UL>

<P><STRONG><a name="[313]"></a>xmp3_PolyphaseStereo</STRONG> (Thumb, 1308 bytes, Stack size 0 bytes, asmpoly_thumb2.o(.text))
<BR><BR>[Called By]<UL><LI><a href="#[266]">&gt;&gt;</a>&nbsp;&nbsp;&nbsp;xmp3_Subband
</UL>

<P><STRONG><a name="[312]"></a>xmp3_PolyphaseMono</STRONG> (Thumb, 754 bytes, Stack size 0 bytes, asmpoly_thumb2.o(.text))
<BR><BR>[Called By]<UL><LI><a href="#[266]">&gt;&gt;</a>&nbsp;&nbsp;&nbsp;xmp3_Subband
</UL>

<P><STRONG><a name="[25b]"></a>__rt_ctype_table</STRONG> (Thumb, 4 bytes, Stack size 0 bytes, ctype_o.o(.text))
<BR><BR>[Called By]<UL><LI><a href="#[146]">&gt;&gt;</a>&nbsp;&nbsp;&nbsp;Lrc_Parse
</UL>

<P><STRONG><a name="[31e]"></a>___aeabi_memcpy8$move</STRONG> (Thumb, 0 bytes, Stack size 8 bytes, memmovea.o(.text), UNUSED)

<P><STRONG><a name="[257]"></a>__aeabi_memcpy</STRONG> (Thumb, 64 bytes, Stack size 8 bytes, memmovea.o(.text))
<BR><BR>[Stack]<UL><LI>Max Depth = 8<LI>Call Chain = __aeabi_memcpy
</UL>
<BR>[Called By]<UL><LI><a href="#[146]">&gt;&gt;</a>&nbsp;&nbsp;&nbsp;Lrc_Parse
<LI><a href="#[25d]">&gt;&gt;</a>&nbsp;&nbsp;&nbsp;MP3Decode
<LI><a href="#[2e2]">&gt;&gt;</a>&nbsp;&nbsp;&nbsp;jcopy_sample_rows
<LI><a href="#[bc]">&gt;&gt;</a>&nbsp;&nbsp;&nbsp;read_markers
<LI><a href="#[2eb]">&gt;&gt;</a>&nbsp;&nbsp;&nbsp;jinit_master_decompress
</UL>

<P><STRONG><a name="[304]"></a>__aeabi_memcpy4</STRONG> (Thumb, 0 bytes, Stack size 8 bytes, memmovea.o(.text))
<BR><BR>[Stack]<UL><LI>Max Depth = 8<LI>Call Chain = __aeabi_memcpy4
</UL>
<BR>[Called By]<UL><LI><a href="#[bc]">&gt;&gt;</a>&nbsp;&nbsp;&nbsp;read_markers
<LI><a href="#[b8]">&gt;&gt;</a>&nbsp;&nbsp;&nbsp;start_input_pass
</UL>

<P><STRONG><a name="[261]"></a>__aeabi_memmove</STRONG> (Thumb, 0 bytes, Stack size 8 bytes, memmovea.o(.text))
<BR><BR>[Stack]<UL><LI>Max Depth = 8<LI>Call Chain = __aeabi_memmove
</UL>
<BR>[Called By]<UL><LI><a href="#[25d]">&gt;&gt;</a>&nbsp;&nbsp;&nbsp;MP3Decode
<LI><a href="#[1aa]">&gt;&gt;</a>&nbsp;&nbsp;&nbsp;Mp3_SubDecode
</UL>

<P><STRONG><a name="[31f]"></a>__aeabi_memmove4</STRONG> (Thumb, 0 bytes, Stack size 8 bytes, memmovea.o(.text), UNUSED)

<P><STRONG><a name="[320]"></a>__aeabi_memmove8</STRONG> (Thumb, 0 bytes, Stack size 8 bytes, memmovea.o(.text), UNUSED)

<P><STRONG><a name="[10b]"></a>__aeabi_memset</STRONG> (Thumb, 14 bytes, Stack size 0 bytes, memseta.o(.text))
<BR><BR>[Called By]<UL><LI><a href="#[bc]">&gt;&gt;</a>&nbsp;&nbsp;&nbsp;read_markers
<LI><a href="#[2eb]">&gt;&gt;</a>&nbsp;&nbsp;&nbsp;jinit_master_decompress
<LI><a href="#[10c]">&gt;&gt;</a>&nbsp;&nbsp;&nbsp;_memset$wrapper
<LI><a href="#[10a]">&gt;&gt;</a>&nbsp;&nbsp;&nbsp;__aeabi_memclr
</UL>

<P><STRONG><a name="[321]"></a>__aeabi_memset4</STRONG> (Thumb, 0 bytes, Stack size 0 bytes, memseta.o(.text), UNUSED)

<P><STRONG><a name="[322]"></a>__aeabi_memset8</STRONG> (Thumb, 0 bytes, Stack size 0 bytes, memseta.o(.text), UNUSED)

<P><STRONG><a name="[10a]"></a>__aeabi_memclr</STRONG> (Thumb, 4 bytes, Stack size 0 bytes, memseta.o(.text))
<BR><BR>[Calls]<UL><LI><a href="#[10b]">&gt;&gt;</a>&nbsp;&nbsp;&nbsp;__aeabi_memset
</UL>
<BR>[Called By]<UL><LI><a href="#[13b]">&gt;&gt;</a>&nbsp;&nbsp;&nbsp;clear_Lrc_buff
<LI><a href="#[1aa]">&gt;&gt;</a>&nbsp;&nbsp;&nbsp;Mp3_SubDecode
<LI><a href="#[2ea]">&gt;&gt;</a>&nbsp;&nbsp;&nbsp;jinit_inverse_dct
<LI><a href="#[2e7]">&gt;&gt;</a>&nbsp;&nbsp;&nbsp;jinit_d_coef_controller
<LI><a href="#[b3]">&gt;&gt;</a>&nbsp;&nbsp;&nbsp;decompress_onepass
<LI><a href="#[a7]">&gt;&gt;</a>&nbsp;&nbsp;&nbsp;start_pass
<LI><a href="#[2c2]">&gt;&gt;</a>&nbsp;&nbsp;&nbsp;process_restart
<LI><a href="#[2eb]">&gt;&gt;</a>&nbsp;&nbsp;&nbsp;jinit_master_decompress
<LI><a href="#[a5]">&gt;&gt;</a>&nbsp;&nbsp;&nbsp;start_pass_2_quant
<LI><a href="#[a2]">&gt;&gt;</a>&nbsp;&nbsp;&nbsp;start_pass_1_quant
<LI><a href="#[ef]">&gt;&gt;</a>&nbsp;&nbsp;&nbsp;quantize_ord_dither
<LI><a href="#[f1]">&gt;&gt;</a>&nbsp;&nbsp;&nbsp;quantize_fs_dither
<LI><a href="#[c9]">&gt;&gt;</a>&nbsp;&nbsp;&nbsp;access_virt_sarray
<LI><a href="#[ca]">&gt;&gt;</a>&nbsp;&nbsp;&nbsp;access_virt_barray
</UL>

<P><STRONG><a name="[255]"></a>__aeabi_memclr4</STRONG> (Thumb, 0 bytes, Stack size 0 bytes, memseta.o(.text))
<BR><BR>[Called By]<UL><LI><a href="#[2f6]">&gt;&gt;</a>&nbsp;&nbsp;&nbsp;jpeg_CreateDecompress
<LI><a href="#[146]">&gt;&gt;</a>&nbsp;&nbsp;&nbsp;Lrc_Parse
<LI><a href="#[2fd]">&gt;&gt;</a>&nbsp;&nbsp;&nbsp;jpeg_make_d_derived_tbl
<LI><a href="#[26d]">&gt;&gt;</a>&nbsp;&nbsp;&nbsp;SCSI_ProcessCmd
</UL>

<P><STRONG><a name="[323]"></a>__aeabi_memclr8</STRONG> (Thumb, 0 bytes, Stack size 0 bytes, memseta.o(.text), UNUSED)

<P><STRONG><a name="[10c]"></a>_memset$wrapper</STRONG> (Thumb, 18 bytes, Stack size 8 bytes, memseta.o(.text), UNUSED)
<BR><BR>[Calls]<UL><LI><a href="#[10b]">&gt;&gt;</a>&nbsp;&nbsp;&nbsp;__aeabi_memset
</UL>

<P><STRONG><a name="[13c]"></a>strcat</STRONG> (Thumb, 24 bytes, Stack size 0 bytes, strcat.o(.text))
<BR><BR>[Called By]<UL><LI><a href="#[1b6]">&gt;&gt;</a>&nbsp;&nbsp;&nbsp;Get_MusicCoverJpeg
<LI><a href="#[146]">&gt;&gt;</a>&nbsp;&nbsp;&nbsp;Lrc_Parse
<LI><a href="#[135]">&gt;&gt;</a>&nbsp;&nbsp;&nbsp;AUDIO_PLAYER_Start
</UL>

<P><STRONG><a name="[256]"></a>strstr</STRONG> (Thumb, 36 bytes, Stack size 12 bytes, strstr.o(.text))
<BR><BR>[Stack]<UL><LI>Max Depth = 12<LI>Call Chain = strstr
</UL>
<BR>[Called By]<UL><LI><a href="#[133]">&gt;&gt;</a>&nbsp;&nbsp;&nbsp;Scan_MusicFile
<LI><a href="#[146]">&gt;&gt;</a>&nbsp;&nbsp;&nbsp;Lrc_Parse
</UL>

<P><STRONG><a name="[25a]"></a>strchr</STRONG> (Thumb, 20 bytes, Stack size 0 bytes, strchr.o(.text))
<BR><BR>[Called By]<UL><LI><a href="#[146]">&gt;&gt;</a>&nbsp;&nbsp;&nbsp;Lrc_Parse
</UL>

<P><STRONG><a name="[1b4]"></a>strlen</STRONG> (Thumb, 14 bytes, Stack size 0 bytes, strlen.o(.text))
<BR><BR>[Called By]<UL><LI><a href="#[1b6]">&gt;&gt;</a>&nbsp;&nbsp;&nbsp;Get_MusicCoverJpeg
<LI><a href="#[146]">&gt;&gt;</a>&nbsp;&nbsp;&nbsp;Lrc_Parse
<LI><a href="#[141]">&gt;&gt;</a>&nbsp;&nbsp;&nbsp;GBK2Unicode
</UL>

<P><STRONG><a name="[1b8]"></a>strcmp</STRONG> (Thumb, 28 bytes, Stack size 8 bytes, strcmp.o(.text))
<BR><BR>[Stack]<UL><LI>Max Depth = 8<LI>Call Chain = strcmp
</UL>
<BR>[Called By]<UL><LI><a href="#[1b6]">&gt;&gt;</a>&nbsp;&nbsp;&nbsp;Get_MusicCoverJpeg
</UL>

<P><STRONG><a name="[1a8]"></a>memcmp</STRONG> (Thumb, 26 bytes, Stack size 12 bytes, memcmp.o(.text))
<BR><BR>[Stack]<UL><LI>Max Depth = 12<LI>Call Chain = memcmp
</UL>
<BR>[Called By]<UL><LI><a href="#[27a]">&gt;&gt;</a>&nbsp;&nbsp;&nbsp;Mp3_GetID3V2
<LI><a href="#[143]">&gt;&gt;</a>&nbsp;&nbsp;&nbsp;Demo_Mp3Parsing
</UL>

<P><STRONG><a name="[258]"></a>strcpy</STRONG> (Thumb, 18 bytes, Stack size 0 bytes, strcpy.o(.text))
<BR><BR>[Called By]<UL><LI><a href="#[133]">&gt;&gt;</a>&nbsp;&nbsp;&nbsp;Scan_MusicFile
<LI><a href="#[146]">&gt;&gt;</a>&nbsp;&nbsp;&nbsp;Lrc_Parse
</UL>

<P><STRONG><a name="[10d]"></a>__aeabi_dadd</STRONG> (Thumb, 322 bytes, Stack size 48 bytes, dadd.o(.text), UNUSED)
<BR><BR>[Calls]<UL><LI><a href="#[10f]">&gt;&gt;</a>&nbsp;&nbsp;&nbsp;__aeabi_lasr
<LI><a href="#[10e]">&gt;&gt;</a>&nbsp;&nbsp;&nbsp;__aeabi_llsl
<LI><a href="#[111]">&gt;&gt;</a>&nbsp;&nbsp;&nbsp;_double_round
<LI><a href="#[110]">&gt;&gt;</a>&nbsp;&nbsp;&nbsp;_double_epilogue
</UL>
<BR>[Called By]<UL><LI><a href="#[112]">&gt;&gt;</a>&nbsp;&nbsp;&nbsp;__aeabi_dsub
<LI><a href="#[113]">&gt;&gt;</a>&nbsp;&nbsp;&nbsp;__aeabi_drsub
<LI><a href="#[2b6]">&gt;&gt;</a>&nbsp;&nbsp;&nbsp;_fp_digits
</UL>

<P><STRONG><a name="[112]"></a>__aeabi_dsub</STRONG> (Thumb, 6 bytes, Stack size 0 bytes, dadd.o(.text), UNUSED)
<BR><BR>[Calls]<UL><LI><a href="#[10d]">&gt;&gt;</a>&nbsp;&nbsp;&nbsp;__aeabi_dadd
</UL>

<P><STRONG><a name="[113]"></a>__aeabi_drsub</STRONG> (Thumb, 6 bytes, Stack size 0 bytes, dadd.o(.text), UNUSED)
<BR><BR>[Calls]<UL><LI><a href="#[10d]">&gt;&gt;</a>&nbsp;&nbsp;&nbsp;__aeabi_dadd
</UL>

<P><STRONG><a name="[114]"></a>__aeabi_dmul</STRONG> (Thumb, 228 bytes, Stack size 48 bytes, dmul.o(.text))
<BR><BR>[Stack]<UL><LI>Max Depth = 88<LI>Call Chain = __aeabi_dmul &rArr; _double_epilogue &rArr; _double_round
</UL>
<BR>[Calls]<UL><LI><a href="#[110]">&gt;&gt;</a>&nbsp;&nbsp;&nbsp;_double_epilogue
</UL>
<BR>[Called By]<UL><LI><a href="#[ba]">&gt;&gt;</a>&nbsp;&nbsp;&nbsp;start_pass
<LI><a href="#[2b6]">&gt;&gt;</a>&nbsp;&nbsp;&nbsp;_fp_digits
</UL>

<P><STRONG><a name="[115]"></a>__aeabi_ddiv</STRONG> (Thumb, 222 bytes, Stack size 32 bytes, ddiv.o(.text), UNUSED)
<BR><BR>[Calls]<UL><LI><a href="#[111]">&gt;&gt;</a>&nbsp;&nbsp;&nbsp;_double_round
</UL>
<BR>[Called By]<UL><LI><a href="#[2b6]">&gt;&gt;</a>&nbsp;&nbsp;&nbsp;_fp_digits
</UL>

<P><STRONG><a name="[116]"></a>__aeabi_ui2d</STRONG> (Thumb, 26 bytes, Stack size 16 bytes, dfltui.o(.text))
<BR><BR>[Stack]<UL><LI>Max Depth = 56<LI>Call Chain = __aeabi_ui2d &rArr; _double_epilogue &rArr; _double_round
</UL>
<BR>[Calls]<UL><LI><a href="#[110]">&gt;&gt;</a>&nbsp;&nbsp;&nbsp;_double_epilogue
</UL>
<BR>[Called By]<UL><LI><a href="#[ba]">&gt;&gt;</a>&nbsp;&nbsp;&nbsp;start_pass
</UL>

<P><STRONG><a name="[117]"></a>__aeabi_d2f</STRONG> (Thumb, 56 bytes, Stack size 8 bytes, d2f.o(.text))
<BR><BR>[Stack]<UL><LI>Max Depth = 8<LI>Call Chain = __aeabi_d2f
</UL>
<BR>[Calls]<UL><LI><a href="#[118]">&gt;&gt;</a>&nbsp;&nbsp;&nbsp;_float_round
</UL>
<BR>[Called By]<UL><LI><a href="#[ba]">&gt;&gt;</a>&nbsp;&nbsp;&nbsp;start_pass
</UL>

<P><STRONG><a name="[324]"></a>__aeabi_uidiv</STRONG> (Thumb, 0 bytes, Stack size 12 bytes, uidiv.o(.text), UNUSED)

<P><STRONG><a name="[2ba]"></a>__aeabi_uidivmod</STRONG> (Thumb, 44 bytes, Stack size 12 bytes, uidiv.o(.text), UNUSED)
<BR><BR>[Called By]<UL><LI><a href="#[2b4]">&gt;&gt;</a>&nbsp;&nbsp;&nbsp;_printf_core
</UL>

<P><STRONG><a name="[119]"></a>__aeabi_uldivmod</STRONG> (Thumb, 98 bytes, Stack size 40 bytes, uldiv.o(.text), UNUSED)
<BR><BR>[Calls]<UL><LI><a href="#[11a]">&gt;&gt;</a>&nbsp;&nbsp;&nbsp;__aeabi_llsr
<LI><a href="#[10e]">&gt;&gt;</a>&nbsp;&nbsp;&nbsp;__aeabi_llsl
</UL>
<BR>[Called By]<UL><LI><a href="#[2b4]">&gt;&gt;</a>&nbsp;&nbsp;&nbsp;_printf_core
<LI><a href="#[2b6]">&gt;&gt;</a>&nbsp;&nbsp;&nbsp;_fp_digits
</UL>

<P><STRONG><a name="[10e]"></a>__aeabi_llsl</STRONG> (Thumb, 30 bytes, Stack size 0 bytes, llshl.o(.text))
<BR><BR>[Called By]<UL><LI><a href="#[10d]">&gt;&gt;</a>&nbsp;&nbsp;&nbsp;__aeabi_dadd
<LI><a href="#[119]">&gt;&gt;</a>&nbsp;&nbsp;&nbsp;__aeabi_uldivmod
<LI><a href="#[110]">&gt;&gt;</a>&nbsp;&nbsp;&nbsp;_double_epilogue
<LI><a href="#[11b]">&gt;&gt;</a>&nbsp;&nbsp;&nbsp;__aeabi_d2ulz
</UL>

<P><STRONG><a name="[325]"></a>_ll_shift_l</STRONG> (Thumb, 0 bytes, Stack size 0 bytes, llshl.o(.text), UNUSED)

<P><STRONG><a name="[11a]"></a>__aeabi_llsr</STRONG> (Thumb, 32 bytes, Stack size 0 bytes, llushr.o(.text))
<BR><BR>[Called By]<UL><LI><a href="#[119]">&gt;&gt;</a>&nbsp;&nbsp;&nbsp;__aeabi_uldivmod
<LI><a href="#[110]">&gt;&gt;</a>&nbsp;&nbsp;&nbsp;_double_epilogue
<LI><a href="#[11b]">&gt;&gt;</a>&nbsp;&nbsp;&nbsp;__aeabi_d2ulz
</UL>

<P><STRONG><a name="[326]"></a>_ll_ushift_r</STRONG> (Thumb, 0 bytes, Stack size 0 bytes, llushr.o(.text), UNUSED)

<P><STRONG><a name="[10f]"></a>__aeabi_lasr</STRONG> (Thumb, 36 bytes, Stack size 0 bytes, llsshr.o(.text), UNUSED)
<BR><BR>[Called By]<UL><LI><a href="#[10d]">&gt;&gt;</a>&nbsp;&nbsp;&nbsp;__aeabi_dadd
</UL>

<P><STRONG><a name="[327]"></a>_ll_sshift_r</STRONG> (Thumb, 0 bytes, Stack size 0 bytes, llsshr.o(.text), UNUSED)

<P><STRONG><a name="[328]"></a>__I$use$fp</STRONG> (Thumb, 0 bytes, Stack size 0 bytes, iusefp.o(.text), UNUSED)

<P><STRONG><a name="[118]"></a>_float_round</STRONG> (Thumb, 18 bytes, Stack size 0 bytes, fepilogue.o(.text))
<BR><BR>[Called By]<UL><LI><a href="#[117]">&gt;&gt;</a>&nbsp;&nbsp;&nbsp;__aeabi_d2f
</UL>

<P><STRONG><a name="[329]"></a>_float_epilogue</STRONG> (Thumb, 92 bytes, Stack size 4 bytes, fepilogue.o(.text), UNUSED)

<P><STRONG><a name="[111]"></a>_double_round</STRONG> (Thumb, 30 bytes, Stack size 8 bytes, depilogue.o(.text))
<BR><BR>[Stack]<UL><LI>Max Depth = 8<LI>Call Chain = _double_round
</UL>
<BR>[Called By]<UL><LI><a href="#[115]">&gt;&gt;</a>&nbsp;&nbsp;&nbsp;__aeabi_ddiv
<LI><a href="#[10d]">&gt;&gt;</a>&nbsp;&nbsp;&nbsp;__aeabi_dadd
<LI><a href="#[110]">&gt;&gt;</a>&nbsp;&nbsp;&nbsp;_double_epilogue
</UL>

<P><STRONG><a name="[110]"></a>_double_epilogue</STRONG> (Thumb, 156 bytes, Stack size 32 bytes, depilogue.o(.text))
<BR><BR>[Stack]<UL><LI>Max Depth = 40<LI>Call Chain = _double_epilogue &rArr; _double_round
</UL>
<BR>[Calls]<UL><LI><a href="#[11a]">&gt;&gt;</a>&nbsp;&nbsp;&nbsp;__aeabi_llsr
<LI><a href="#[10e]">&gt;&gt;</a>&nbsp;&nbsp;&nbsp;__aeabi_llsl
<LI><a href="#[111]">&gt;&gt;</a>&nbsp;&nbsp;&nbsp;_double_round
</UL>
<BR>[Called By]<UL><LI><a href="#[116]">&gt;&gt;</a>&nbsp;&nbsp;&nbsp;__aeabi_ui2d
<LI><a href="#[114]">&gt;&gt;</a>&nbsp;&nbsp;&nbsp;__aeabi_dmul
<LI><a href="#[10d]">&gt;&gt;</a>&nbsp;&nbsp;&nbsp;__aeabi_dadd
</UL>

<P><STRONG><a name="[11b]"></a>__aeabi_d2ulz</STRONG> (Thumb, 48 bytes, Stack size 0 bytes, dfixul.o(.text), UNUSED)
<BR><BR>[Calls]<UL><LI><a href="#[11a]">&gt;&gt;</a>&nbsp;&nbsp;&nbsp;__aeabi_llsr
<LI><a href="#[10e]">&gt;&gt;</a>&nbsp;&nbsp;&nbsp;__aeabi_llsl
</UL>
<BR>[Called By]<UL><LI><a href="#[2b6]">&gt;&gt;</a>&nbsp;&nbsp;&nbsp;_fp_digits
</UL>

<P><STRONG><a name="[2b7]"></a>__aeabi_cdrcmple</STRONG> (Thumb, 48 bytes, Stack size 0 bytes, cdrcmple.o(.text), UNUSED)
<BR><BR>[Called By]<UL><LI><a href="#[2b6]">&gt;&gt;</a>&nbsp;&nbsp;&nbsp;_fp_digits
</UL>

<P><STRONG><a name="[109]"></a>__scatterload</STRONG> (Thumb, 28 bytes, Stack size 0 bytes, init.o(.text))
<BR><BR>[Calls]<UL><LI><a href="#[11c]">&gt;&gt;</a>&nbsp;&nbsp;&nbsp;__main_after_scatterload
</UL>
<BR>[Called By]<UL><LI><a href="#[108]">&gt;&gt;</a>&nbsp;&nbsp;&nbsp;_main_scatterload
</UL>

<P><STRONG><a name="[32a]"></a>__scatterload_rt2</STRONG> (Thumb, 0 bytes, Stack size 0 bytes, init.o(.text), UNUSED)

<P><STRONG><a name="[32b]"></a>__decompress</STRONG> (Thumb, 0 bytes, Stack size unknown bytes, __dczerorl2.o(.text), UNUSED)

<P><STRONG><a name="[32c]"></a>__decompress1</STRONG> (Thumb, 86 bytes, Stack size unknown bytes, __dczerorl2.o(.text), UNUSED)

<P><STRONG><a name="[134]"></a>AUDIO_GetWavObjectNumber</STRONG> (Thumb, 6 bytes, Stack size 0 bytes, user_task.o(i.AUDIO_GetWavObjectNumber))
<BR><BR>[Called By]<UL><LI><a href="#[135]">&gt;&gt;</a>&nbsp;&nbsp;&nbsp;AUDIO_PLAYER_Start
<LI><a href="#[128]">&gt;&gt;</a>&nbsp;&nbsp;&nbsp;AUDIO_PLAYER_Process
</UL>

<P><STRONG><a name="[2c1]"></a>AUDIO_IO_DeInit</STRONG> (Thumb, 2 bytes, Stack size 0 bytes, stm32469i_discovery.o(i.AUDIO_IO_DeInit))
<BR><BR>[Called By]<UL><LI><a href="#[10]">&gt;&gt;</a>&nbsp;&nbsp;&nbsp;cs43l22_DeInit
</UL>

<P><STRONG><a name="[11f]"></a>AUDIO_IO_Init</STRONG> (Thumb, 4 bytes, Stack size 0 bytes, stm32469i_discovery.o(i.AUDIO_IO_Init))
<BR><BR>[Stack]<UL><LI>Max Depth = 72<LI>Call Chain = AUDIO_IO_Init &rArr; I2C2_Init &rArr; HAL_GPIO_Init
</UL>
<BR>[Calls]<UL><LI><a href="#[120]">&gt;&gt;</a>&nbsp;&nbsp;&nbsp;I2C2_Init
</UL>
<BR>[Called By]<UL><LI><a href="#[11]">&gt;&gt;</a>&nbsp;&nbsp;&nbsp;cs43l22_ReadID
<LI><a href="#[f]">&gt;&gt;</a>&nbsp;&nbsp;&nbsp;cs43l22_Init
</UL>

<P><STRONG><a name="[121]"></a>AUDIO_IO_Read</STRONG> (Thumb, 56 bytes, Stack size 24 bytes, stm32469i_discovery.o(i.AUDIO_IO_Read))
<BR><BR>[Stack]<UL><LI>Max Depth = 160<LI>Call Chain = AUDIO_IO_Read &rArr; HAL_I2C_Mem_Read &rArr; I2C_RequestMemoryRead &rArr; I2C_WaitOnMasterAddressFlagUntilTimeout
</UL>
<BR>[Calls]<UL><LI><a href="#[122]">&gt;&gt;</a>&nbsp;&nbsp;&nbsp;HAL_I2C_Mem_Read
<LI><a href="#[123]">&gt;&gt;</a>&nbsp;&nbsp;&nbsp;HAL_I2C_DeInit
<LI><a href="#[120]">&gt;&gt;</a>&nbsp;&nbsp;&nbsp;I2C2_Init
</UL>
<BR>[Called By]<UL><LI><a href="#[11]">&gt;&gt;</a>&nbsp;&nbsp;&nbsp;cs43l22_ReadID
</UL>

<P><STRONG><a name="[124]"></a>AUDIO_IO_Write</STRONG> (Thumb, 52 bytes, Stack size 32 bytes, stm32469i_discovery.o(i.AUDIO_IO_Write))
<BR><BR>[Stack]<UL><LI>Max Depth = 160<LI>Call Chain = AUDIO_IO_Write &rArr; HAL_I2C_Mem_Write &rArr; I2C_RequestMemoryWrite &rArr; I2C_WaitOnMasterAddressFlagUntilTimeout
</UL>
<BR>[Calls]<UL><LI><a href="#[125]">&gt;&gt;</a>&nbsp;&nbsp;&nbsp;HAL_I2C_Mem_Write
<LI><a href="#[123]">&gt;&gt;</a>&nbsp;&nbsp;&nbsp;HAL_I2C_DeInit
<LI><a href="#[120]">&gt;&gt;</a>&nbsp;&nbsp;&nbsp;I2C2_Init
</UL>
<BR>[Called By]<UL><LI><a href="#[15]">&gt;&gt;</a>&nbsp;&nbsp;&nbsp;cs43l22_Stop
<LI><a href="#[17]">&gt;&gt;</a>&nbsp;&nbsp;&nbsp;cs43l22_SetVolume
<LI><a href="#[19]">&gt;&gt;</a>&nbsp;&nbsp;&nbsp;cs43l22_SetOutputMode
<LI><a href="#[18]">&gt;&gt;</a>&nbsp;&nbsp;&nbsp;cs43l22_SetMute
<LI><a href="#[14]">&gt;&gt;</a>&nbsp;&nbsp;&nbsp;cs43l22_Resume
<LI><a href="#[12]">&gt;&gt;</a>&nbsp;&nbsp;&nbsp;cs43l22_Play
<LI><a href="#[13]">&gt;&gt;</a>&nbsp;&nbsp;&nbsp;cs43l22_Pause
<LI><a href="#[f]">&gt;&gt;</a>&nbsp;&nbsp;&nbsp;cs43l22_Init
</UL>

<P><STRONG><a name="[126]"></a>AUDIO_PLAYER_Init</STRONG> (Thumb, 26 bytes, Stack size 8 bytes, user_musicplayer.o(i.AUDIO_PLAYER_Init))
<BR><BR>[Stack]<UL><LI>Max Depth = 152<LI>Call Chain = AUDIO_PLAYER_Init &rArr; BSP_AUDIO_OUT_Init &rArr; BSP_AUDIO_OUT_ClockConfig &rArr; HAL_RCCEx_PeriphCLKConfig
</UL>
<BR>[Calls]<UL><LI><a href="#[127]">&gt;&gt;</a>&nbsp;&nbsp;&nbsp;BSP_AUDIO_OUT_Init
</UL>
<BR>[Called By]<UL><LI><a href="#[94]">&gt;&gt;</a>&nbsp;&nbsp;&nbsp;main
</UL>

<P><STRONG><a name="[128]"></a>AUDIO_PLAYER_Process</STRONG> (Thumb, 530 bytes, Stack size 24 bytes, user_musicplayer.o(i.AUDIO_PLAYER_Process))
<BR><BR>[Stack]<UL><LI>Max Depth = 4712 + Unknown Stack Size
<LI>Call Chain = AUDIO_PLAYER_Process &rArr; AUDIO_PLAYER_Start &rArr; Lrc_Parse &rArr; f_open &rArr; dir_register &rArr; dir_find &rArr; dir_next &rArr; create_chain &rArr; put_fat &rArr; move_window &rArr; sync_window &rArr; disk_write
</UL>
<BR>[Calls]<UL><LI><a href="#[130]">&gt;&gt;</a>&nbsp;&nbsp;&nbsp;BSP_LCD_SetTextColor
<LI><a href="#[131]">&gt;&gt;</a>&nbsp;&nbsp;&nbsp;BSP_LCD_FillRect
<LI><a href="#[12b]">&gt;&gt;</a>&nbsp;&nbsp;&nbsp;BSP_AUDIO_OUT_Stop
<LI><a href="#[139]">&gt;&gt;</a>&nbsp;&nbsp;&nbsp;BSP_AUDIO_OUT_SetVolume
<LI><a href="#[138]">&gt;&gt;</a>&nbsp;&nbsp;&nbsp;BSP_AUDIO_OUT_Resume
<LI><a href="#[137]">&gt;&gt;</a>&nbsp;&nbsp;&nbsp;BSP_AUDIO_OUT_Pause
<LI><a href="#[136]">&gt;&gt;</a>&nbsp;&nbsp;&nbsp;LCD_DisplayPlayerStatus
<LI><a href="#[12a]">&gt;&gt;</a>&nbsp;&nbsp;&nbsp;LCD_DisplayMusicTimeRate
<LI><a href="#[129]">&gt;&gt;</a>&nbsp;&nbsp;&nbsp;LCD_DisplayMusicName
<LI><a href="#[12f]">&gt;&gt;</a>&nbsp;&nbsp;&nbsp;LCD_ClearZone
<LI><a href="#[133]">&gt;&gt;</a>&nbsp;&nbsp;&nbsp;Scan_MusicFile
<LI><a href="#[11d]">&gt;&gt;</a>&nbsp;&nbsp;&nbsp;AUDIO_AcquireTouchButtons
<LI><a href="#[12c]">&gt;&gt;</a>&nbsp;&nbsp;&nbsp;Mp3_PlayStart
<LI><a href="#[12d]">&gt;&gt;</a>&nbsp;&nbsp;&nbsp;f_read
<LI><a href="#[132]">&gt;&gt;</a>&nbsp;&nbsp;&nbsp;show_filename
<LI><a href="#[134]">&gt;&gt;</a>&nbsp;&nbsp;&nbsp;AUDIO_GetWavObjectNumber
<LI><a href="#[135]">&gt;&gt;</a>&nbsp;&nbsp;&nbsp;AUDIO_PLAYER_Start
<LI><a href="#[12e]">&gt;&gt;</a>&nbsp;&nbsp;&nbsp;__2printf
</UL>
<BR>[Called By]<UL><LI><a href="#[275]">&gt;&gt;</a>&nbsp;&nbsp;&nbsp;Menu_prase
</UL>

<P><STRONG><a name="[135]"></a>AUDIO_PLAYER_Start</STRONG> (Thumb, 474 bytes, Stack size 32 bytes, user_musicplayer.o(i.AUDIO_PLAYER_Start))
<BR><BR>[Stack]<UL><LI>Max Depth = 4688 + Unknown Stack Size
<LI>Call Chain = AUDIO_PLAYER_Start &rArr; Lrc_Parse &rArr; f_open &rArr; dir_register &rArr; dir_find &rArr; dir_next &rArr; create_chain &rArr; put_fat &rArr; move_window &rArr; sync_window &rArr; disk_write
</UL>
<BR>[Calls]<UL><LI><a href="#[148]">&gt;&gt;</a>&nbsp;&nbsp;&nbsp;BSP_AUDIO_OUT_SetAudioFrameSlot
<LI><a href="#[149]">&gt;&gt;</a>&nbsp;&nbsp;&nbsp;BSP_AUDIO_OUT_Play
<LI><a href="#[127]">&gt;&gt;</a>&nbsp;&nbsp;&nbsp;BSP_AUDIO_OUT_Init
<LI><a href="#[13f]">&gt;&gt;</a>&nbsp;&nbsp;&nbsp;LCD_DisplayRTCTime
<LI><a href="#[136]">&gt;&gt;</a>&nbsp;&nbsp;&nbsp;LCD_DisplayPlayerStatus
<LI><a href="#[147]">&gt;&gt;</a>&nbsp;&nbsp;&nbsp;LCD_DisplayMusicInfo
<LI><a href="#[13b]">&gt;&gt;</a>&nbsp;&nbsp;&nbsp;clear_Lrc_buff
<LI><a href="#[145]">&gt;&gt;</a>&nbsp;&nbsp;&nbsp;Show_MusicJPEG
<LI><a href="#[146]">&gt;&gt;</a>&nbsp;&nbsp;&nbsp;Lrc_Parse
<LI><a href="#[144]">&gt;&gt;</a>&nbsp;&nbsp;&nbsp;AUDIO_PlaybackDisplayButtons
<LI><a href="#[140]">&gt;&gt;</a>&nbsp;&nbsp;&nbsp;f_lseek
<LI><a href="#[142]">&gt;&gt;</a>&nbsp;&nbsp;&nbsp;InitMp3
<LI><a href="#[143]">&gt;&gt;</a>&nbsp;&nbsp;&nbsp;Demo_Mp3Parsing
<LI><a href="#[12d]">&gt;&gt;</a>&nbsp;&nbsp;&nbsp;f_read
<LI><a href="#[13d]">&gt;&gt;</a>&nbsp;&nbsp;&nbsp;f_open
<LI><a href="#[13a]">&gt;&gt;</a>&nbsp;&nbsp;&nbsp;f_close
<LI><a href="#[141]">&gt;&gt;</a>&nbsp;&nbsp;&nbsp;GBK2Unicode
<LI><a href="#[134]">&gt;&gt;</a>&nbsp;&nbsp;&nbsp;AUDIO_GetWavObjectNumber
<LI><a href="#[13c]">&gt;&gt;</a>&nbsp;&nbsp;&nbsp;strcat
<LI><a href="#[13e]">&gt;&gt;</a>&nbsp;&nbsp;&nbsp;__2sprintf
<LI><a href="#[12e]">&gt;&gt;</a>&nbsp;&nbsp;&nbsp;__2printf
</UL>
<BR>[Called By]<UL><LI><a href="#[275]">&gt;&gt;</a>&nbsp;&nbsp;&nbsp;Menu_prase
<LI><a href="#[128]">&gt;&gt;</a>&nbsp;&nbsp;&nbsp;AUDIO_PLAYER_Process
</UL>

<P><STRONG><a name="[14e]"></a>AUDIO_ShowWavFiles</STRONG> (Thumb, 34 bytes, Stack size 8 bytes, user_task.o(i.AUDIO_ShowWavFiles))
<BR><BR>[Stack]<UL><LI>Max Depth = 32<LI>Call Chain = AUDIO_ShowWavFiles &rArr; __2printf
</UL>
<BR>[Calls]<UL><LI><a href="#[12e]">&gt;&gt;</a>&nbsp;&nbsp;&nbsp;__2printf
</UL>
<BR>[Called By]<UL><LI><a href="#[275]">&gt;&gt;</a>&nbsp;&nbsp;&nbsp;Menu_prase
</UL>

<P><STRONG><a name="[14f]"></a>BSP_AUDIO_OUT_ClockConfig</STRONG> (Thumb, 90 bytes, Stack size 72 bytes, stm32469i_discovery_audio.o(i.BSP_AUDIO_OUT_ClockConfig))
<BR><BR>[Stack]<UL><LI>Max Depth = 112<LI>Call Chain = BSP_AUDIO_OUT_ClockConfig &rArr; HAL_RCCEx_PeriphCLKConfig
</UL>
<BR>[Calls]<UL><LI><a href="#[151]">&gt;&gt;</a>&nbsp;&nbsp;&nbsp;HAL_RCCEx_PeriphCLKConfig
<LI><a href="#[150]">&gt;&gt;</a>&nbsp;&nbsp;&nbsp;HAL_RCCEx_GetPeriphCLKConfig
</UL>
<BR>[Called By]<UL><LI><a href="#[127]">&gt;&gt;</a>&nbsp;&nbsp;&nbsp;BSP_AUDIO_OUT_Init
</UL>

<P><STRONG><a name="[221]"></a>BSP_AUDIO_OUT_Error_CallBack</STRONG> (Thumb, 2 bytes, Stack size 0 bytes, stm32469i_discovery_audio.o(i.BSP_AUDIO_OUT_Error_CallBack))
<BR><BR>[Called By]<UL><LI><a href="#[220]">&gt;&gt;</a>&nbsp;&nbsp;&nbsp;HAL_SAI_ErrorCallback
</UL>

<P><STRONG><a name="[22a]"></a>BSP_AUDIO_OUT_HalfTransfer_CallBack</STRONG> (Thumb, 28 bytes, Stack size 0 bytes, user_musicplayer.o(i.BSP_AUDIO_OUT_HalfTransfer_CallBack))
<BR><BR>[Called By]<UL><LI><a href="#[229]">&gt;&gt;</a>&nbsp;&nbsp;&nbsp;HAL_SAI_TxHalfCpltCallback
</UL>

<P><STRONG><a name="[127]"></a>BSP_AUDIO_OUT_Init</STRONG> (Thumb, 252 bytes, Stack size 32 bytes, stm32469i_discovery_audio.o(i.BSP_AUDIO_OUT_Init))
<BR><BR>[Stack]<UL><LI>Max Depth = 144<LI>Call Chain = BSP_AUDIO_OUT_Init &rArr; BSP_AUDIO_OUT_ClockConfig &rArr; HAL_RCCEx_PeriphCLKConfig
</UL>
<BR>[Calls]<UL><LI><a href="#[157]">&gt;&gt;</a>&nbsp;&nbsp;&nbsp;HAL_Delay
<LI><a href="#[156]">&gt;&gt;</a>&nbsp;&nbsp;&nbsp;HAL_GPIO_WritePin
<LI><a href="#[155]">&gt;&gt;</a>&nbsp;&nbsp;&nbsp;HAL_SAI_Init
<LI><a href="#[153]">&gt;&gt;</a>&nbsp;&nbsp;&nbsp;HAL_SAI_GetState
<LI><a href="#[152]">&gt;&gt;</a>&nbsp;&nbsp;&nbsp;HAL_SAI_DeInit
<LI><a href="#[154]">&gt;&gt;</a>&nbsp;&nbsp;&nbsp;BSP_AUDIO_OUT_MspInit
<LI><a href="#[14f]">&gt;&gt;</a>&nbsp;&nbsp;&nbsp;BSP_AUDIO_OUT_ClockConfig
</UL>
<BR>[Called By]<UL><LI><a href="#[126]">&gt;&gt;</a>&nbsp;&nbsp;&nbsp;AUDIO_PLAYER_Init
<LI><a href="#[279]">&gt;&gt;</a>&nbsp;&nbsp;&nbsp;Mp3Play_init
<LI><a href="#[143]">&gt;&gt;</a>&nbsp;&nbsp;&nbsp;Demo_Mp3Parsing
<LI><a href="#[135]">&gt;&gt;</a>&nbsp;&nbsp;&nbsp;AUDIO_PLAYER_Start
</UL>

<P><STRONG><a name="[154]"></a>BSP_AUDIO_OUT_MspInit</STRONG> (Thumb, 272 bytes, Stack size 64 bytes, stm32469i_discovery_audio.o(i.BSP_AUDIO_OUT_MspInit))
<BR><BR>[Stack]<UL><LI>Max Depth = 104<LI>Call Chain = BSP_AUDIO_OUT_MspInit &rArr; HAL_GPIO_Init
</UL>
<BR>[Calls]<UL><LI><a href="#[15a]">&gt;&gt;</a>&nbsp;&nbsp;&nbsp;HAL_DMA_Init
<LI><a href="#[159]">&gt;&gt;</a>&nbsp;&nbsp;&nbsp;HAL_DMA_DeInit
<LI><a href="#[15c]">&gt;&gt;</a>&nbsp;&nbsp;&nbsp;HAL_NVIC_EnableIRQ
[...]
<BR><BR>[Stack]<UL><LI>Max Depth = 16<LI>Call Chain = prepare_for_output_pass
</UL>
<BR>[Address Reference Count : 1]<UL><LI> jdmaster.o(i.jinit_master_decompress)
</UL>
<P><STRONG><a name="[cf]"></a>h2v1_merged_upsample</STRONG> (Thumb, 248 bytes, Stack size 56 bytes, jdmerge.o(i.h2v1_merged_upsample))
<BR><BR>[Stack]<UL><LI>Max Depth = 56<LI>Call Chain = h2v1_merged_upsample
</UL>
<BR>[Address Reference Count : 1]<UL><LI> jdmerge.o(i.jinit_merged_upsampler)
</UL>
<P><STRONG><a name="[d1]"></a>h2v2_merged_upsample</STRONG> (Thumb, 380 bytes, Stack size 64 bytes, jdmerge.o(i.h2v2_merged_upsample))
<BR><BR>[Stack]<UL><LI>Max Depth = 64<LI>Call Chain = h2v2_merged_upsample
</UL>
<BR>[Address Reference Count : 1]<UL><LI> jdmerge.o(i.jinit_merged_upsampler)
</UL>
<P><STRONG><a name="[ce]"></a>merged_1v_upsample</STRONG> (Thumb, 40 bytes, Stack size 16 bytes, jdmerge.o(i.merged_1v_upsample))
<BR><BR>[Stack]<UL><LI>Max Depth = 16<LI>Call Chain = merged_1v_upsample
</UL>
<BR>[Address Reference Count : 1]<UL><LI> jdmerge.o(i.jinit_merged_upsampler)
</UL>
<P><STRONG><a name="[d0]"></a>merged_2v_upsample</STRONG> (Thumb, 162 bytes, Stack size 48 bytes, jdmerge.o(i.merged_2v_upsample))
<BR><BR>[Stack]<UL><LI>Max Depth = 80<LI>Call Chain = merged_2v_upsample &rArr; jcopy_sample_rows &rArr; __aeabi_memcpy
</UL>
<BR>[Calls]<UL><LI><a href="#[2e2]">&gt;&gt;</a>&nbsp;&nbsp;&nbsp;jcopy_sample_rows
</UL>
<BR>[Address Reference Count : 1]<UL><LI> jdmerge.o(i.jinit_merged_upsampler)
</UL>
<P><STRONG><a name="[cd]"></a>start_pass_merged_upsample</STRONG> (Thumb, 14 bytes, Stack size 0 bytes, jdmerge.o(i.start_pass_merged_upsample))
<BR>[Address Reference Count : 1]<UL><LI> jdmerge.o(i.jinit_merged_upsampler)
</UL>
<P><STRONG><a name="[f7]"></a>post_process_1pass</STRONG> (Thumb, 102 bytes, Stack size 40 bytes, jdpostct.o(i.post_process_1pass))
<BR><BR>[Stack]<UL><LI>Max Depth = 40<LI>Call Chain = post_process_1pass
</UL>
<BR>[Address Reference Count : 1]<UL><LI> jdpostct.o(i.start_pass_dpost)
</UL>
<P><STRONG><a name="[f9]"></a>post_process_2pass</STRONG> (Thumb, 140 bytes, Stack size 40 bytes, jdpostct.o(i.post_process_2pass))
<BR><BR>[Stack]<UL><LI>Max Depth = 40<LI>Call Chain = post_process_2pass
</UL>
<BR>[Address Reference Count : 1]<UL><LI> jdpostct.o(i.start_pass_dpost)
</UL>
<P><STRONG><a name="[f8]"></a>post_process_prepass</STRONG> (Thumb, 152 bytes, Stack size 48 bytes, jdpostct.o(i.post_process_prepass))
<BR><BR>[Stack]<UL><LI>Max Depth = 48<LI>Call Chain = post_process_prepass
</UL>
<BR>[Address Reference Count : 1]<UL><LI> jdpostct.o(i.start_pass_dpost)
</UL>
<P><STRONG><a name="[b5]"></a>start_pass_dpost</STRONG> (Thumb, 122 bytes, Stack size 16 bytes, jdpostct.o(i.start_pass_dpost))
<BR><BR>[Stack]<UL><LI>Max Depth = 16<LI>Call Chain = start_pass_dpost
</UL>
<BR>[Address Reference Count : 1]<UL><LI> jdpostct.o(i.jinit_d_post_controller)
</UL>
<P><STRONG><a name="[d5]"></a>fullsize_upsample</STRONG> (Thumb, 4 bytes, Stack size 0 bytes, jdsample.o(i.fullsize_upsample))
<BR>[Address Reference Count : 1]<UL><LI> jdsample.o(i.jinit_upsampler)
</UL>
<P><STRONG><a name="[d6]"></a>h2v1_upsample</STRONG> (Thumb, 70 bytes, Stack size 12 bytes, jdsample.o(i.h2v1_upsample))
<BR><BR>[Stack]<UL><LI>Max Depth = 12<LI>Call Chain = h2v1_upsample
</UL>
<BR>[Address Reference Count : 1]<UL><LI> jdsample.o(i.jinit_upsampler)
</UL>
<P><STRONG><a name="[d7]"></a>h2v2_upsample</STRONG> (Thumb, 104 bytes, Stack size 40 bytes, jdsample.o(i.h2v2_upsample))
<BR><BR>[Stack]<UL><LI>Max Depth = 72<LI>Call Chain = h2v2_upsample &rArr; jcopy_sample_rows &rArr; __aeabi_memcpy
</UL>
<BR>[Calls]<UL><LI><a href="#[2e2]">&gt;&gt;</a>&nbsp;&nbsp;&nbsp;jcopy_sample_rows
</UL>
<BR>[Address Reference Count : 1]<UL><LI> jdsample.o(i.jinit_upsampler)
</UL>
<P><STRONG><a name="[d8]"></a>int_upsample</STRONG> (Thumb, 160 bytes, Stack size 48 bytes, jdsample.o(i.int_upsample))
<BR><BR>[Stack]<UL><LI>Max Depth = 80<LI>Call Chain = int_upsample &rArr; jcopy_sample_rows &rArr; __aeabi_memcpy
</UL>
<BR>[Calls]<UL><LI><a href="#[2e2]">&gt;&gt;</a>&nbsp;&nbsp;&nbsp;jcopy_sample_rows
</UL>
<BR>[Address Reference Count : 1]<UL><LI> jdsample.o(i.jinit_upsampler)
</UL>
<P><STRONG><a name="[d4]"></a>noop_upsample</STRONG> (Thumb, 6 bytes, Stack size 0 bytes, jdsample.o(i.noop_upsample))
<BR>[Address Reference Count : 1]<UL><LI> jdsample.o(i.jinit_upsampler)
</UL>
<P><STRONG><a name="[d3]"></a>sep_upsample</STRONG> (Thumb, 192 bytes, Stack size 40 bytes, jdsample.o(i.sep_upsample))
<BR><BR>[Stack]<UL><LI>Max Depth = 40<LI>Call Chain = sep_upsample
</UL>
<BR>[Address Reference Count : 1]<UL><LI> jdsample.o(i.jinit_upsampler)
</UL>
<P><STRONG><a name="[d2]"></a>start_pass_upsample</STRONG> (Thumb, 16 bytes, Stack size 0 bytes, jdsample.o(i.start_pass_upsample))
<BR>[Address Reference Count : 1]<UL><LI> jdsample.o(i.jinit_upsampler)
</UL>
<P><STRONG><a name="[df]"></a>emit_message</STRONG> (Thumb, 48 bytes, Stack size 8 bytes, jerror.o(i.emit_message))
<BR><BR>[Stack]<UL><LI>Max Depth = 8<LI>Call Chain = emit_message
</UL>
<BR>[Address Reference Count : 1]<UL><LI> jerror.o(i.jpeg_std_error)
</UL>
<P><STRONG><a name="[de]"></a>error_exit</STRONG> (Thumb, 22 bytes, Stack size 8 bytes, jerror.o(i.error_exit))
<BR><BR>[Stack]<UL><LI>Max Depth = 16<LI>Call Chain = error_exit &rArr; jpeg_destroy
</UL>
<BR>[Calls]<UL><LI><a href="#[2d3]">&gt;&gt;</a>&nbsp;&nbsp;&nbsp;jpeg_destroy
</UL>
<BR>[Address Reference Count : 1]<UL><LI> jerror.o(i.jpeg_std_error)
</UL>
<P><STRONG><a name="[e1]"></a>format_message</STRONG> (Thumb, 150 bytes, Stack size 40 bytes, jerror.o(i.format_message))
<BR><BR>[Stack]<UL><LI>Max Depth = 64<LI>Call Chain = format_message &rArr; __2sprintf
</UL>
<BR>[Calls]<UL><LI><a href="#[13e]">&gt;&gt;</a>&nbsp;&nbsp;&nbsp;__2sprintf
</UL>
<BR>[Address Reference Count : 1]<UL><LI> jerror.o(i.jpeg_std_error)
</UL>
<P><STRONG><a name="[e0]"></a>output_message</STRONG> (Thumb, 16 bytes, Stack size 208 bytes, jerror.o(i.output_message))
<BR><BR>[Stack]<UL><LI>Max Depth = 208<LI>Call Chain = output_message
</UL>
<BR>[Address Reference Count : 1]<UL><LI> jerror.o(i.jpeg_std_error)
</UL>
<P><STRONG><a name="[e2]"></a>reset_error_mgr</STRONG> (Thumb, 12 bytes, Stack size 0 bytes, jerror.o(i.reset_error_mgr))
<BR>[Address Reference Count : 1]<UL><LI> jerror.o(i.jpeg_std_error)
</UL>
<P><STRONG><a name="[ca]"></a>access_virt_barray</STRONG> (Thumb, 524 bytes, Stack size 48 bytes, jmemmgr.o(i.access_virt_barray))
<BR><BR>[Stack]<UL><LI>Max Depth = 48<LI>Call Chain = access_virt_barray
</UL>
<BR>[Calls]<UL><LI><a href="#[10a]">&gt;&gt;</a>&nbsp;&nbsp;&nbsp;__aeabi_memclr
</UL>
<BR>[Address Reference Count : 1]<UL><LI> jmemmgr.o(i.jinit_memory_mgr)
</UL>
<P><STRONG><a name="[c9]"></a>access_virt_sarray</STRONG> (Thumb, 518 bytes, Stack size 48 bytes, jmemmgr.o(i.access_virt_sarray))
<BR><BR>[Stack]<UL><LI>Max Depth = 48<LI>Call Chain = access_virt_sarray
</UL>
<BR>[Calls]<UL><LI><a href="#[10a]">&gt;&gt;</a>&nbsp;&nbsp;&nbsp;__aeabi_memclr
</UL>
<BR>[Address Reference Count : 1]<UL><LI> jmemmgr.o(i.jinit_memory_mgr)
</UL>
<P><STRONG><a name="[c5]"></a>alloc_barray</STRONG> (Thumb, 328 bytes, Stack size 56 bytes, jmemmgr.o(i.alloc_barray))
<BR><BR>[Stack]<UL><LI>Max Depth = 116<LI>Call Chain = alloc_barray &rArr; alloc_small &rArr; jpeg_get_small &rArr; malloc
</UL>
<BR>[Calls]<UL><LI><a href="#[2bb]">&gt;&gt;</a>&nbsp;&nbsp;&nbsp;jpeg_get_large
<LI><a href="#[c2]">&gt;&gt;</a>&nbsp;&nbsp;&nbsp;alloc_small
</UL>
<BR>[Address Reference Count : 1]<UL><LI> jmemmgr.o(i.jinit_memory_mgr)
</UL>
<P><STRONG><a name="[c3]"></a>alloc_large</STRONG> (Thumb, 150 bytes, Stack size 32 bytes, jmemmgr.o(i.alloc_large))
<BR><BR>[Stack]<UL><LI>Max Depth = 52<LI>Call Chain = alloc_large &rArr; jpeg_get_large &rArr; malloc
</UL>
<BR>[Calls]<UL><LI><a href="#[2bb]">&gt;&gt;</a>&nbsp;&nbsp;&nbsp;jpeg_get_large
</UL>
<BR>[Address Reference Count : 1]<UL><LI> jmemmgr.o(i.jinit_memory_mgr)
</UL>
<P><STRONG><a name="[c4]"></a>alloc_sarray</STRONG> (Thumb, 294 bytes, Stack size 56 bytes, jmemmgr.o(i.alloc_sarray))
<BR><BR>[Stack]<UL><LI>Max Depth = 116<LI>Call Chain = alloc_sarray &rArr; alloc_small &rArr; jpeg_get_small &rArr; malloc
</UL>
<BR>[Calls]<UL><LI><a href="#[2bb]">&gt;&gt;</a>&nbsp;&nbsp;&nbsp;jpeg_get_large
<LI><a href="#[c2]">&gt;&gt;</a>&nbsp;&nbsp;&nbsp;alloc_small
</UL>
<BR>[Address Reference Count : 1]<UL><LI> jmemmgr.o(i.jinit_memory_mgr)
</UL>
<P><STRONG><a name="[c2]"></a>alloc_small</STRONG> (Thumb, 256 bytes, Stack size 40 bytes, jmemmgr.o(i.alloc_small))
<BR><BR>[Stack]<UL><LI>Max Depth = 60<LI>Call Chain = alloc_small &rArr; jpeg_get_small &rArr; malloc
</UL>
<BR>[Calls]<UL><LI><a href="#[2bc]">&gt;&gt;</a>&nbsp;&nbsp;&nbsp;jpeg_get_small
</UL>
<BR>[Called By]<UL><LI><a href="#[c6]">&gt;&gt;</a>&nbsp;&nbsp;&nbsp;request_virt_sarray
<LI><a href="#[c7]">&gt;&gt;</a>&nbsp;&nbsp;&nbsp;request_virt_barray
<LI><a href="#[c8]">&gt;&gt;</a>&nbsp;&nbsp;&nbsp;realize_virt_arrays
<LI><a href="#[c4]">&gt;&gt;</a>&nbsp;&nbsp;&nbsp;alloc_sarray
<LI><a href="#[c5]">&gt;&gt;</a>&nbsp;&nbsp;&nbsp;alloc_barray
</UL>
<BR>[Address Reference Count : 1]<UL><LI> jmemmgr.o(i.jinit_memory_mgr)
</UL>
<P><STRONG><a name="[cb]"></a>free_pool</STRONG> (Thumb, 198 bytes, Stack size 32 bytes, jmemmgr.o(i.free_pool))
<BR><BR>[Stack]<UL><LI>Max Depth = 40<LI>Call Chain = free_pool &rArr; jpeg_free_small &rArr; free
</UL>
<BR>[Calls]<UL><LI><a href="#[2e1]">&gt;&gt;</a>&nbsp;&nbsp;&nbsp;jpeg_free_small
<LI><a href="#[2e0]">&gt;&gt;</a>&nbsp;&nbsp;&nbsp;jpeg_free_large
</UL>
<BR>[Address Reference Count : 1]<UL><LI> jmemmgr.o(i.jinit_memory_mgr)
</UL>
<P><STRONG><a name="[c8]"></a>realize_virt_arrays</STRONG> (Thumb, 914 bytes, Stack size 64 bytes, jmemmgr.o(i.realize_virt_arrays))
<BR><BR>[Stack]<UL><LI>Max Depth = 124<LI>Call Chain = realize_virt_arrays &rArr; alloc_small &rArr; jpeg_get_small &rArr; malloc
</UL>
<BR>[Calls]<UL><LI><a href="#[308]">&gt;&gt;</a>&nbsp;&nbsp;&nbsp;jpeg_open_backing_store
<LI><a href="#[307]">&gt;&gt;</a>&nbsp;&nbsp;&nbsp;jpeg_mem_available
<LI><a href="#[2bb]">&gt;&gt;</a>&nbsp;&nbsp;&nbsp;jpeg_get_large
<LI><a href="#[c2]">&gt;&gt;</a>&nbsp;&nbsp;&nbsp;alloc_small
</UL>
<BR>[Address Reference Count : 1]<UL><LI> jmemmgr.o(i.jinit_memory_mgr)
</UL>
<P><STRONG><a name="[c7]"></a>request_virt_barray</STRONG> (Thumb, 76 bytes, Stack size 32 bytes, jmemmgr.o(i.request_virt_barray))
<BR><BR>[Stack]<UL><LI>Max Depth = 92<LI>Call Chain = request_virt_barray &rArr; alloc_small &rArr; jpeg_get_small &rArr; malloc
</UL>
<BR>[Calls]<UL><LI><a href="#[c2]">&gt;&gt;</a>&nbsp;&nbsp;&nbsp;alloc_small
</UL>
<BR>[Address Reference Count : 1]<UL><LI> jmemmgr.o(i.jinit_memory_mgr)
</UL>
<P><STRONG><a name="[c6]"></a>request_virt_sarray</STRONG> (Thumb, 76 bytes, Stack size 32 bytes, jmemmgr.o(i.request_virt_sarray))
<BR><BR>[Stack]<UL><LI>Max Depth = 92<LI>Call Chain = request_virt_sarray &rArr; alloc_small &rArr; jpeg_get_small &rArr; malloc
</UL>
<BR>[Calls]<UL><LI><a href="#[c2]">&gt;&gt;</a>&nbsp;&nbsp;&nbsp;alloc_small
</UL>
<BR>[Address Reference Count : 1]<UL><LI> jmemmgr.o(i.jinit_memory_mgr)
</UL>
<P><STRONG><a name="[cc]"></a>self_destruct</STRONG> (Thumb, 232 bytes, Stack size 40 bytes, jmemmgr.o(i.self_destruct))
<BR><BR>[Stack]<UL><LI>Max Depth = 48<LI>Call Chain = self_destruct &rArr; jpeg_free_small &rArr; free
</UL>
<BR>[Calls]<UL><LI><a href="#[2f5]">&gt;&gt;</a>&nbsp;&nbsp;&nbsp;jpeg_mem_term
<LI><a href="#[2e1]">&gt;&gt;</a>&nbsp;&nbsp;&nbsp;jpeg_free_small
<LI><a href="#[2e0]">&gt;&gt;</a>&nbsp;&nbsp;&nbsp;jpeg_free_large
</UL>
<BR>[Address Reference Count : 1]<UL><LI> jmemmgr.o(i.jinit_memory_mgr)
</UL>
<P><STRONG><a name="[ed]"></a>color_quantize</STRONG> (Thumb, 152 bytes, Stack size 56 bytes, jquant1.o(i.color_quantize))
<BR><BR>[Stack]<UL><LI>Max Depth = 56<LI>Call Chain = color_quantize
</UL>
<BR>[Address Reference Count : 1]<UL><LI> jquant1.o(i.start_pass_1_quant)
</UL>
<P><STRONG><a name="[ee]"></a>color_quantize3</STRONG> (Thumb, 104 bytes, Stack size 32 bytes, jquant1.o(i.color_quantize3))
<BR><BR>[Stack]<UL><LI>Max Depth = 32<LI>Call Chain = color_quantize3
</UL>
<BR>[Address Reference Count : 1]<UL><LI> jquant1.o(i.start_pass_1_quant)
</UL>
<P><STRONG><a name="[2e4]"></a>create_colorindex</STRONG> (Thumb, 226 bytes, Stack size 40 bytes, jquant1.o(i.create_colorindex))
<BR><BR>[Stack]<UL><LI>Max Depth = 40<LI>Call Chain = create_colorindex
</UL>
<BR>[Called By]<UL><LI><a href="#[2e3]">&gt;&gt;</a>&nbsp;&nbsp;&nbsp;jinit_1pass_quantizer
<LI><a href="#[a2]">&gt;&gt;</a>&nbsp;&nbsp;&nbsp;start_pass_1_quant
</UL>

<P><STRONG><a name="[a3]"></a>finish_pass_1_quant</STRONG> (Thumb, 2 bytes, Stack size 0 bytes, jquant1.o(i.finish_pass_1_quant))
<BR>[Address Reference Count : 1]<UL><LI> jquant1.o(i.jinit_1pass_quantizer)
</UL>
<P><STRONG><a name="[a4]"></a>new_color_map_1_quant</STRONG> (Thumb, 12 bytes, Stack size 0 bytes, jquant1.o(i.new_color_map_1_quant))
<BR>[Address Reference Count : 1]<UL><LI> jquant1.o(i.jinit_1pass_quantizer)
</UL>
<P><STRONG><a name="[f0]"></a>quantize3_ord_dither</STRONG> (Thumb, 186 bytes, Stack size 64 bytes, jquant1.o(i.quantize3_ord_dither))
<BR><BR>[Stack]<UL><LI>Max Depth = 64<LI>Call Chain = quantize3_ord_dither
</UL>
<BR>[Address Reference Count : 1]<UL><LI> jquant1.o(i.start_pass_1_quant)
</UL>
<P><STRONG><a name="[f1]"></a>quantize_fs_dither</STRONG> (Thumb, 330 bytes, Stack size 144 bytes, jquant1.o(i.quantize_fs_dither))
<BR><BR>[Stack]<UL><LI>Max Depth = 144<LI>Call Chain = quantize_fs_dither
</UL>
<BR>[Calls]<UL><LI><a href="#[10a]">&gt;&gt;</a>&nbsp;&nbsp;&nbsp;__aeabi_memclr
</UL>
<BR>[Address Reference Count : 1]<UL><LI> jquant1.o(i.start_pass_1_quant)
</UL>
<P><STRONG><a name="[ef]"></a>quantize_ord_dither</STRONG> (Thumb, 154 bytes, Stack size 56 bytes, jquant1.o(i.quantize_ord_dither))
<BR><BR>[Stack]<UL><LI>Max Depth = 56<LI>Call Chain = quantize_ord_dither
</UL>
<BR>[Calls]<UL><LI><a href="#[10a]">&gt;&gt;</a>&nbsp;&nbsp;&nbsp;__aeabi_memclr
</UL>
<BR>[Address Reference Count : 1]<UL><LI> jquant1.o(i.start_pass_1_quant)
</UL>
<P><STRONG><a name="[a2]"></a>start_pass_1_quant</STRONG> (Thumb, 388 bytes, Stack size 32 bytes, jquant1.o(i.start_pass_1_quant))
<BR><BR>[Stack]<UL><LI>Max Depth = 72<LI>Call Chain = start_pass_1_quant &rArr; create_colorindex
</UL>
<BR>[Calls]<UL><LI><a href="#[2e4]">&gt;&gt;</a>&nbsp;&nbsp;&nbsp;create_colorindex
<LI><a href="#[10a]">&gt;&gt;</a>&nbsp;&nbsp;&nbsp;__aeabi_memclr
</UL>
<BR>[Address Reference Count : 1]<UL><LI> jquant1.o(i.jinit_1pass_quantizer)
</UL>
<P><STRONG><a name="[301]"></a>fill_inverse_cmap</STRONG> (Thumb, 834 bytes, Stack size 1552 bytes, jquant2.o(i.fill_inverse_cmap))
<BR><BR>[Stack]<UL><LI>Max Depth = 1552<LI>Call Chain = fill_inverse_cmap
</UL>
<BR>[Called By]<UL><LI><a href="#[f4]">&gt;&gt;</a>&nbsp;&nbsp;&nbsp;pass2_no_dither
<LI><a href="#[f5]">&gt;&gt;</a>&nbsp;&nbsp;&nbsp;pass2_fs_dither
</UL>

<P><STRONG><a name="[f3]"></a>finish_pass1</STRONG> (Thumb, 648 bytes, Stack size 96 bytes, jquant2.o(i.finish_pass1))
<BR><BR>[Stack]<UL><LI>Max Depth = 144<LI>Call Chain = finish_pass1 &rArr; update_box
</UL>
<BR>[Calls]<UL><LI><a href="#[2df]">&gt;&gt;</a>&nbsp;&nbsp;&nbsp;update_box
</UL>
<BR>[Address Reference Count : 1]<UL><LI> jquant2.o(i.start_pass_2_quant)
</UL>
<P><STRONG><a name="[f6]"></a>finish_pass2</STRONG> (Thumb, 2 bytes, Stack size 0 bytes, jquant2.o(i.finish_pass2))
<BR>[Address Reference Count : 1]<UL><LI> jquant2.o(i.start_pass_2_quant)
</UL>
<P><STRONG><a name="[2e6]"></a>init_error_limit</STRONG> (Thumb, 188 bytes, Stack size 24 bytes, jquant2.o(i.init_error_limit))
<BR><BR>[Stack]<UL><LI>Max Depth = 24<LI>Call Chain = init_error_limit
</UL>
<BR>[Called By]<UL><LI><a href="#[2e5]">&gt;&gt;</a>&nbsp;&nbsp;&nbsp;jinit_2pass_quantizer
<LI><a href="#[a5]">&gt;&gt;</a>&nbsp;&nbsp;&nbsp;start_pass_2_quant
</UL>

<P><STRONG><a name="[a6]"></a>new_color_map_2_quant</STRONG> (Thumb, 10 bytes, Stack size 0 bytes, jquant2.o(i.new_color_map_2_quant))
<BR>[Address Reference Count : 1]<UL><LI> jquant2.o(i.jinit_2pass_quantizer)
</UL>
<P><STRONG><a name="[f5]"></a>pass2_fs_dither</STRONG> (Thumb, 494 bytes, Stack size 176 bytes, jquant2.o(i.pass2_fs_dither))
<BR><BR>[Stack]<UL><LI>Max Depth = 1728<LI>Call Chain = pass2_fs_dither &rArr; fill_inverse_cmap
</UL>
<BR>[Calls]<UL><LI><a href="#[301]">&gt;&gt;</a>&nbsp;&nbsp;&nbsp;fill_inverse_cmap
</UL>
<BR>[Address Reference Count : 1]<UL><LI> jquant2.o(i.start_pass_2_quant)
</UL>
<P><STRONG><a name="[f4]"></a>pass2_no_dither</STRONG> (Thumb, 128 bytes, Stack size 56 bytes, jquant2.o(i.pass2_no_dither))
<BR><BR>[Stack]<UL><LI>Max Depth = 1608<LI>Call Chain = pass2_no_dither &rArr; fill_inverse_cmap
</UL>
<BR>[Calls]<UL><LI><a href="#[301]">&gt;&gt;</a>&nbsp;&nbsp;&nbsp;fill_inverse_cmap
</UL>
<BR>[Address Reference Count : 1]<UL><LI> jquant2.o(i.start_pass_2_quant)
</UL>
<P><STRONG><a name="[f2]"></a>prescan_quantize</STRONG> (Thumb, 120 bytes, Stack size 20 bytes, jquant2.o(i.prescan_quantize))
<BR><BR>[Stack]<UL><LI>Max Depth = 20<LI>Call Chain = prescan_quantize
</UL>
<BR>[Address Reference Count : 1]<UL><LI> jquant2.o(i.start_pass_2_quant)
</UL>
<P><STRONG><a name="[a5]"></a>start_pass_2_quant</STRONG> (Thumb, 212 bytes, Stack size 24 bytes, jquant2.o(i.start_pass_2_quant))
<BR><BR>[Stack]<UL><LI>Max Depth = 48<LI>Call Chain = start_pass_2_quant &rArr; init_error_limit
</UL>
<BR>[Calls]<UL><LI><a href="#[2e6]">&gt;&gt;</a>&nbsp;&nbsp;&nbsp;init_error_limit
<LI><a href="#[10a]">&gt;&gt;</a>&nbsp;&nbsp;&nbsp;__aeabi_memclr
</UL>
<BR>[Address Reference Count : 1]<UL><LI> jquant2.o(i.jinit_2pass_quantizer)
</UL>
<P><STRONG><a name="[2df]"></a>update_box</STRONG> (Thumb, 650 bytes, Stack size 48 bytes, jquant2.o(i.update_box))
<BR><BR>[Stack]<UL><LI>Max Depth = 48<LI>Call Chain = update_box
</UL>
<BR>[Called By]<UL><LI><a href="#[f3]">&gt;&gt;</a>&nbsp;&nbsp;&nbsp;finish_pass1
</UL>

<P><STRONG><a name="[2b6]"></a>_fp_digits</STRONG> (Thumb, 366 bytes, Stack size 64 bytes, printfa.o(i._fp_digits), UNUSED)
<BR><BR>[Calls]<UL><LI><a href="#[114]">&gt;&gt;</a>&nbsp;&nbsp;&nbsp;__aeabi_dmul
<LI><a href="#[115]">&gt;&gt;</a>&nbsp;&nbsp;&nbsp;__aeabi_ddiv
<LI><a href="#[10d]">&gt;&gt;</a>&nbsp;&nbsp;&nbsp;__aeabi_dadd
<LI><a href="#[119]">&gt;&gt;</a>&nbsp;&nbsp;&nbsp;__aeabi_uldivmod
<LI><a href="#[11b]">&gt;&gt;</a>&nbsp;&nbsp;&nbsp;__aeabi_d2ulz
<LI><a href="#[2b7]">&gt;&gt;</a>&nbsp;&nbsp;&nbsp;__aeabi_cdrcmple
</UL>
<BR>[Called By]<UL><LI><a href="#[2b4]">&gt;&gt;</a>&nbsp;&nbsp;&nbsp;_printf_core
</UL>

<P><STRONG><a name="[2b4]"></a>_printf_core</STRONG> (Thumb, 1704 bytes, Stack size 136 bytes, printfa.o(i._printf_core), UNUSED)
<BR><BR>[Calls]<UL><LI><a href="#[119]">&gt;&gt;</a>&nbsp;&nbsp;&nbsp;__aeabi_uldivmod
<LI><a href="#[2ba]">&gt;&gt;</a>&nbsp;&nbsp;&nbsp;__aeabi_uidivmod
<LI><a href="#[2b8]">&gt;&gt;</a>&nbsp;&nbsp;&nbsp;_printf_pre_padding
<LI><a href="#[2b9]">&gt;&gt;</a>&nbsp;&nbsp;&nbsp;_printf_post_padding
<LI><a href="#[2b6]">&gt;&gt;</a>&nbsp;&nbsp;&nbsp;_fp_digits
</UL>
<BR>[Called By]<UL><LI><a href="#[2b5]">&gt;&gt;</a>&nbsp;&nbsp;&nbsp;__0sprintf
<LI><a href="#[2b3]">&gt;&gt;</a>&nbsp;&nbsp;&nbsp;__0printf
</UL>

<P><STRONG><a name="[2b9]"></a>_printf_post_padding</STRONG> (Thumb, 36 bytes, Stack size 24 bytes, printfa.o(i._printf_post_padding), UNUSED)
<BR><BR>[Called By]<UL><LI><a href="#[2b4]">&gt;&gt;</a>&nbsp;&nbsp;&nbsp;_printf_core
</UL>

<P><STRONG><a name="[2b8]"></a>_printf_pre_padding</STRONG> (Thumb, 46 bytes, Stack size 24 bytes, printfa.o(i._printf_pre_padding), UNUSED)
<BR><BR>[Called By]<UL><LI><a href="#[2b4]">&gt;&gt;</a>&nbsp;&nbsp;&nbsp;_printf_core
</UL>

<P><STRONG><a name="[a0]"></a>_sputc</STRONG> (Thumb, 10 bytes, Stack size 0 bytes, printfa.o(i._sputc))
<BR><BR>[Called By]<UL><LI><a href="#[2b5]">&gt;&gt;</a>&nbsp;&nbsp;&nbsp;__0sprintf
</UL>
<BR>[Address Reference Count : 1]<UL><LI> printfa.o(i.__0sprintf)
</UL><P>
<H3>
Undefined Global Symbols
</H3><HR></body></html>
